#
# There is insufficient memory for the Java Runtime Environment to continue.
# Native memory allocation (malloc) failed to allocate 1773136 bytes. Error detail: Chunk::new
# Possible reasons:
#   The system is out of physical RAM or swap space
#   This process is running with CompressedOops enabled, and the Java Heap may be blocking the growth of the native heap
# Possible solutions:
#   Reduce memory load on the system
#   Increase physical memory or swap space
#   Check if swap backing store is full
#   Decrease Java heap size (-Xmx/-Xms)
#   Decrease number of Java threads
#   Decrease Java thread stack sizes (-Xss)
#   Set larger code cache with -XX:ReservedCodeCacheSize=
#   JVM is running with Unscaled Compressed Oops mode in which the Java heap is
#     placed in the first 4GB address space. The Java Heap base address is the
#     maximum limit for the native heap growth. Please use -XX:HeapBaseMinAddress
#     to set the Java Heap base and to place the Java Heap above 4GB virtual address.
# This output file may be truncated or incomplete.
#
#  Out of Memory Error (arena.cpp:168), pid=10528, tid=28052
#
# JRE version: OpenJDK Runtime Environment Temurin-21.0.11+10 (21.0.11+10) (build 21.0.11+10-LTS)
# Java VM: OpenJDK 64-Bit Server VM Temurin-21.0.11+10 (21.0.11+10-LTS, mixed mode, sharing, tiered, compressed oops, compressed class ptrs, g1 gc, windows-amd64)
# No core dump will be written. Minidumps are not enabled by default on client versions of Windows
#

---------------  S U M M A R Y ------------

Command Line: C:\Users\NyenT\AppData\Local\Temp\surefire6318071799685620406\surefirebooter-20260822144848347_3.jar C:\Users\NyenT\AppData\Local\Temp\surefire6318071799685620406 2026-08-22T14-48-48_135-jvmRun1 surefire-20260822144848347_1tmp surefire_0-20260822144848347_2tmp

Host: AMD Ryzen 5 7520U with Radeon Graphics         , 8 cores, 5G,  Windows 11 , 64 bit Build 26100 (10.0.26100.8875)
Time: Sat Aug 22 14:49:58 2026 Myanmar Standard Time elapsed time: 69.096069 seconds (0d 0h 1m 9s)

---------------  T H R E A D  ---------------

Current thread (0x000001f4caca8120):  JavaThread "C2 CompilerThread0" daemon [_thread_in_native, id=28052, stack(0x00000075d2d00000,0x00000075d2e00000) (1024K)]


Current CompileTask:
C2:69096 11166       4       org.springframework.core.annotation.TypeMappedAnnotations$AggregatesSpliterator::tryAdvance (153 bytes)

Stack: [0x00000075d2d00000,0x00000075d2e00000]
Native frames: (J=compiled Java code, j=interpreted, Vv=VM code, C=native code)
V  [jvm.dll+0x6d7e19]
V  [jvm.dll+0x8b5096]
V  [jvm.dll+0x8b764e]
V  [jvm.dll+0x8b7d33]
V  [jvm.dll+0x284596]
V  [jvm.dll+0xc685d]
V  [jvm.dll+0xc6da1]
V  [jvm.dll+0x3bed31]
V  [jvm.dll+0x38b2b2]
V  [jvm.dll+0x38a6fa]
V  [jvm.dll+0x24c700]
V  [jvm.dll+0x24bce0]
V  [jvm.dll+0x1cb4ae]
V  [jvm.dll+0x25baad]
V  [jvm.dll+0x25a03a]
V  [jvm.dll+0x3f868e]
V  [jvm.dll+0x85fb0d]
V  [jvm.dll+0x6d664d]
C  [ucrtbase.dll+0x2cd30]
C  [KERNEL32.DLL+0x2e957]
C  [ntdll.dll+0xaad6c]


---------------  P R O C E S S  ---------------

Threads class SMR info:
_java_thread_list=0x000001f51313ab10, length=16, elements={
0x000001f4ac7220a0, 0x000001f4cac7c150, 0x000001f4cac7ed70, 0x000001f4cac82ec0,
0x000001f4cac83db0, 0x000001f4cac89180, 0x000001f4cac89d90, 0x000001f4caca8120,
0x000001f4caccd120, 0x000001f5101097c0, 0x000001f51010ac20, 0x000001f514463360,
0x000001f5127db490, 0x000001f513c96d20, 0x000001f513c973f0, 0x000001f5127dbb20
}

Java Threads: ( => current thread )
  0x000001f4ac7220a0 JavaThread "main"                              [_thread_blocked, id=27760, stack(0x00000075d1f00000,0x00000075d2000000) (1024K)]
  0x000001f4cac7c150 JavaThread "Reference Handler"          daemon [_thread_blocked, id=17492, stack(0x00000075d2700000,0x00000075d2800000) (1024K)]
  0x000001f4cac7ed70 JavaThread "Finalizer"                  daemon [_thread_blocked, id=1552, stack(0x00000075d2800000,0x00000075d2900000) (1024K)]
  0x000001f4cac82ec0 JavaThread "Signal Dispatcher"          daemon [_thread_blocked, id=28456, stack(0x00000075d2900000,0x00000075d2a00000) (1024K)]
  0x000001f4cac83db0 JavaThread "Attach Listener"            daemon [_thread_blocked, id=19844, stack(0x00000075d2a00000,0x00000075d2b00000) (1024K)]
  0x000001f4cac89180 JavaThread "Service Thread"             daemon [_thread_blocked, id=20072, stack(0x00000075d2b00000,0x00000075d2c00000) (1024K)]
  0x000001f4cac89d90 JavaThread "Monitor Deflation Thread"   daemon [_thread_blocked, id=28556, stack(0x00000075d2c00000,0x00000075d2d00000) (1024K)]
=>0x000001f4caca8120 JavaThread "C2 CompilerThread0"         daemon [_thread_in_native, id=28052, stack(0x00000075d2d00000,0x00000075d2e00000) (1024K)]
  0x000001f4caccd120 JavaThread "C1 CompilerThread0"         daemon [_thread_blocked, id=7500, stack(0x00000075d2e00000,0x00000075d2f00000) (1024K)]
  0x000001f5101097c0 JavaThread "Notification Thread"        daemon [_thread_blocked, id=20916, stack(0x00000075d2f00000,0x00000075d3000000) (1024K)]
  0x000001f51010ac20 JavaThread "Common-Cleaner"             daemon [_thread_blocked, id=26748, stack(0x00000075d3000000,0x00000075d3100000) (1024K)]
  0x000001f514463360 JavaThread "PostgreSQL-JDBC-Cleaner"    daemon [_thread_blocked, id=27216, stack(0x00000075d3a00000,0x00000075d3b00000) (1024K)]
  0x000001f5127db490 JavaThread "HttpClient-1-SelectorManager" daemon [_thread_in_native, id=22392, stack(0x00000075d4000000,0x00000075d4100000) (1024K)]
  0x000001f513c96d20 JavaThread "C2 CompilerThread1"         daemon [_thread_blocked, id=27256, stack(0x00000075d1c00000,0x00000075d1d00000) (1024K)]
  0x000001f513c973f0 JavaThread "C2 CompilerThread2"         daemon [_thread_in_native, id=22940, stack(0x00000075d1d00000,0x00000075d1e00000) (1024K)]
  0x000001f5127dbb20 JavaThread "surefire-forkedjvm-last-ditch-daemon-shutdown-thread-30s" daemon [_thread_blocked, id=4864, stack(0x00000075d1e00000,0x00000075d1f00000) (1024K)]
Total: 16

Other Threads:
  0x000001f4cac5eeb0 VMThread "VM Thread"                           [id=15920, stack(0x00000075d2600000,0x00000075d2700000) (1024K)]
  0x000001f4cac4c6e0 WatcherThread "VM Periodic Task Thread"        [id=28172, stack(0x00000075d2500000,0x00000075d2600000) (1024K)]
  0x000001f4aeb9fed0 WorkerThread "GC Thread#0"                     [id=20284, stack(0x00000075d2000000,0x00000075d2100000) (1024K)]
  0x000001f510f63b80 WorkerThread "GC Thread#1"                     [id=27972, stack(0x00000075d3300000,0x00000075d3400000) (1024K)]
  0x000001f510f43480 WorkerThread "GC Thread#2"                     [id=25460, stack(0x00000075d3400000,0x00000075d3500000) (1024K)]
  0x000001f510fbdb20 WorkerThread "GC Thread#3"                     [id=25772, stack(0x00000075d3500000,0x00000075d3600000) (1024K)]
  0x000001f510f693e0 WorkerThread "GC Thread#4"                     [id=10748, stack(0x00000075d3600000,0x00000075d3700000) (1024K)]
  0x000001f510f4f180 WorkerThread "GC Thread#5"                     [id=19768, stack(0x00000075d3700000,0x00000075d3800000) (1024K)]
  0x000001f510f91760 WorkerThread "GC Thread#6"                     [id=6852, stack(0x00000075d3800000,0x00000075d3900000) (1024K)]
  0x000001f510f91f20 WorkerThread "GC Thread#7"                     [id=18356, stack(0x00000075d3900000,0x00000075d3a00000) (1024K)]
  0x000001f4aebad410 ConcurrentGCThread "G1 Main Marker"            [id=27852, stack(0x00000075d2100000,0x00000075d2200000) (1024K)]
  0x000001f4aebae640 WorkerThread "G1 Conc#0"                       [id=24944, stack(0x00000075d2200000,0x00000075d2300000) (1024K)]
  0x000001f5131d9140 WorkerThread "G1 Conc#1"                       [id=28416, stack(0x00000075d3c00000,0x00000075d3d00000) (1024K)]
  0x000001f4aec198d0 ConcurrentGCThread "G1 Refine#0"               [id=24388, stack(0x00000075d2300000,0x00000075d2400000) (1024K)]
  0x000001f4cab225b0 ConcurrentGCThread "G1 Service"                [id=29144, stack(0x00000075d2400000,0x00000075d2500000) (1024K)]
Total: 15

Threads with active compile tasks:
C2 CompilerThread0  69128 11166       4       org.springframework.core.annotation.TypeMappedAnnotations$AggregatesSpliterator::tryAdvance (153 bytes)
C2 CompilerThread2  69128 11265 % !   4       org.springframework.beans.factory.support.DefaultListableBeanFactory::doGetBeanNamesForType @ 20 (505 bytes)
Total: 2

VM state: not at safepoint (normal execution)

VM Mutex/Monitor currently owned by a thread: None

Heap address: 0x00000000a4200000, size: 1470 MB, Compressed Oops mode: 32-bit

CDS archive(s) mapped at: [0x000001f4cb000000-0x000001f4cbc80000-0x000001f4cbc80000), size 13107200, SharedBaseAddress: 0x000001f4cb000000, ArchiveRelocationMode: 1.
Compressed class space mapped at: 0x000001f4cc000000-0x000001f50c000000, reserved size: 1073741824
Narrow klass base: 0x000001f4cb000000, Narrow klass shift: 0, Narrow klass range: 0x100000000

GC Precious Log:
 CardTable entry size: 512
 Card Set container configuration: InlinePtr #cards 5 size 8 Array Of Cards #cards 12 size 40 Howl #buckets 4 coarsen threshold 1843 Howl Bitmap #cards 512 size 80 coarsen threshold 460 Card regions per heap region 1 cards per card region 2048
 CPUs: 8 total, 8 available
 Memory: 5877M
 Large Page Support: Disabled
 NUMA Support: Disabled
 Compressed Oops: Enabled (32-bit)
 Heap Region Size: 1M
 Heap Min Capacity: 8M
 Heap Initial Capacity: 92M
 Heap Max Capacity: 1470M
 Pre-touch: Disabled
 Parallel Workers: 8
 Concurrent Workers: 2
 Concurrent Refinement Workers: 8
 Periodic GC: Disabled

Heap:
 garbage-first heap   total 161792K, used 81009K [0x00000000a4200000, 0x0000000100000000)
  region size 1024K, 21 young (21504K), 7 survivors (7168K)
 Metaspace       used 86962K, committed 87872K, reserved 1179648K
  class space    used 11925K, committed 12352K, reserved 1048576K

Heap Regions: E=young(eden), S=young(survivor), O=old, HS=humongous(starts), HC=humongous(continues), CS=collection set, F=free, TAMS=top-at-mark-start, PB=parsable bottom
|   0|0x00000000a4200000, 0x00000000a4300000, 0x00000000a4300000|100%|HS|  |TAMS 0x00000000a4200000| PB 0x00000000a4200000| Complete 
|   1|0x00000000a4300000, 0x00000000a4400000, 0x00000000a4400000|100%| O|  |TAMS 0x00000000a4300000| PB 0x00000000a4300000| Untracked 
|   2|0x00000000a4400000, 0x00000000a4500000, 0x00000000a4500000|100%| O|  |TAMS 0x00000000a4400000| PB 0x00000000a4400000| Untracked 
|   3|0x00000000a4500000, 0x00000000a4600000, 0x00000000a4600000|100%| O|  |TAMS 0x00000000a4500000| PB 0x00000000a4500000| Untracked 
|   4|0x00000000a4600000, 0x00000000a4700000, 0x00000000a4700000|100%| O|  |TAMS 0x00000000a4600000| PB 0x00000000a4600000| Untracked 
|   5|0x00000000a4700000, 0x00000000a4800000, 0x00000000a4800000|100%| O|  |TAMS 0x00000000a4700000| PB 0x00000000a4700000| Untracked 
|   6|0x00000000a4800000, 0x00000000a4900000, 0x00000000a4900000|100%| O|  |TAMS 0x00000000a4800000| PB 0x00000000a4800000| Untracked 
|   7|0x00000000a4900000, 0x00000000a4a00000, 0x00000000a4a00000|100%| O|  |TAMS 0x00000000a4900000| PB 0x00000000a4900000| Untracked 
|   8|0x00000000a4a00000, 0x00000000a4b00000, 0x00000000a4b00000|100%| O|  |TAMS 0x00000000a4a00000| PB 0x00000000a4a00000| Untracked 
|   9|0x00000000a4b00000, 0x00000000a4c00000, 0x00000000a4c00000|100%| O|  |TAMS 0x00000000a4b00000| PB 0x00000000a4b00000| Untracked 
|  10|0x00000000a4c00000, 0x00000000a4d00000, 0x00000000a4d00000|100%| O|  |TAMS 0x00000000a4c00000| PB 0x00000000a4c00000| Untracked 
|  11|0x00000000a4d00000, 0x00000000a4e00000, 0x00000000a4e00000|100%| O|  |TAMS 0x00000000a4d00000| PB 0x00000000a4d00000| Untracked 
|  12|0x00000000a4e00000, 0x00000000a4f00000, 0x00000000a4f00000|100%| O|  |TAMS 0x00000000a4e00000| PB 0x00000000a4e00000| Untracked 
|  13|0x00000000a4f00000, 0x00000000a5000000, 0x00000000a5000000|100%| O|  |TAMS 0x00000000a4f00000| PB 0x00000000a4f00000| Untracked 
|  14|0x00000000a5000000, 0x00000000a5100000, 0x00000000a5100000|100%| O|  |TAMS 0x00000000a5000000| PB 0x00000000a5000000| Untracked 
|  15|0x00000000a5100000, 0x00000000a5200000, 0x00000000a5200000|100%| O|  |TAMS 0x00000000a5100000| PB 0x00000000a5100000| Untracked 
|  16|0x00000000a5200000, 0x00000000a5300000, 0x00000000a5300000|100%| O|  |TAMS 0x00000000a5200000| PB 0x00000000a5200000| Untracked 
|  17|0x00000000a5300000, 0x00000000a5400000, 0x00000000a5400000|100%| O|  |TAMS 0x00000000a5300000| PB 0x00000000a5300000| Untracked 
|  18|0x00000000a5400000, 0x00000000a5500000, 0x00000000a5500000|100%| O|  |TAMS 0x00000000a5400000| PB 0x00000000a5400000| Untracked 
|  19|0x00000000a5500000, 0x00000000a5600000, 0x00000000a5600000|100%| O|  |TAMS 0x00000000a5500000| PB 0x00000000a5500000| Untracked 
|  20|0x00000000a5600000, 0x00000000a5700000, 0x00000000a5700000|100%| O|  |TAMS 0x00000000a5600000| PB 0x00000000a5600000| Untracked 
|  21|0x00000000a5700000, 0x00000000a5800000, 0x00000000a5800000|100%| O|  |TAMS 0x00000000a5700000| PB 0x00000000a5700000| Untracked 
|  22|0x00000000a5800000, 0x00000000a5900000, 0x00000000a5900000|100%| O|  |TAMS 0x00000000a5800000| PB 0x00000000a5800000| Untracked 
|  23|0x00000000a5900000, 0x00000000a5a00000, 0x00000000a5a00000|100%| O|  |TAMS 0x00000000a5900000| PB 0x00000000a5900000| Untracked 
|  24|0x00000000a5a00000, 0x00000000a5b00000, 0x00000000a5b00000|100%| O|  |TAMS 0x00000000a5a00000| PB 0x00000000a5a00000| Untracked 
|  25|0x00000000a5b00000, 0x00000000a5c00000, 0x00000000a5c00000|100%| O|  |TAMS 0x00000000a5b00000| PB 0x00000000a5b00000| Untracked 
|  26|0x00000000a5c00000, 0x00000000a5d00000, 0x00000000a5d00000|100%| O|  |TAMS 0x00000000a5c00000| PB 0x00000000a5c00000| Untracked 
|  27|0x00000000a5d00000, 0x00000000a5e00000, 0x00000000a5e00000|100%| O|  |TAMS 0x00000000a5d00000| PB 0x00000000a5d00000| Untracked 
|  28|0x00000000a5e00000, 0x00000000a5f00000, 0x00000000a5f00000|100%| O|  |TAMS 0x00000000a5e00000| PB 0x00000000a5e00000| Untracked 
|  29|0x00000000a5f00000, 0x00000000a6000000, 0x00000000a6000000|100%| O|  |TAMS 0x00000000a5f00000| PB 0x00000000a5f00000| Untracked 
|  30|0x00000000a6000000, 0x00000000a6100000, 0x00000000a6100000|100%| O|  |TAMS 0x00000000a6000000| PB 0x00000000a6000000| Untracked 
|  31|0x00000000a6100000, 0x00000000a6200000, 0x00000000a6200000|100%| O|  |TAMS 0x00000000a6100000| PB 0x00000000a6100000| Untracked 
|  32|0x00000000a6200000, 0x00000000a6300000, 0x00000000a6300000|100%| O|  |TAMS 0x00000000a6200000| PB 0x00000000a6200000| Untracked 
|  33|0x00000000a6300000, 0x00000000a6400000, 0x00000000a6400000|100%| O|  |TAMS 0x00000000a6300000| PB 0x00000000a6300000| Untracked 
|  34|0x00000000a6400000, 0x00000000a6500000, 0x00000000a6500000|100%| O|  |TAMS 0x00000000a6400000| PB 0x00000000a6400000| Untracked 
|  35|0x00000000a6500000, 0x00000000a6600000, 0x00000000a6600000|100%| O|  |TAMS 0x00000000a6500000| PB 0x00000000a6500000| Untracked 
|  36|0x00000000a6600000, 0x00000000a6700000, 0x00000000a6700000|100%| O|  |TAMS 0x00000000a6600000| PB 0x00000000a6600000| Untracked 
|  37|0x00000000a6700000, 0x00000000a6800000, 0x00000000a6800000|100%| O|  |TAMS 0x00000000a6700000| PB 0x00000000a6700000| Untracked 
|  38|0x00000000a6800000, 0x00000000a6900000, 0x00000000a6900000|100%| O|  |TAMS 0x00000000a6800000| PB 0x00000000a6800000| Untracked 
|  39|0x00000000a6900000, 0x00000000a6a00000, 0x00000000a6a00000|100%| O|  |TAMS 0x00000000a6900000| PB 0x00000000a6900000| Untracked 
|  40|0x00000000a6a00000, 0x00000000a6b00000, 0x00000000a6b00000|100%| O|  |TAMS 0x00000000a6a00000| PB 0x00000000a6a00000| Untracked 
|  41|0x00000000a6b00000, 0x00000000a6c00000, 0x00000000a6c00000|100%| O|  |TAMS 0x00000000a6b00000| PB 0x00000000a6b00000| Untracked 
|  42|0x00000000a6c00000, 0x00000000a6d00000, 0x00000000a6d00000|100%| O|  |TAMS 0x00000000a6c00000| PB 0x00000000a6c00000| Untracked 
|  43|0x00000000a6d00000, 0x00000000a6e00000, 0x00000000a6e00000|100%| O|  |TAMS 0x00000000a6d00000| PB 0x00000000a6d00000| Untracked 
|  44|0x00000000a6e00000, 0x00000000a6f00000, 0x00000000a6f00000|100%| O|  |TAMS 0x00000000a6e00000| PB 0x00000000a6e00000| Untracked 
|  45|0x00000000a6f00000, 0x00000000a7000000, 0x00000000a7000000|100%| O|  |TAMS 0x00000000a6f00000| PB 0x00000000a6f00000| Untracked 
|  46|0x00000000a7000000, 0x00000000a7100000, 0x00000000a7100000|100%| O|  |TAMS 0x00000000a7000000| PB 0x00000000a7000000| Untracked 
|  47|0x00000000a7100000, 0x00000000a7200000, 0x00000000a7200000|100%| O|  |TAMS 0x00000000a7100000| PB 0x00000000a7100000| Untracked 
|  48|0x00000000a7200000, 0x00000000a7300000, 0x00000000a7300000|100%| O|  |TAMS 0x00000000a7200000| PB 0x00000000a7200000| Untracked 
|  49|0x00000000a7300000, 0x00000000a7400000, 0x00000000a7400000|100%| O|  |TAMS 0x00000000a7300000| PB 0x00000000a7300000| Untracked 
|  50|0x00000000a7400000, 0x00000000a7500000, 0x00000000a7500000|100%| O|  |TAMS 0x00000000a7400000| PB 0x00000000a7400000| Untracked 
|  51|0x00000000a7500000, 0x00000000a7600000, 0x00000000a7600000|100%| O|  |TAMS 0x00000000a7500000| PB 0x00000000a7500000| Untracked 
|  52|0x00000000a7600000, 0x00000000a7600000, 0x00000000a7700000|  0%| F|  |TAMS 0x00000000a7600000| PB 0x00000000a7600000| Untracked 
|  53|0x00000000a7700000, 0x00000000a7700000, 0x00000000a7800000|  0%| F|  |TAMS 0x00000000a7700000| PB 0x00000000a7700000| Untracked 
|  54|0x00000000a7800000, 0x00000000a7800000, 0x00000000a7900000|  0%| F|  |TAMS 0x00000000a7800000| PB 0x00000000a7800000| Untracked 
|  55|0x00000000a7900000, 0x00000000a7900000, 0x00000000a7a00000|  0%| F|  |TAMS 0x00000000a7900000| PB 0x00000000a7900000| Untracked 
|  56|0x00000000a7a00000, 0x00000000a7a00000, 0x00000000a7b00000|  0%| F|  |TAMS 0x00000000a7a00000| PB 0x00000000a7a00000| Untracked 
|  57|0x00000000a7b00000, 0x00000000a7b00000, 0x00000000a7c00000|  0%| F|  |TAMS 0x00000000a7b00000| PB 0x00000000a7b00000| Untracked 
|  58|0x00000000a7c00000, 0x00000000a7c00000, 0x00000000a7d00000|  0%| F|  |TAMS 0x00000000a7c00000| PB 0x00000000a7c00000| Untracked 
|  59|0x00000000a7d00000, 0x00000000a7d00000, 0x00000000a7e00000|  0%| F|  |TAMS 0x00000000a7d00000| PB 0x00000000a7d00000| Untracked 
|  60|0x00000000a7e00000, 0x00000000a7e00000, 0x00000000a7f00000|  0%| F|  |TAMS 0x00000000a7e00000| PB 0x00000000a7e00000| Untracked 
|  61|0x00000000a7f00000, 0x00000000a7f00000, 0x00000000a8000000|  0%| F|  |TAMS 0x00000000a7f00000| PB 0x00000000a7f00000| Untracked 
|  62|0x00000000a8000000, 0x00000000a8000000, 0x00000000a8100000|  0%| F|  |TAMS 0x00000000a8000000| PB 0x00000000a8000000| Untracked 
|  63|0x00000000a8100000, 0x00000000a8100000, 0x00000000a8200000|  0%| F|  |TAMS 0x00000000a8100000| PB 0x00000000a8100000| Untracked 
|  64|0x00000000a8200000, 0x00000000a8300000, 0x00000000a8300000|100%| O|  |TAMS 0x00000000a8200000| PB 0x00000000a8200000| Untracked 
|  65|0x00000000a8300000, 0x00000000a83a4100, 0x00000000a8400000| 64%| O|  |TAMS 0x00000000a8300000| PB 0x00000000a8300000| Untracked 
|  66|0x00000000a8400000, 0x00000000a8400000, 0x00000000a8500000|  0%| F|  |TAMS 0x00000000a8400000| PB 0x00000000a8400000| Untracked 
|  67|0x00000000a8500000, 0x00000000a8500000, 0x00000000a8600000|  0%| F|  |TAMS 0x00000000a8500000| PB 0x00000000a8500000| Untracked 
|  68|0x00000000a8600000, 0x00000000a8600000, 0x00000000a8700000|  0%| F|  |TAMS 0x00000000a8600000| PB 0x00000000a8600000| Untracked 
|  69|0x00000000a8700000, 0x00000000a8778540, 0x00000000a8800000| 47%| S|CS|TAMS 0x00000000a8700000| PB 0x00000000a8700000| Complete 
|  70|0x00000000a8800000, 0x00000000a8900000, 0x00000000a8900000|100%| S|CS|TAMS 0x00000000a8800000| PB 0x00000000a8800000| Complete 
|  71|0x00000000a8900000, 0x00000000a8a00000, 0x00000000a8a00000|100%| S|CS|TAMS 0x00000000a8900000| PB 0x00000000a8900000| Complete 
|  72|0x00000000a8a00000, 0x00000000a8b00000, 0x00000000a8b00000|100%| S|CS|TAMS 0x00000000a8a00000| PB 0x00000000a8a00000| Complete 
|  73|0x00000000a8b00000, 0x00000000a8c00000, 0x00000000a8c00000|100%| S|CS|TAMS 0x00000000a8b00000| PB 0x00000000a8b00000| Complete 
|  74|0x00000000a8c00000, 0x00000000a8d00000, 0x00000000a8d00000|100%| S|CS|TAMS 0x00000000a8c00000| PB 0x00000000a8c00000| Complete 
|  75|0x00000000a8d00000, 0x00000000a8e00000, 0x00000000a8e00000|100%| S|CS|TAMS 0x00000000a8d00000| PB 0x00000000a8d00000| Complete 
|  76|0x00000000a8e00000, 0x00000000a8e00000, 0x00000000a8f00000|  0%| F|  |TAMS 0x00000000a8e00000| PB 0x00000000a8e00000| Untracked 
|  77|0x00000000a8f00000, 0x00000000a8f00000, 0x00000000a9000000|  0%| F|  |TAMS 0x00000000a8f00000| PB 0x00000000a8f00000| Untracked 
|  78|0x00000000a9000000, 0x00000000a9000000, 0x00000000a9100000|  0%| F|  |TAMS 0x00000000a9000000| PB 0x00000000a9000000| Untracked 
|  79|0x00000000a9100000, 0x00000000a9100000, 0x00000000a9200000|  0%| F|  |TAMS 0x00000000a9100000| PB 0x00000000a9100000| Untracked 
|  80|0x00000000a9200000, 0x00000000a9200000, 0x00000000a9300000|  0%| F|  |TAMS 0x00000000a9200000| PB 0x00000000a9200000| Untracked 
|  81|0x00000000a9300000, 0x00000000a9300000, 0x00000000a9400000|  0%| F|  |TAMS 0x00000000a9300000| PB 0x00000000a9300000| Untracked 
|  82|0x00000000a9400000, 0x00000000a9400000, 0x00000000a9500000|  0%| F|  |TAMS 0x00000000a9400000| PB 0x00000000a9400000| Untracked 
|  83|0x00000000a9500000, 0x00000000a9500000, 0x00000000a9600000|  0%| F|  |TAMS 0x00000000a9500000| PB 0x00000000a9500000| Untracked 
|  84|0x00000000a9600000, 0x00000000a9600000, 0x00000000a9700000|  0%| F|  |TAMS 0x00000000a9600000| PB 0x00000000a9600000| Untracked 
|  85|0x00000000a9700000, 0x00000000a9700000, 0x00000000a9800000|  0%| F|  |TAMS 0x00000000a9700000| PB 0x00000000a9700000| Untracked 
|  86|0x00000000a9800000, 0x00000000a9800000, 0x00000000a9900000|  0%| F|  |TAMS 0x00000000a9800000| PB 0x00000000a9800000| Untracked 
|  87|0x00000000a9900000, 0x00000000a9900000, 0x00000000a9a00000|  0%| F|  |TAMS 0x00000000a9900000| PB 0x00000000a9900000| Untracked 
|  88|0x00000000a9a00000, 0x00000000a9a00000, 0x00000000a9b00000|  0%| F|  |TAMS 0x00000000a9a00000| PB 0x00000000a9a00000| Untracked 
|  89|0x00000000a9b00000, 0x00000000a9b00000, 0x00000000a9c00000|  0%| F|  |TAMS 0x00000000a9b00000| PB 0x00000000a9b00000| Untracked 
|  90|0x00000000a9c00000, 0x00000000a9c00000, 0x00000000a9d00000|  0%| F|  |TAMS 0x00000000a9c00000| PB 0x00000000a9c00000| Untracked 
|  91|0x00000000a9d00000, 0x00000000a9d00000, 0x00000000a9e00000|  0%| F|  |TAMS 0x00000000a9d00000| PB 0x00000000a9d00000| Untracked 
|  92|0x00000000a9e00000, 0x00000000a9e00000, 0x00000000a9f00000|  0%| F|  |TAMS 0x00000000a9e00000| PB 0x00000000a9e00000| Untracked 
|  93|0x00000000a9f00000, 0x00000000a9f00000, 0x00000000aa000000|  0%| F|  |TAMS 0x00000000a9f00000| PB 0x00000000a9f00000| Untracked 
|  94|0x00000000aa000000, 0x00000000aa000000, 0x00000000aa100000|  0%| F|  |TAMS 0x00000000aa000000| PB 0x00000000aa000000| Untracked 
|  95|0x00000000aa100000, 0x00000000aa100000, 0x00000000aa200000|  0%| F|  |TAMS 0x00000000aa100000| PB 0x00000000aa100000| Untracked 
|  96|0x00000000aa200000, 0x00000000aa200000, 0x00000000aa300000|  0%| F|  |TAMS 0x00000000aa200000| PB 0x00000000aa200000| Untracked 
|  97|0x00000000aa300000, 0x00000000aa300000, 0x00000000aa400000|  0%| F|  |TAMS 0x00000000aa300000| PB 0x00000000aa300000| Untracked 
|  98|0x00000000aa400000, 0x00000000aa400000, 0x00000000aa500000|  0%| F|  |TAMS 0x00000000aa400000| PB 0x00000000aa400000| Untracked 
|  99|0x00000000aa500000, 0x00000000aa500000, 0x00000000aa600000|  0%| F|  |TAMS 0x00000000aa500000| PB 0x00000000aa500000| Untracked 
| 100|0x00000000aa600000, 0x00000000aa600000, 0x00000000aa700000|  0%| F|  |TAMS 0x00000000aa600000| PB 0x00000000aa600000| Untracked 
| 101|0x00000000aa700000, 0x00000000aa700000, 0x00000000aa800000|  0%| F|  |TAMS 0x00000000aa700000| PB 0x00000000aa700000| Untracked 
| 102|0x00000000aa800000, 0x00000000aa800000, 0x00000000aa900000|  0%| F|  |TAMS 0x00000000aa800000| PB 0x00000000aa800000| Untracked 
| 103|0x00000000aa900000, 0x00000000aa900000, 0x00000000aaa00000|  0%| F|  |TAMS 0x00000000aa900000| PB 0x00000000aa900000| Untracked 
| 104|0x00000000aaa00000, 0x00000000aaa00000, 0x00000000aab00000|  0%| F|  |TAMS 0x00000000aaa00000| PB 0x00000000aaa00000| Untracked 
| 105|0x00000000aab00000, 0x00000000aab00000, 0x00000000aac00000|  0%| F|  |TAMS 0x00000000aab00000| PB 0x00000000aab00000| Untracked 
| 106|0x00000000aac00000, 0x00000000aac00000, 0x00000000aad00000|  0%| F|  |TAMS 0x00000000aac00000| PB 0x00000000aac00000| Untracked 
| 107|0x00000000aad00000, 0x00000000aad00000, 0x00000000aae00000|  0%| F|  |TAMS 0x00000000aad00000| PB 0x00000000aad00000| Untracked 
| 108|0x00000000aae00000, 0x00000000aae00000, 0x00000000aaf00000|  0%| F|  |TAMS 0x00000000aae00000| PB 0x00000000aae00000| Untracked 
| 109|0x00000000aaf00000, 0x00000000aaf00000, 0x00000000ab000000|  0%| F|  |TAMS 0x00000000aaf00000| PB 0x00000000aaf00000| Untracked 
| 110|0x00000000ab000000, 0x00000000ab000000, 0x00000000ab100000|  0%| F|  |TAMS 0x00000000ab000000| PB 0x00000000ab000000| Untracked 
| 111|0x00000000ab100000, 0x00000000ab100000, 0x00000000ab200000|  0%| F|  |TAMS 0x00000000ab100000| PB 0x00000000ab100000| Untracked 
| 112|0x00000000ab200000, 0x00000000ab200000, 0x00000000ab300000|  0%| F|  |TAMS 0x00000000ab200000| PB 0x00000000ab200000| Untracked 
| 113|0x00000000ab300000, 0x00000000ab300000, 0x00000000ab400000|  0%| F|  |TAMS 0x00000000ab300000| PB 0x00000000ab300000| Untracked 
| 114|0x00000000ab400000, 0x00000000ab400000, 0x00000000ab500000|  0%| F|  |TAMS 0x00000000ab400000| PB 0x00000000ab400000| Untracked 
| 115|0x00000000ab500000, 0x00000000ab500000, 0x00000000ab600000|  0%| F|  |TAMS 0x00000000ab500000| PB 0x00000000ab500000| Untracked 
| 116|0x00000000ab600000, 0x00000000ab600000, 0x00000000ab700000|  0%| F|  |TAMS 0x00000000ab600000| PB 0x00000000ab600000| Untracked 
| 117|0x00000000ab700000, 0x00000000ab700000, 0x00000000ab800000|  0%| F|  |TAMS 0x00000000ab700000| PB 0x00000000ab700000| Untracked 
| 118|0x00000000ab800000, 0x00000000ab800000, 0x00000000ab900000|  0%| F|  |TAMS 0x00000000ab800000| PB 0x00000000ab800000| Untracked 
| 119|0x00000000ab900000, 0x00000000ab900000, 0x00000000aba00000|  0%| F|  |TAMS 0x00000000ab900000| PB 0x00000000ab900000| Untracked 
| 120|0x00000000aba00000, 0x00000000aba00000, 0x00000000abb00000|  0%| F|  |TAMS 0x00000000aba00000| PB 0x00000000aba00000| Untracked 
| 121|0x00000000abb00000, 0x00000000abb00000, 0x00000000abc00000|  0%| F|  |TAMS 0x00000000abb00000| PB 0x00000000abb00000| Untracked 
| 122|0x00000000abc00000, 0x00000000abc00000, 0x00000000abd00000|  0%| F|  |TAMS 0x00000000abc00000| PB 0x00000000abc00000| Untracked 
| 123|0x00000000abd00000, 0x00000000abd00000, 0x00000000abe00000|  0%| F|  |TAMS 0x00000000abd00000| PB 0x00000000abd00000| Untracked 
| 124|0x00000000abe00000, 0x00000000abe00000, 0x00000000abf00000|  0%| F|  |TAMS 0x00000000abe00000| PB 0x00000000abe00000| Untracked 
| 125|0x00000000abf00000, 0x00000000abf00000, 0x00000000ac000000|  0%| F|  |TAMS 0x00000000abf00000| PB 0x00000000abf00000| Untracked 
| 126|0x00000000ac000000, 0x00000000ac000000, 0x00000000ac100000|  0%| F|  |TAMS 0x00000000ac000000| PB 0x00000000ac000000| Untracked 
| 127|0x00000000ac100000, 0x00000000ac100000, 0x00000000ac200000|  0%| F|  |TAMS 0x00000000ac100000| PB 0x00000000ac100000| Untracked 
| 128|0x00000000ac200000, 0x00000000ac200000, 0x00000000ac300000|  0%| F|  |TAMS 0x00000000ac200000| PB 0x00000000ac200000| Untracked 
| 129|0x00000000ac300000, 0x00000000ac300000, 0x00000000ac400000|  0%| F|  |TAMS 0x00000000ac300000| PB 0x00000000ac300000| Untracked 
| 130|0x00000000ac400000, 0x00000000ac400000, 0x00000000ac500000|  0%| F|  |TAMS 0x00000000ac400000| PB 0x00000000ac400000| Untracked 
| 131|0x00000000ac500000, 0x00000000ac500000, 0x00000000ac600000|  0%| F|  |TAMS 0x00000000ac500000| PB 0x00000000ac500000| Untracked 
| 132|0x00000000ac600000, 0x00000000ac600000, 0x00000000ac700000|  0%| F|  |TAMS 0x00000000ac600000| PB 0x00000000ac600000| Untracked 
| 133|0x00000000ac700000, 0x00000000ac700000, 0x00000000ac800000|  0%| F|  |TAMS 0x00000000ac700000| PB 0x00000000ac700000| Untracked 
| 134|0x00000000ac800000, 0x00000000ac800000, 0x00000000ac900000|  0%| F|  |TAMS 0x00000000ac800000| PB 0x00000000ac800000| Untracked 
| 135|0x00000000ac900000, 0x00000000ac900000, 0x00000000aca00000|  0%| F|  |TAMS 0x00000000ac900000| PB 0x00000000ac900000| Untracked 
| 136|0x00000000aca00000, 0x00000000aca00000, 0x00000000acb00000|  0%| F|  |TAMS 0x00000000aca00000| PB 0x00000000aca00000| Untracked 
| 137|0x00000000acb00000, 0x00000000acb00000, 0x00000000acc00000|  0%| F|  |TAMS 0x00000000acb00000| PB 0x00000000acb00000| Untracked 
| 138|0x00000000acc00000, 0x00000000acd00000, 0x00000000acd00000|100%| E|  |TAMS 0x00000000acc00000| PB 0x00000000acc00000| Complete 
| 139|0x00000000acd00000, 0x00000000ace00000, 0x00000000ace00000|100%| E|CS|TAMS 0x00000000acd00000| PB 0x00000000acd00000| Complete 
| 140|0x00000000ace00000, 0x00000000acf00000, 0x00000000acf00000|100%| E|CS|TAMS 0x00000000ace00000| PB 0x00000000ace00000| Complete 
| 141|0x00000000acf00000, 0x00000000ad000000, 0x00000000ad000000|100%| E|CS|TAMS 0x00000000acf00000| PB 0x00000000acf00000| Complete 
| 142|0x00000000ad000000, 0x00000000ad100000, 0x00000000ad100000|100%| E|CS|TAMS 0x00000000ad000000| PB 0x00000000ad000000| Complete 
| 143|0x00000000ad100000, 0x00000000ad200000, 0x00000000ad200000|100%| E|CS|TAMS 0x00000000ad100000| PB 0x00000000ad100000| Complete 
| 144|0x00000000ad200000, 0x00000000ad300000, 0x00000000ad300000|100%| E|CS|TAMS 0x00000000ad200000| PB 0x00000000ad200000| Complete 
| 145|0x00000000ad300000, 0x00000000ad400000, 0x00000000ad400000|100%| E|CS|TAMS 0x00000000ad300000| PB 0x00000000ad300000| Complete 
| 146|0x00000000ad400000, 0x00000000ad500000, 0x00000000ad500000|100%| E|CS|TAMS 0x00000000ad400000| PB 0x00000000ad400000| Complete 
| 147|0x00000000ad500000, 0x00000000ad600000, 0x00000000ad600000|100%| E|CS|TAMS 0x00000000ad500000| PB 0x00000000ad500000| Complete 
| 148|0x00000000ad600000, 0x00000000ad700000, 0x00000000ad700000|100%| E|CS|TAMS 0x00000000ad600000| PB 0x00000000ad600000| Complete 
| 149|0x00000000ad700000, 0x00000000ad800000, 0x00000000ad800000|100%| E|CS|TAMS 0x00000000ad700000| PB 0x00000000ad700000| Complete 
| 150|0x00000000ad800000, 0x00000000ad900000, 0x00000000ad900000|100%| E|CS|TAMS 0x00000000ad800000| PB 0x00000000ad800000| Complete 
|1463|0x00000000ff900000, 0x00000000ffa00000, 0x00000000ffa00000|100%| O|  |TAMS 0x00000000ff900000| PB 0x00000000ff900000| Untracked 
|1464|0x00000000ffa00000, 0x00000000ffb00000, 0x00000000ffb00000|100%| O|  |TAMS 0x00000000ffa00000| PB 0x00000000ffa00000| Untracked 
|1465|0x00000000ffb00000, 0x00000000ffc00000, 0x00000000ffc00000|100%| O|  |TAMS 0x00000000ffb00000| PB 0x00000000ffb00000| Untracked 
|1466|0x00000000ffc00000, 0x00000000ffd00000, 0x00000000ffd00000|100%| O|  |TAMS 0x00000000ffc00000| PB 0x00000000ffc00000| Untracked 
|1467|0x00000000ffd00000, 0x00000000ffe00000, 0x00000000ffe00000|100%| O|  |TAMS 0x00000000ffd00000| PB 0x00000000ffd00000| Untracked 
|1468|0x00000000ffe00000, 0x00000000fff00000, 0x00000000fff00000|100%| E|CS|TAMS 0x00000000ffe00000| PB 0x00000000ffe00000| Complete 
|1469|0x00000000fff00000, 0x0000000100000000, 0x0000000100000000|100%| O|  |TAMS 0x00000000fff00000| PB 0x00000000fff00000| Untracked 

Card table byte_map: [0x000001f4c68a0000,0x000001f4c6b80000] _byte_map_base: 0x000001f4c637f000

Marking Bits: (CMBitMap*) 0x000001f4aeba04f0
 Bits: [0x000001f4c6b80000, 0x000001f4c8278000)

Polling page: 0x000001f4ac960000

Metaspace:

Usage:
  Non-class:     73.28 MB used.
      Class:     11.65 MB used.
       Both:     84.92 MB used.

Virtual space:
  Non-class space:      128.00 MB reserved,      73.75 MB ( 58%) committed,  2 nodes.
      Class space:        1.00 GB reserved,      12.06 MB (  1%) committed,  1 nodes.
             Both:        1.12 GB reserved,      85.81 MB (  7%) committed. 

Chunk freelists:
   Non-Class:  5.58 MB
       Class:  3.75 MB
        Both:  9.33 MB

MaxMetaspaceSize: unlimited
CompressedClassSpaceSize: 1.00 GB
Initial GC threshold: 21.00 MB
Current GC threshold: 121.19 MB
CDS: on
 - commit_granule_bytes: 65536.
 - commit_granule_words: 8192.
 - virtual_space_node_default_size: 8388608.
 - enlarge_chunks_in_place: 1.
 - use_allocation_guard: 0.


Internal statistics:

num_allocs_failed_limit: 6.
num_arena_births: 1488.
num_arena_deaths: 0.
num_vsnodes_births: 3.
num_vsnodes_deaths: 0.
num_space_committed: 1373.
num_space_uncommitted: 0.
num_chunks_returned_to_freelist: 6.
num_chunks_taken_from_freelist: 4789.
num_chunk_merges: 6.
num_chunk_splits: 3317.
num_chunks_enlarged: 2455.
num_inconsistent_stats: 0.

CodeHeap 'non-profiled nmethods': size=120000Kb used=5476Kb max_used=5476Kb free=114523Kb
 bounds [0x000001f4bed50000, 0x000001f4bf2b0000, 0x000001f4c6280000]
CodeHeap 'profiled nmethods': size=120000Kb used=17717Kb max_used=17717Kb free=102282Kb
 bounds [0x000001f4b7280000, 0x000001f4b83d0000, 0x000001f4be7b0000]
CodeHeap 'non-nmethods': size=5760Kb used=1645Kb max_used=1668Kb free=4114Kb
 bounds [0x000001f4be7b0000, 0x000001f4bea20000, 0x000001f4bed50000]
CodeCache: size=245760Kb, used=24838Kb, max_used=24861Kb, free=220919Kb
 total_blobs=10748, nmethods=10008, adapters=641, full_count=0
Compilation: enabled, stopped_count=0, restarted_count=0

Compilation events (20 events):
Event: 67.949 Thread 0x000001f4caccd120 nmethod 11318 0x000001f4bf2a1510 code [0x000001f4bf2a16a0, 0x000001f4bf2a1770]
Event: 67.949 Thread 0x000001f4caccd120 11319       1       org.apache.maven.surefire.api.report.TestOutputReportEntry::isNewLine (5 bytes)
Event: 67.949 Thread 0x000001f4caccd120 nmethod 11319 0x000001f4bf2a1810 code [0x000001f4bf2a19a0, 0x000001f4bf2a1a70]
Event: 67.949 Thread 0x000001f4caccd120 11320       1       org.apache.maven.surefire.api.report.TestOutputReportEntry::getLog (5 bytes)
Event: 67.949 Thread 0x000001f4caccd120 nmethod 11320 0x000001f4bf2a1b10 code [0x000001f4bf2a1ca0, 0x000001f4bf2a1d68]
Event: 67.980 Thread 0x000001f513c96d20 nmethod 11306 0x000001f4bf2a1e10 code [0x000001f4bf2a2120, 0x000001f4bf2a36f8]
Event: 67.980 Thread 0x000001f513c96d20 11309       4       java.util.HashSet::isEmpty (8 bytes)
Event: 67.981 Thread 0x000001f513c96d20 nmethod 11309 0x000001f4bf2a4810 code [0x000001f4bf2a49a0, 0x000001f4bf2a4a48]
Event: 67.981 Thread 0x000001f513c96d20 11308       4       java.util.concurrent.ConcurrentHashMap$EntryIterator::next (5 bytes)
Event: 67.985 Thread 0x000001f513c96d20 nmethod 11308 0x000001f4bf2a4b10 code [0x000001f4bf2a4cc0, 0x000001f4bf2a51e8]
Event: 67.985 Thread 0x000001f513c96d20 11310       4       java.util.concurrent.ConcurrentHashMap$EntryIterator::next (51 bytes)
Event: 67.990 Thread 0x000001f513c96d20 nmethod 11310 0x000001f4bf2a5410 code [0x000001f4bf2a55c0, 0x000001f4bf2a5ae8]
Event: 67.991 Thread 0x000001f513c96d20 11311       4       java.util.HashMap::remove (26 bytes)
Event: 67.999 Thread 0x000001f513c96d20 nmethod 11311 0x000001f4bf2a5d10 code [0x000001f4bf2a5f00, 0x000001f4bf2a6658]
Event: 67.999 Thread 0x000001f513c96d20 11312       4       java.util.HashSet::remove (20 bytes)
Event: 68.022 Thread 0x000001f513c96d20 nmethod 11312 0x000001f4bf2a6b10 code [0x000001f4bf2a6da0, 0x000001f4bf2a8090]
Event: 68.022 Thread 0x000001f513c96d20 11220       4       java.util.stream.Streams$AbstractStreamBuilderImpl::estimateSize (9 bytes)
Event: 68.022 Thread 0x000001f513c96d20 nmethod 11220 0x000001f4bf2a8890 code [0x000001f4bf2a8a20, 0x000001f4bf2a8ab8]
Event: 68.022 Thread 0x000001f513c96d20 11307       4       java.util.concurrent.ThreadPoolExecutor::workerCountOf (5 bytes)
Event: 68.022 Thread 0x000001f513c96d20 nmethod 11307 0x000001f4bf2a8b90 code [0x000001f4bf2a8d00, 0x000001f4bf2a8d70]

GC Heap History (20 events):
Event: 16.301 GC heap before
{Heap before GC invocations=18 (full 0):
 garbage-first heap   total 66560K, used 59705K [0x00000000a4200000, 0x0000000100000000)
  region size 1024K, 31 young (31744K), 2 survivors (2048K)
 Metaspace       used 67056K, committed 67712K, reserved 1114112K
  class space    used 9129K, committed 9408K, reserved 1048576K
}
Event: 16.308 GC heap after
{Heap after GC invocations=19 (full 0):
 garbage-first heap   total 66560K, used 33565K [0x00000000a4200000, 0x0000000100000000)
  region size 1024K, 4 young (4096K), 4 survivors (4096K)
 Metaspace       used 67056K, committed 67712K, reserved 1114112K
  class space    used 9129K, committed 9408K, reserved 1048576K
}
Event: 16.818 GC heap before
{Heap before GC invocations=19 (full 0):
 garbage-first heap   total 66560K, used 59165K [0x00000000a4200000, 0x0000000100000000)
  region size 1024K, 30 young (30720K), 4 survivors (4096K)
 Metaspace       used 71416K, committed 72000K, reserved 1114112K
  class space    used 9931K, committed 10176K, reserved 1048576K
}
Event: 16.829 GC heap after
{Heap after GC invocations=20 (full 0):
 garbage-first heap   total 68608K, used 36631K [0x00000000a4200000, 0x0000000100000000)
  region size 1024K, 3 young (3072K), 3 survivors (3072K)
 Metaspace       used 71416K, committed 72000K, reserved 1114112K
  class space    used 9931K, committed 10176K, reserved 1048576K
}
Event: 17.139 GC heap before
{Heap before GC invocations=20 (full 0):
 garbage-first heap   total 68608K, used 62231K [0x00000000a4200000, 0x0000000100000000)
  region size 1024K, 28 young (28672K), 3 survivors (3072K)
 Metaspace       used 73284K, committed 73920K, reserved 1114112K
  class space    used 10142K, committed 10368K, reserved 1048576K
}
Event: 17.147 GC heap after
{Heap after GC invocations=21 (full 0):
 garbage-first heap   total 68608K, used 38565K [0x00000000a4200000, 0x0000000100000000)
  region size 1024K, 2 young (2048K), 2 survivors (2048K)
 Metaspace       used 73284K, committed 73920K, reserved 1114112K
  class space    used 10142K, committed 10368K, reserved 1048576K
}
Event: 17.416 GC heap before
{Heap before GC invocations=22 (full 0):
 garbage-first heap   total 68608K, used 62117K [0x00000000a4200000, 0x0000000100000000)
  region size 1024K, 25 young (25600K), 2 survivors (2048K)
 Metaspace       used 73616K, committed 74304K, reserved 1114112K
  class space    used 10190K, committed 10496K, reserved 1048576K
}
Event: 17.421 GC heap after
{Heap after GC invocations=23 (full 0):
 garbage-first heap   total 68608K, used 40391K [0x00000000a4200000, 0x0000000100000000)
  region size 1024K, 4 young (4096K), 4 survivors (4096K)
 Metaspace       used 73616K, committed 74304K, reserved 1114112K
  class space    used 10190K, committed 10496K, reserved 1048576K
}
Event: 17.512 GC heap before
{Heap before GC invocations=23 (full 0):
 garbage-first heap   total 68608K, used 61895K [0x00000000a4200000, 0x0000000100000000)
  region size 1024K, 25 young (25600K), 4 survivors (4096K)
 Metaspace       used 73692K, committed 74368K, reserved 1114112K
  class space    used 10194K, committed 10496K, reserved 1048576K
}
Event: 17.523 GC heap after
{Heap after GC invocations=24 (full 0):
 garbage-first heap   total 70656K, used 43806K [0x00000000a4200000, 0x0000000100000000)
  region size 1024K, 4 young (4096K), 4 survivors (4096K)
 Metaspace       used 73692K, committed 74368K, reserved 1114112K
  class space    used 10194K, committed 10496K, reserved 1048576K
}
Event: 17.601 GC heap before
{Heap before GC invocations=24 (full 0):
 garbage-first heap   total 70656K, used 63262K [0x00000000a4200000, 0x0000000100000000)
  region size 1024K, 23 young (23552K), 4 survivors (4096K)
 Metaspace       used 73725K, committed 74368K, reserved 1114112K
  class space    used 10198K, committed 10496K, reserved 1048576K
}
Event: 17.607 GC heap after
{Heap after GC invocations=25 (full 0):
 garbage-first heap   total 70656K, used 45440K [0x00000000a4200000, 0x0000000100000000)
  region size 1024K, 2 young (2048K), 2 survivors (2048K)
 Metaspace       used 73725K, committed 74368K, reserved 1114112K
  class space    used 10198K, committed 10496K, reserved 1048576K
}
Event: 17.667 GC heap before
{Heap before GC invocations=26 (full 0):
 garbage-first heap   total 76800K, used 63872K [0x00000000a4200000, 0x0000000100000000)
  region size 1024K, 20 young (20480K), 2 survivors (2048K)
 Metaspace       used 73729K, committed 74432K, reserved 1114112K
  class space    used 10198K, committed 10496K, reserved 1048576K
}
Event: 17.670 GC heap after
{Heap after GC invocations=27 (full 0):
 garbage-first heap   total 76800K, used 46257K [0x00000000a4200000, 0x0000000100000000)
  region size 1024K, 3 young (3072K), 3 survivors (3072K)
 Metaspace       used 73729K, committed 74432K, reserved 1114112K
  class space    used 10198K, committed 10496K, reserved 1048576K
}
Event: 17.710 GC heap before
{Heap before GC invocations=27 (full 0):
 garbage-first heap   total 76800K, used 68785K [0x00000000a4200000, 0x0000000100000000)
  region size 1024K, 25 young (25600K), 3 survivors (3072K)
 Metaspace       used 73729K, committed 74432K, reserved 1114112K
  class space    used 10198K, committed 10496K, reserved 1048576K
}
Event: 17.725 GC heap after
{Heap after GC invocations=28 (full 0):
 garbage-first heap   total 161792K, used 53248K [0x00000000a4200000, 0x0000000100000000)
  region size 1024K, 4 young (4096K), 4 survivors (4096K)
 Metaspace       used 73729K, committed 74432K, reserved 1114112K
  class space    used 10198K, committed 10496K, reserved 1048576K
}
Event: 18.709 GC heap before
{Heap before GC invocations=28 (full 0):
 garbage-first heap   total 161792K, used 142336K [0x00000000a4200000, 0x0000000100000000)
  region size 1024K, 92 young (94208K), 4 survivors (4096K)
 Metaspace       used 77988K, committed 78912K, reserved 1179648K
  class space    used 10670K, committed 11136K, reserved 1048576K
}
Event: 18.725 GC heap after
{Heap after GC invocations=29 (full 0):
 garbage-first heap   total 161792K, used 61440K [0x00000000a4200000, 0x0000000100000000)
  region size 1024K, 12 young (12288K), 12 survivors (12288K)
 Metaspace       used 77988K, committed 78912K, reserved 1179648K
  class space    used 10670K, committed 11136K, reserved 1048576K
}
Event: 65.113 GC heap before
{Heap before GC invocations=29 (full 0):
 garbage-first heap   total 161792K, used 139264K [0x00000000a4200000, 0x0000000100000000)
  region size 1024K, 88 young (90112K), 12 survivors (12288K)
 Metaspace       used 86444K, committed 87424K, reserved 1179648K
  class space    used 11836K, committed 12288K, reserved 1048576K
}
Event: 65.127 GC heap after
{Heap after GC invocations=30 (full 0):
 garbage-first heap   total 161792K, used 67697K [0x00000000a4200000, 0x0000000100000000)
  region size 1024K, 7 young (7168K), 7 survivors (7168K)
 Metaspace       used 86444K, committed 87424K, reserved 1179648K
  class space    used 11836K, committed 12288K, reserved 1048576K
}

Dll operation events (11 events):
Event: 0.013 Loaded shared library C:\Program Files\Eclipse Adoptium\jdk-21.0.11.10-hotspot\bin\java.dll
Event: 0.046 Loaded shared library C:\Program Files\Eclipse Adoptium\jdk-21.0.11.10-hotspot\bin\jsvml.dll
Event: 0.068 Loaded shared library C:\Program Files\Eclipse Adoptium\jdk-21.0.11.10-hotspot\bin\net.dll
Event: 0.072 Loaded shared library C:\Program Files\Eclipse Adoptium\jdk-21.0.11.10-hotspot\bin\nio.dll
Event: 0.076 Loaded shared library C:\Program Files\Eclipse Adoptium\jdk-21.0.11.10-hotspot\bin\zip.dll
Event: 0.138 Loaded shared library C:\Program Files\Eclipse Adoptium\jdk-21.0.11.10-hotspot\bin\management.dll
Event: 0.149 Loaded shared library C:\Program Files\Eclipse Adoptium\jdk-21.0.11.10-hotspot\bin\management_ext.dll
Event: 0.179 Loaded shared library C:\Program Files\Eclipse Adoptium\jdk-21.0.11.10-hotspot\bin\jimage.dll
Event: 3.721 Loaded shared library C:\Program Files\Eclipse Adoptium\jdk-21.0.11.10-hotspot\bin\sunmscapi.dll
Event: 6.896 Loaded shared library C:\Program Files\Eclipse Adoptium\jdk-21.0.11.10-hotspot\bin\verify.dll
Event: 7.347 Loaded shared library C:\Program Files\Eclipse Adoptium\jdk-21.0.11.10-hotspot\bin\extnet.dll

Deoptimization events (20 events):
Event: 66.755 Thread 0x000001f4ac7220a0 Uncommon trap: trap_request=0xffffffd6 fr.pc=0x000001f4bf28d5d4 relative=0x0000000000000394
Event: 66.755 Thread 0x000001f4ac7220a0 Uncommon trap: reason=array_check action=maybe_recompile pc=0x000001f4bf28d5d4 method=java.util.LinkedHashMap.valuesToArray([Ljava/lang/Object;Z)[Ljava/lang/Object; @ 67 c2
Event: 66.755 Thread 0x000001f4ac7220a0 DEOPT PACKING pc=0x000001f4bf28d5d4 sp=0x00000075d1ffccf0
Event: 66.755 Thread 0x000001f4ac7220a0 DEOPT UNPACKING pc=0x000001f4be804422 sp=0x00000075d1ffcc90 mode 2
Event: 66.800 Thread 0x000001f4ac7220a0 Uncommon trap: trap_request=0xffffffc6 fr.pc=0x000001f4bf274fc4 relative=0x0000000000000aa4
Event: 66.800 Thread 0x000001f4ac7220a0 Uncommon trap: reason=bimorphic_or_optimized_type_check action=maybe_recompile pc=0x000001f4bf274fc4 method=java.util.concurrent.ConcurrentHashMap.replaceNode(Ljava/lang/Object;Ljava/lang/Object;Ljava/lang/Object;)Ljava/lang/Object; @ 147 c2
Event: 66.800 Thread 0x000001f4ac7220a0 DEOPT PACKING pc=0x000001f4bf274fc4 sp=0x00000075d1ffda60
Event: 66.800 Thread 0x000001f4ac7220a0 DEOPT UNPACKING pc=0x000001f4be804422 sp=0x00000075d1ffd9d8 mode 2
Event: 67.927 Thread 0x000001f5107dd990 DEOPT PACKING pc=0x000001f4b78de8ac sp=0x00000075d32fea50
Event: 67.927 Thread 0x000001f5107dd990 DEOPT UNPACKING pc=0x000001f4be804bc2 sp=0x00000075d32fdee8 mode 0
Event: 67.933 Thread 0x000001f5127dd560 Uncommon trap: trap_request=0xffffff45 fr.pc=0x000001f4bee01a7c relative=0x000000000000023c
Event: 67.933 Thread 0x000001f5127dd560 Uncommon trap: reason=unstable_if action=reinterpret pc=0x000001f4bee01a7c method=java.util.concurrent.locks.ReentrantLock$Sync.lock()V @ 4 c2
Event: 67.933 Thread 0x000001f5127dd560 DEOPT PACKING pc=0x000001f4bee01a7c sp=0x00000075d3dfeeb0
Event: 67.933 Thread 0x000001f5127dd560 DEOPT UNPACKING pc=0x000001f4be804422 sp=0x00000075d3dfee10 mode 2
Event: 67.942 Thread 0x000001f51a4ef060 DEOPT PACKING pc=0x000001f4b82035d0 sp=0x00000075d42fef90
Event: 67.942 Thread 0x000001f51a4ef060 DEOPT UNPACKING pc=0x000001f4be804bc2 sp=0x00000075d42fe440 mode 0
Event: 67.943 Thread 0x000001f5127dced0 Uncommon trap: trap_request=0xffffff45 fr.pc=0x000001f4befd1b78 relative=0x0000000000000058
Event: 67.943 Thread 0x000001f5127dced0 Uncommon trap: reason=unstable_if action=reinterpret pc=0x000001f4befd1b78 method=java.lang.Thread.getAndClearInterrupt()Z @ 6 c2
Event: 67.943 Thread 0x000001f5127dced0 DEOPT PACKING pc=0x000001f4befd1b78 sp=0x00000075d3fff180
Event: 67.943 Thread 0x000001f5127dced0 DEOPT UNPACKING pc=0x000001f4be804422 sp=0x00000075d3fff0b8 mode 2

Classes loaded (20 events):
Event: 61.157 Loading class jdk/internal/event/ProcessStartEvent
Event: 61.157 Loading class jdk/internal/event/ProcessStartEvent done
Event: 66.629 Loading class java/util/concurrent/ConcurrentHashMap$EntrySpliterator
Event: 66.630 Loading class java/util/concurrent/ConcurrentHashMap$EntrySpliterator done
Event: 66.648 Loading class java/io/PrintWriter$1
Event: 66.648 Loading class jdk/internal/access/JavaIOPrintWriterAccess
Event: 66.648 Loading class jdk/internal/access/JavaIOPrintWriterAccess done
Event: 66.648 Loading class java/io/PrintWriter$1 done
Event: 66.648 Loading class java/lang/Throwable$WrappedPrintWriter
Event: 66.648 Loading class java/lang/Throwable$PrintStreamOrWriter
Event: 66.649 Loading class java/lang/Throwable$PrintStreamOrWriter done
Event: 66.649 Loading class java/lang/Throwable$WrappedPrintWriter done
Event: 66.820 Loading class java/util/concurrent/locks/AbstractQueuedSynchronizer$SharedNode
Event: 66.820 Loading class java/util/concurrent/locks/AbstractQueuedSynchronizer$SharedNode done
Event: 67.952 Loading class sun/security/ssl/Alert
Event: 67.953 Loading class sun/security/ssl/Alert done
Event: 67.953 Loading class sun/security/ssl/Alert$AlertConsumer
Event: 67.954 Loading class sun/security/ssl/Alert$AlertConsumer done
Event: 67.954 Loading class sun/security/ssl/Alert$Level
Event: 67.954 Loading class sun/security/ssl/Alert$Level done

Classes unloaded (0 events):
No events

Classes redefined (0 events):
No events

Internal exceptions (20 events):
Event: 19.475 Thread 0x000001f4ac7220a0 Exception <a 'java/lang/NoSuchMethodError'{0x00000000ab7bc010}: 'void java.lang.invoke.DirectMethodHandle$Holder.invokeInterface(java.lang.Object, java.lang.Object, int)'> (0x00000000ab7bc010) 
thrown [s\src\hotspot\share\interpreter\linkResolver.cpp, line 773]
Event: 19.478 Thread 0x000001f4ac7220a0 Exception <a 'java/lang/IncompatibleClassChangeError'{0x00000000ab7fcca8}: Found class java.lang.Object, but interface was expected> (0x00000000ab7fcca8) 
thrown [s\src\hotspot\share\interpreter\linkResolver.cpp, line 840]
Event: 19.479 Thread 0x000001f4ac7220a0 Exception <a 'java/lang/NoSuchMethodError'{0x00000000ab6118e8}: 'void java.lang.invoke.DirectMethodHandle$Holder.invokeStatic(java.lang.Object, int, java.lang.Object)'> (0x00000000ab6118e8) 
thrown [s\src\hotspot\share\interpreter\linkResolver.cpp, line 773]
Event: 19.720 Thread 0x000001f4ac7220a0 Exception <a 'java/lang/IncompatibleClassChangeError'{0x00000000aa887a40}: Found class java.lang.Object, but interface was expected> (0x00000000aa887a40) 
thrown [s\src\hotspot\share\interpreter\linkResolver.cpp, line 840]
Event: 19.822 Thread 0x000001f4ac7220a0 Exception <a 'java/lang/NoSuchMethodError'{0x00000000aa1ac928}: 'java.lang.Object java.lang.invoke.DirectMethodHandle$Holder.newInvokeSpecial(java.lang.Object, java.lang.Object, int, java.lang.Object, java.lang.Object)'> (0x00000000aa1ac928) 
thrown [s\src\hotspot\share\interpreter\linkResolver.cpp, line 773]
Event: 19.823 Thread 0x000001f4ac7220a0 Exception <a 'java/lang/NoSuchMethodError'{0x00000000aa1b7c70}: 'java.lang.Object java.lang.invoke.DirectMethodHandle$Holder.invokeSpecial(java.lang.Object, java.lang.Object, int, java.lang.Object, int, java.lang.Object)'> (0x00000000aa1b7c70) 
thrown [s\src\hotspot\share\interpreter\linkResolver.cpp, line 773]
Event: 19.823 Thread 0x000001f4ac7220a0 Exception <a 'java/lang/NoSuchMethodError'{0x00000000aa1bf370}: 'java.lang.Object java.lang.invoke.DirectMethodHandle$Holder.newInvokeSpecial(java.lang.Object, java.lang.Object, int, java.lang.Object, int)'> (0x00000000aa1bf370) 
thrown [s\src\hotspot\share\interpreter\linkResolver.cpp, line 773]
Event: 19.823 Thread 0x000001f4ac7220a0 Exception <a 'java/lang/NoSuchMethodError'{0x00000000aa1c36d8}: 'java.lang.Object java.lang.invoke.DirectMethodHandle$Holder.invokeSpecial(java.lang.Object, java.lang.Object, java.lang.Object, int, java.lang.Object, int)'> (0x00000000aa1c36d8) 
thrown [s\src\hotspot\share\interpreter\linkResolver.cpp, line 773]
Event: 19.900 Thread 0x000001f4ac7220a0 Exception <a 'java/lang/NoSuchMethodError'{0x00000000a9b590c0}: 'java.lang.Object java.lang.invoke.DirectMethodHandle$Holder.invokeInterface(java.lang.Object, java.lang.Object, int)'> (0x00000000a9b590c0) 
thrown [s\src\hotspot\share\interpreter\linkResolver.cpp, line 773]
Event: 19.904 Thread 0x000001f4ac7220a0 Exception <a 'java/lang/IncompatibleClassChangeError'{0x00000000a9b6d040}: Found class java.lang.Object, but interface was expected> (0x00000000a9b6d040) 
thrown [s\src\hotspot\share\interpreter\linkResolver.cpp, line 840]
Event: 19.944 Thread 0x000001f4ac7220a0 Exception <a 'java/lang/NoSuchMethodError'{0x00000000a9930a30}: 'void java.lang.invoke.DirectMethodHandle$Holder.invokeSpecialIFC(java.lang.Object, java.lang.Object, int, java.lang.Object, java.lang.Object, java.lang.Object, java.lang.Object)'> (0x00000000a9930a30) 
thrown [s\src\hotspot\share\interpreter\linkResolver.cpp, line 773]
Event: 23.650 Thread 0x000001f4ac7220a0 Exception <a 'java/lang/IncompatibleClassChangeError'{0x00000000a9670520}: Found class java.lang.Object, but interface was expected> (0x00000000a9670520) 
thrown [s\src\hotspot\share\interpreter\linkResolver.cpp, line 840]
Event: 55.251 Thread 0x000001f4ac7220a0 Exception <a 'java/lang/NoSuchMethodError'{0x00000000a911c010}: 'long java.lang.invoke.DirectMethodHandle$Holder.invokeVirtual(java.lang.Object, java.lang.Object)'> (0x00000000a911c010) 
thrown [s\src\hotspot\share\interpreter\linkResolver.cpp, line 773]
Event: 55.252 Thread 0x000001f4ac7220a0 Exception <a 'java/lang/NoSuchMethodError'{0x00000000a911fdc0}: 'long java.lang.invoke.DelegatingMethodHandle$Holder.reinvoke_L(java.lang.Object, java.lang.Object)'> (0x00000000a911fdc0) 
thrown [s\src\hotspot\share\interpreter\linkResolver.cpp, line 773]
Event: 60.811 Thread 0x000001f4ac7220a0 Exception <a 'java/lang/NoSuchMethodError'{0x00000000a8e0a120}: method resolution failed> (0x00000000a8e0a120) 
thrown [s\src\hotspot\share\prims\methodHandles.cpp, line 1136]
Event: 61.153 Thread 0x000001f4ac7220a0 Exception <a 'java/lang/NoSuchMethodError'{0x00000000a8e58928}: 'void java.lang.invoke.DirectMethodHandle$Holder.invokeStatic(java.lang.Object, long)'> (0x00000000a8e58928) 
thrown [s\src\hotspot\share\interpreter\linkResolver.cpp, line 773]
Event: 66.611 Thread 0x000001f4ac7220a0 Implicit null exception at 0x000001f4bed92da2 to 0x000001f4bed930b4
Event: 66.619 Thread 0x000001f4ac7220a0 Implicit null exception at 0x000001f4bed8aba2 to 0x000001f4bed8aeb4
Event: 66.654 Thread 0x000001f4ac7220a0 Implicit null exception at 0x000001f4bf26038c to 0x000001f4bf2616e0
Event: 66.654 Thread 0x000001f4ac7220a0 Implicit null exception at 0x000001f4bf26c2f6 to 0x000001f4bf26c3a4

ZGC Phase Switch (0 events):
No events

VM Operations (20 events):
Event: 57.602 Executing safepoint VM operation: Cleanup
Event: 57.602 Executing safepoint VM operation: Cleanup done
Event: 58.612 Executing safepoint VM operation: Cleanup
Event: 58.612 Executing safepoint VM operation: Cleanup done
Event: 60.130 Executing non-safepoint VM operation: HandshakeAllThreads (HandshakeForDeflation)
Event: 60.130 Executing non-safepoint VM operation: HandshakeAllThreads (HandshakeForDeflation) done
Event: 60.130 Executing non-safepoint VM operation: RendezvousGCThreads
Event: 60.130 Executing non-safepoint VM operation: RendezvousGCThreads done
Event: 61.130 Executing safepoint VM operation: Cleanup
Event: 61.131 Executing safepoint VM operation: Cleanup done
Event: 61.156 Executing non-safepoint VM operation: HandshakeAllThreads (Deoptimize)
Event: 61.156 Executing non-safepoint VM operation: HandshakeAllThreads (Deoptimize) done
Event: 64.164 Executing safepoint VM operation: Cleanup
Event: 64.164 Executing safepoint VM operation: Cleanup done
Event: 65.112 Executing safepoint VM operation: G1CollectForAllocation (G1 Evacuation Pause)
Event: 65.127 Executing safepoint VM operation: G1CollectForAllocation (G1 Evacuation Pause) done
Event: 67.142 Executing safepoint VM operation: Cleanup
Event: 67.143 Executing safepoint VM operation: Cleanup done
Event: 68.157 Executing safepoint VM operation: Cleanup
Event: 68.157 Executing safepoint VM operation: Cleanup done

Memory protections (0 events):
No events

Nmethod flushes (20 events):
Event: 17.644 Thread 0x000001f4cac5eeb0 flushing  nmethod 0x000001f4b7b59610
Event: 17.644 Thread 0x000001f4cac5eeb0 flushing  nmethod 0x000001f4b7b5a110
Event: 17.644 Thread 0x000001f4cac5eeb0 flushing  nmethod 0x000001f4b7b5a510
Event: 17.644 Thread 0x000001f4cac5eeb0 flushing  nmethod 0x000001f4b7b5d490
Event: 17.644 Thread 0x000001f4cac5eeb0 flushing  nmethod 0x000001f4b7b6a290
Event: 17.644 Thread 0x000001f4cac5eeb0 flushing  nmethod 0x000001f4b7b6ea10
Event: 17.644 Thread 0x000001f4cac5eeb0 flushing  nmethod 0x000001f4b7b6f010
Event: 17.644 Thread 0x000001f4cac5eeb0 flushing  nmethod 0x000001f4b7b6f590
Event: 17.644 Thread 0x000001f4cac5eeb0 flushing  nmethod 0x000001f4b7b7e010
Event: 17.644 Thread 0x000001f4cac5eeb0 flushing  nmethod 0x000001f4b7bcda90
Event: 17.644 Thread 0x000001f4cac5eeb0 flushing  nmethod 0x000001f4b7befe90
Event: 17.644 Thread 0x000001f4cac5eeb0 flushing  nmethod 0x000001f4b7bf0410
Event: 17.644 Thread 0x000001f4cac5eeb0 flushing  nmethod 0x000001f4b7c0b590
Event: 17.644 Thread 0x000001f4cac5eeb0 flushing  nmethod 0x000001f4b7c44790
Event: 17.644 Thread 0x000001f4cac5eeb0 flushing  nmethod 0x000001f4b7c6fc90
Event: 17.644 Thread 0x000001f4cac5eeb0 flushing  nmethod 0x000001f4b7e61a90
Event: 17.644 Thread 0x000001f4cac5eeb0 flushing  nmethod 0x000001f4b7e62410
Event: 17.644 Thread 0x000001f4cac5eeb0 flushing  nmethod 0x000001f4b7e8ac10
Event: 17.644 Thread 0x000001f4cac5eeb0 flushing  nmethod 0x000001f4b7e8ce10
Event: 17.644 Thread 0x000001f4cac5eeb0 flushing  nmethod 0x000001f4b7eaac90

Events (20 events):
Event: 20.553 Thread 0x000001f513c973f0 Thread exited: 0x000001f513c973f0
Event: 37.342 Thread 0x000001f5129b21b0 Thread added: 0x000001f5127dbb20
Event: 39.193 Thread 0x000001f4caccd120 Thread added: 0x000001f513c96d20
Event: 39.479 Thread 0x000001f513c96d20 Thread exited: 0x000001f513c96d20
Event: 45.275 Thread 0x000001f5127dbb20 Thread exited: 0x000001f5127dbb20
Event: 60.738 Thread 0x000001f4caccd120 Thread added: 0x000001f513c96d20
Event: 66.639 Thread 0x000001f4caccd120 Thread added: 0x000001f513c973f0
Event: 66.820 Thread 0x000001f4ac7220a0 Thread added: 0x000001f5127dbb20
Event: 67.927 Thread 0x000001f5107dd990 Thread exited: 0x000001f5107dd990
Event: 67.931 Thread 0x000001f510698d60 Thread exited: 0x000001f510698d60
Event: 67.931 Thread 0x000001f4ac7220a0 Thread added: 0x000001f51a4f24e0
Event: 67.931 Thread 0x000001f4ac7220a0 Thread added: 0x000001f51a4ef060
Event: 67.931 Thread 0x000001f4ac7220a0 Thread added: 0x000001f51a4f2b70
Event: 67.932 Thread 0x000001f51a4f24e0 Thread exited: 0x000001f51a4f24e0
Event: 67.933 Thread 0x000001f51a4f2b70 Thread exited: 0x000001f51a4f2b70
Event: 67.933 Thread 0x000001f5127dd560 Thread exited: 0x000001f5127dd560
Event: 67.943 Thread 0x000001f5127dced0 Thread exited: 0x000001f5127dced0
Event: 67.951 Thread 0x000001f51a4ef060 Thread added: 0x000001f51a4f0410
Event: 67.951 Thread 0x000001f5129b21b0 Thread exited: 0x000001f5129b21b0
Event: 68.889 Thread 0x000001f51a4f0410 Thread exited: 0x000001f51a4f0410


Dynamic libraries:
0x00007ff6af8b0000 - 0x00007ff6af8be000 	C:\Program Files\Eclipse Adoptium\jdk-21.0.11.10-hotspot\bin\java.exe
0x00007ffe25bc0000 - 0x00007ffe25e26000 	C:\WINDOWS\SYSTEM32\ntdll.dll
0x00007ffe23d70000 - 0x00007ffe23e39000 	C:\WINDOWS\System32\KERNEL32.DLL
0x00007ffe23270000 - 0x00007ffe2366e000 	C:\WINDOWS\System32\KERNELBASE.dll
0x00007ffe230e0000 - 0x00007ffe2322c000 	C:\WINDOWS\System32\ucrtbase.dll
0x00007ffe1b0c0000 - 0x00007ffe1b0de000 	C:\Program Files\Eclipse Adoptium\jdk-21.0.11.10-hotspot\bin\VCRUNTIME140.dll
0x00007ffe09d50000 - 0x00007ffe09d68000 	C:\Program Files\Eclipse Adoptium\jdk-21.0.11.10-hotspot\bin\jli.dll
0x00007ffe256c0000 - 0x00007ffe25887000 	C:\WINDOWS\System32\USER32.dll
0x00007ffe10020000 - 0x00007ffe102b2000 	C:\WINDOWS\WinSxS\amd64_microsoft.windows.common-controls_6595b64144ccf1df_6.0.26100.8875_none_3e0d5d42e32fe9dd\COMCTL32.dll
0x00007ffe23240000 - 0x00007ffe23267000 	C:\WINDOWS\System32\win32u.dll
0x00007ffe25ad0000 - 0x00007ffe25b79000 	C:\WINDOWS\System32\msvcrt.dll
0x00007ffe24140000 - 0x00007ffe2416b000 	C:\WINDOWS\System32\GDI32.dll
0x00007ffe237c0000 - 0x00007ffe238ea000 	C:\WINDOWS\System32\gdi32full.dll
0x00007ffe23710000 - 0x00007ffe237b3000 	C:\WINDOWS\System32\msvcp_win.dll
0x00007ffe24bb0000 - 0x00007ffe24be2000 	C:\WINDOWS\System32\IMM32.DLL
0x00007ffe1b1c0000 - 0x00007ffe1b1cc000 	C:\Program Files\Eclipse Adoptium\jdk-21.0.11.10-hotspot\bin\vcruntime140_1.dll
0x00007ffde3f00000 - 0x00007ffde3f8d000 	C:\Program Files\Eclipse Adoptium\jdk-21.0.11.10-hotspot\bin\msvcp140.dll
0x00007ffda82e0000 - 0x00007ffda9082000 	C:\Program Files\Eclipse Adoptium\jdk-21.0.11.10-hotspot\bin\server\jvm.dll
0x00007ffe24350000 - 0x00007ffe24407000 	C:\WINDOWS\System32\ADVAPI32.dll
0x00007ffe239b0000 - 0x00007ffe23a5a000 	C:\WINDOWS\System32\sechost.dll
0x00007ffe23e40000 - 0x00007ffe23f58000 	C:\WINDOWS\System32\RPCRT4.dll
0x00007ffe255a0000 - 0x00007ffe25620000 	C:\WINDOWS\System32\WS2_32.dll
0x00007ffe22c60000 - 0x00007ffe22cbe000 	C:\WINDOWS\SYSTEM32\POWRPROF.dll
0x00007ffe15330000 - 0x00007ffe15366000 	C:\WINDOWS\SYSTEM32\WINMM.dll
0x00007ffe19ea0000 - 0x00007ffe19eab000 	C:\WINDOWS\SYSTEM32\VERSION.dll
0x00007ffe22c20000 - 0x00007ffe22c34000 	C:\WINDOWS\SYSTEM32\UMPDC.dll
0x00007ffe21ac0000 - 0x00007ffe21adb000 	C:\WINDOWS\SYSTEM32\kernel.appcore.dll
0x00007ffe1b170000 - 0x00007ffe1b17a000 	C:\Program Files\Eclipse Adoptium\jdk-21.0.11.10-hotspot\bin\jimage.dll
0x00007ffe205d0000 - 0x00007ffe20812000 	C:\WINDOWS\SYSTEM32\DBGHELP.DLL
0x00007ffe24bf0000 - 0x00007ffe24f73000 	C:\WINDOWS\System32\combase.dll
0x00007ffe24270000 - 0x00007ffe24349000 	C:\WINDOWS\System32\OLEAUT32.dll
0x00007ffe015d0000 - 0x00007ffe0160b000 	C:\WINDOWS\SYSTEM32\dbgcore.DLL
0x00007ffe22ea0000 - 0x00007ffe22f4c000 	C:\WINDOWS\System32\bcryptPrimitives.dll
0x00007ffe09000000 - 0x00007ffe09020000 	C:\Program Files\Eclipse Adoptium\jdk-21.0.11.10-hotspot\bin\java.dll
0x00007ffe24410000 - 0x00007ffe24ba2000 	C:\WINDOWS\System32\SHELL32.dll
0x00007ffe20850000 - 0x00007ffe210e2000 	C:\WINDOWS\SYSTEM32\windows.storage.dll
0x00007ffe25950000 - 0x00007ffe25a47000 	C:\WINDOWS\System32\SHCORE.dll
0x00007ffe23ca0000 - 0x00007ffe23d07000 	C:\WINDOWS\System32\shlwapi.dll
0x00007ffe22d00000 - 0x00007ffe22d29000 	C:\WINDOWS\SYSTEM32\profapi.dll
0x00007ffde3e20000 - 0x00007ffde3ef7000 	C:\Program Files\Eclipse Adoptium\jdk-21.0.11.10-hotspot\bin\jsvml.dll
0x00007ffe1b020000 - 0x00007ffe1b030000 	C:\Program Files\Eclipse Adoptium\jdk-21.0.11.10-hotspot\bin\net.dll
0x00007ffe1ce50000 - 0x00007ffe1cf77000 	C:\WINDOWS\SYSTEM32\WINHTTP.dll
0x00007ffe22070000 - 0x00007ffe220dc000 	C:\WINDOWS\system32\mswsock.dll
0x00007ffe064c0000 - 0x00007ffe064d6000 	C:\Program Files\Eclipse Adoptium\jdk-21.0.11.10-hotspot\bin\nio.dll
0x00007ffe061b0000 - 0x00007ffe061c8000 	C:\Program Files\Eclipse Adoptium\jdk-21.0.11.10-hotspot\bin\zip.dll
0x00007ffe12770000 - 0x00007ffe1277a000 	C:\Program Files\Eclipse Adoptium\jdk-21.0.11.10-hotspot\bin\management.dll
0x00007ffe11730000 - 0x00007ffe1173c000 	C:\Program Files\Eclipse Adoptium\jdk-21.0.11.10-hotspot\bin\management_ext.dll
0x00007ffe23a60000 - 0x00007ffe23a68000 	C:\WINDOWS\System32\PSAPI.DLL
0x00007ffe19500000 - 0x00007ffe1950e000 	C:\Program Files\Eclipse Adoptium\jdk-21.0.11.10-hotspot\bin\sunmscapi.dll
0x00007ffe22f60000 - 0x00007ffe230d8000 	C:\WINDOWS\System32\CRYPT32.dll
0x00007ffe225b0000 - 0x00007ffe225e0000 	C:\WINDOWS\SYSTEM32\ncrypt.dll
0x00007ffe22560000 - 0x00007ffe2259f000 	C:\WINDOWS\SYSTEM32\NTASN1.dll
0x00007ffe22370000 - 0x00007ffe2238b000 	C:\WINDOWS\SYSTEM32\CRYPTSP.dll
0x00007ffe21a20000 - 0x00007ffe21a59000 	C:\WINDOWS\system32\rsaenh.dll
0x00007ffe22130000 - 0x00007ffe22162000 	C:\WINDOWS\SYSTEM32\USERENV.dll
0x00007ffe22cd0000 - 0x00007ffe22cfa000 	C:\WINDOWS\SYSTEM32\bcrypt.dll
0x00007ffe22390000 - 0x00007ffe2239c000 	C:\WINDOWS\SYSTEM32\CRYPTBASE.dll
0x00007ffe21450000 - 0x00007ffe21483000 	C:\WINDOWS\SYSTEM32\IPHLPAPI.DLL
0x00007ffe23af0000 - 0x00007ffe23afa000 	C:\WINDOWS\System32\NSI.dll
0x00007ffe1a000000 - 0x00007ffe1a010000 	C:\Program Files\Eclipse Adoptium\jdk-21.0.11.10-hotspot\bin\verify.dll
0x00007ffe21490000 - 0x00007ffe215e6000 	C:\WINDOWS\SYSTEM32\DNSAPI.dll
0x00007ffe21e50000 - 0x00007ffe21e5d000 	C:\WINDOWS\SYSTEM32\DSPARSE.dll
0x00007ffe1b930000 - 0x00007ffe1b93b000 	C:\Windows\System32\rasadhlp.dll
0x00007ffe1d5b0000 - 0x00007ffe1d636000 	C:\WINDOWS\System32\fwpuclnt.dll
0x00007ffe0c0d0000 - 0x00007ffe0c0d9000 	C:\Program Files\Eclipse Adoptium\jdk-21.0.11.10-hotspot\bin\extnet.dll
0x00007ffde9a90000 - 0x00007ffde9a98000 	C:\WINDOWS\system32\wshunix.dll

JVMTI agents: none

dbghelp: loaded successfully - version: 4.0.5 - missing functions: none
symbol engine: initialized successfully - sym options: 0x614 - pdb path: .;C:\Program Files\Eclipse Adoptium\jdk-21.0.11.10-hotspot\bin;C:\WINDOWS\SYSTEM32;C:\WINDOWS\WinSxS\amd64_microsoft.windows.common-controls_6595b64144ccf1df_6.0.26100.8875_none_3e0d5d42e32fe9dd;C:\Program Files\Eclipse Adoptium\jdk-21.0.11.10-hotspot\bin\server

VM Arguments:
java_command: C:\Users\NyenT\AppData\Local\Temp\surefire6318071799685620406\surefirebooter-20260822144848347_3.jar C:\Users\NyenT\AppData\Local\Temp\surefire6318071799685620406 2026-08-22T14-48-48_135-jvmRun1 surefire-20260822144848347_1tmp surefire_0-20260822144848347_2tmp
java_class_path (initial): C:\Users\NyenT\AppData\Local\Temp\surefire6318071799685620406\surefirebooter-20260822144848347_3.jar
Launcher Type: SUN_STANDARD

[Global flags]
     intx CICompilerCount                          = 4                                         {product} {ergonomic}
     uint ConcGCThreads                            = 2                                         {product} {ergonomic}
     uint G1ConcRefinementThreads                  = 8                                         {product} {ergonomic}
   size_t G1HeapRegionSize                         = 1048576                                   {product} {ergonomic}
    uintx GCDrainStackTargetSize                   = 64                                        {product} {ergonomic}
   size_t InitialHeapSize                          = 96468992                                  {product} {ergonomic}
   size_t MarkStackSize                            = 4194304                                   {product} {ergonomic}
   size_t MaxHeapSize                              = 1541406720                                {product} {ergonomic}
   size_t MaxNewSize                               = 924844032                                 {product} {ergonomic}
   size_t MinHeapDeltaBytes                        = 1048576                                   {product} {ergonomic}
   size_t MinHeapSize                              = 8388608                                   {product} {ergonomic}
    uintx NonNMethodCodeHeapSize                   = 5839372                                {pd product} {ergonomic}
    uintx NonProfiledCodeHeapSize                  = 122909434                              {pd product} {ergonomic}
    uintx ProfiledCodeHeapSize                     = 122909434                              {pd product} {ergonomic}
    uintx ReservedCodeCacheSize                    = 251658240                              {pd product} {ergonomic}
     bool SegmentedCodeCache                       = true                                      {product} {ergonomic}
   size_t SoftMaxHeapSize                          = 1541406720                             {manageable} {ergonomic}
     bool UseCompressedOops                        = true                           {product lp64_product} {ergonomic}
     bool UseG1GC                                  = true                                      {product} {ergonomic}
     bool UseLargePagesIndividualAllocation        = false                                  {pd product} {ergonomic}

Logging:
Log output configuration:
 #0: stdout all=warning uptime,level,tags foldmultilines=false
 #1: stderr all=off uptime,level,tags foldmultilines=false

Release file:
IMPLEMENTOR="Eclipse Adoptium" 
IMPLEMENTOR_VERSION="Temurin-21.0.11+10" 
JAVA_RUNTIME_VERSION="21.0.11+10-LTS" 
JAVA_VERSION="21.0.11" 
JAVA_VERSION_DATE="2026-04-21" 
LIBC="default" 
MODULES="java.base java.compiler java.datatransfer java.xml java.prefs java.desktop java.instrument java.logging java.management java.security.sasl java.naming java.rmi java.management.rmi java.net.http java.scripting java.security.jgss java.transaction.xa java.sql java.sql.rowset java.xml.crypto java.se java.smartcardio jdk.accessibility jdk.internal.jvmstat jdk.attach jdk.charsets jdk.internal.opt jdk.zipfs jdk.compiler jdk.crypto.ec jdk.crypto.cryptoki jdk.crypto.mscapi jdk.dynalink jdk.internal.ed jdk.editpad jdk.hotspot.agent jdk.httpserver jdk.incubator.vector jdk.internal.le jdk.internal.vm.ci jdk.internal.vm.compiler jdk.internal.vm.compiler.management jdk.jartool jdk.javadoc jdk.jcmd jdk.management jdk.management.agent jdk.jconsole jdk.jdeps jdk.jdwp.agent jdk.jdi jdk.jfr jdk.jlink jdk.jpackage jdk.jshell jdk.jsobject jdk.jstatd jdk.localedata jdk.management.jfr jdk.naming.dns jdk.naming.rmi jdk.net jdk.nio.mapmode jdk.random jdk.sctp jdk.security.auth jdk.security.jgss jdk.unsupported jdk.unsupported.desktop jdk.xml.dom" 
OS_ARCH="x86_64" 
OS_NAME="Windows" 
SOURCE=".:git:254494ad7d75" 
BUILD_SOURCE="git:a612825ee82a20ac872d60958c349854c1f29a8e"
BUILD_SOURCE_REPO="https://github.com/adoptium/temurin-build.git"
SOURCE_REPO="https://github.com/adoptium/jdk21u.git"
FULL_VERSION="21.0.11+10-LTS"
SEMANTIC_VERSION="21.0.11+10"
BUILD_INFO="OS: Windows Server 2022 Version: 10.0"
JVM_VARIANT="Hotspot"
JVM_VERSION="21.0.11+10-LTS"
IMAGE_TYPE="JDK"

Environment Variables:
JAVA_HOME=C:\Program Files\Eclipse Adoptium\jdk-21.0.11.10-hotspot\
PATH=C:\Program Files\Eclipse Adoptium\jdk-21.0.11.10-hotspot\bin;C:\Program Files\Eclipse Adoptium\jdk-17.0.19.10-hotspot\bin;C:\Program Files (x86)\VMware\VMware Workstation\bin\;C:\WINDOWS\system32;C:\WINDOWS;C:\WINDOWS\System32\Wbem;C:\WINDOWS\System32\WindowsPowerShell\v1.0\;C:\WINDOWS\System32\OpenSSH\;C:\Program Files\Cloudflare\Cloudflare WARP\;C:\Program Files\Git\cmd;C:\Program Files\MySQL\MySQL Server 8.0\bin;C:\Program Files\dotnet\;C:\Program Files\Microsoft SQL Server\110\Tools\Binn\;C:\Program Files\nodejs\;;D:\npm-global
USERNAME=Khaing Zin Phyo
OS=Windows_NT
PROCESSOR_IDENTIFIER=AMD64 Family 23 Model 160 Stepping 0, AuthenticAMD
TMP=C:\Users\NyenT\AppData\Local\Temp
TEMP=C:\Users\NyenT\AppData\Local\Temp




Periodic native trim disabled

---------------  S Y S T E M  ---------------

OS:
 Windows 11 , 64 bit Build 26100 (10.0.26100.8875)
OS uptime: 7 days 12:51 hours
Hyper-V role detected

CPU: total 8 (initial active 8) (8 cores per cpu, 2 threads per core) family 23 model 160 stepping 0 microcode 0x8a0000b, cx8, cmov, fxsr, ht, mmx, 3dnowpref, sse, sse2, sse3, ssse3, sse4a, sse4.1, sse4.2, popcnt, lzcnt, tsc, tscinvbit, avx, avx2, aes, clmul, bmi1, bmi2, adx, sha, fma, vzeroupper, clflush, clflushopt, hv, rdtscp, rdpid, f16c
Processor Information for the first 8 processors :
  Max Mhz: 2801, Current Mhz: 2801, Mhz Limit: 2801

Memory: 4k page, system-wide physical 5877M (624M free)
TotalPageFile size 24309M (AvailPageFile size 13M)
current process WorkingSet (physical memory assigned to process): 376M, peak: 384M
current process commit charge ("private bytes"): 433M, peak: 444M

vm_info: OpenJDK 64-Bit Server VM (21.0.11+10-LTS) for windows-amd64 JRE (21.0.11+10-LTS), built on 2026-04-21T00:00:00Z by "admin" with MS VC++ 17.12 (VS2022)

END.
