#
# There is insufficient memory for the Java Runtime Environment to continue.
# Native memory allocation (mmap) failed to map 96468992 bytes. Error detail: G1 virtual space
# Possible reasons:
#   The system is out of physical RAM or swap space
#   This process is running with CompressedOops enabled, and the Java Heap may be blocking the growth of the native heap
# Possible solutions:
#   Reduce memory load on the system
#   Increase physical memory or swap space
#   Check if swap backing store is full
#   Decrease Java heap size (-Xmx/-Xms)
#   Decrease number of Java threads
#   Decrease Java thread stack sizes (-Xss)
#   Set larger code cache with -XX:ReservedCodeCacheSize=
#   JVM is running with Unscaled Compressed Oops mode in which the Java heap is
#     placed in the first 4GB address space. The Java Heap base address is the
#     maximum limit for the native heap growth. Please use -XX:HeapBaseMinAddress
#     to set the Java Heap base and to place the Java Heap above 4GB virtual address.
# This output file may be truncated or incomplete.
#
#  Out of Memory Error (os_windows.cpp:3714), pid=11496, tid=27064
#
# JRE version:  (21.0.11+10) (build )
# Java VM: OpenJDK 64-Bit Server VM (21.0.11+10-LTS, mixed mode, sharing, tiered, compressed oops, compressed class ptrs, g1 gc, windows-amd64)
# No core dump will be written. Minidumps are not enabled by default on client versions of Windows
#

---------------  S U M M A R Y ------------

Command Line: -Dnet.bytebuddy.agent.attacher.dump= net.bytebuddy.agent.Attacher com.sun.tools.attach.VirtualMachine 22852 C:\Users\NyenT\.m2\repository\net\bytebuddy\byte-buddy-agent\1.14.13\byte-buddy-agent-1.14.13.jar false 

Host: AMD Ryzen 5 7520U with Radeon Graphics         , 8 cores, 5G,  Windows 11 , 64 bit Build 26100 (10.0.26100.8875)
Time: Sat Aug 22 14:51:50 2026 Myanmar Standard Time elapsed time: 2.029565 seconds (0d 0h 0m 2s)

---------------  T H R E A D  ---------------

Current thread (0x00000231e131e720):  JavaThread "Unknown thread" [_thread_in_vm, id=27064, stack(0x0000004347300000,0x0000004347400000) (1024K)]

Stack: [0x0000004347300000,0x0000004347400000]
Native frames: (J=compiled Java code, j=interpreted, Vv=VM code, C=native code)
V  [jvm.dll+0x6d7e19]
V  [jvm.dll+0x8b5096]
V  [jvm.dll+0x8b764e]
V  [jvm.dll+0x8b7d33]
V  [jvm.dll+0x284596]
V  [jvm.dll+0x6d4735]
V  [jvm.dll+0x6c845a]
V  [jvm.dll+0x35ef08]
V  [jvm.dll+0x366b46]
V  [jvm.dll+0x3b7c2e]
V  [jvm.dll+0x3b7ed8]
V  [jvm.dll+0x33310c]
V  [jvm.dll+0x333c5b]
V  [jvm.dll+0x87f04b]
V  [jvm.dll+0x3c4bb1]
V  [jvm.dll+0x868295]
V  [jvm.dll+0x457c41]
V  [jvm.dll+0x459831]
C  [jli.dll+0x52dc]
C  [ucrtbase.dll+0x2cd30]
C  [KERNEL32.DLL+0x2e957]
C  [ntdll.dll+0xaad6c]


---------------  P R O C E S S  ---------------

Threads class SMR info:
_java_thread_list=0x00007ffda8f2b1c8, length=0, elements={
}

Java Threads: ( => current thread )
Total: 0

Other Threads:
  0x00000231e37ec5b0 WorkerThread "GC Thread#0"                     [id=24836, stack(0x0000004347400000,0x0000004347500000) (1024K)]
  0x00000231e37f9570 ConcurrentGCThread "G1 Main Marker"            [id=24704, stack(0x0000004347500000,0x0000004347600000) (1024K)]
  0x00000231e37faf00 WorkerThread "G1 Conc#0"                       [id=20764, stack(0x0000004347600000,0x0000004347700000) (1024K)]

[error occurred during error reporting (printing all threads), id 0xc0000005, EXCEPTION_ACCESS_VIOLATION (0xc0000005) at pc=0x00007ffda86257f7]
VM state: not at safepoint (not fully initialized)

VM Mutex/Monitor currently owned by a thread:  ([mutex/lock_event])
[0x00007ffda8f9f670] Heap_lock - owner thread: 0x00000231e131e720

Heap address: 0x00000000a4200000, size: 1470 MB, Compressed Oops mode: 32-bit

CDS archive(s) mapped at: [0x0000000000000000-0x0000000000000000-0x0000000000000000), size 0, SharedBaseAddress: 0x0000000800000000, ArchiveRelocationMode: 1.
Narrow klass base: 0x0000000000000000, Narrow klass shift: 0, Narrow klass range: 0x0

GC Precious Log:
 CardTable entry size: 512
 Card Set container configuration: InlinePtr #cards 5 size 8 Array Of Cards #cards 12 size 40 Howl #buckets 4 coarsen threshold 1843 Howl Bitmap #cards 512 size 80 coarsen threshold 460 Card regions per heap region 1 cards per card region 2048

Heap:
 garbage-first heap   total 0K, used 0K [0x00000000a4200000, 0x0000000100000000)
  region size 1024K, 0 young (0K), 0 survivors (0K)

[error occurred during error reporting (printing heap information), id 0xc0000005, EXCEPTION_ACCESS_VIOLATION (0xc0000005) at pc=0x00007ffda8a11789]
GC Heap History (0 events):
No events

Dll operation events (1 events):
Event: 0.023 Loaded shared library C:\Program Files\Eclipse Adoptium\jdk-21.0.11.10-hotspot\bin\java.dll

Deoptimization events (0 events):
No events

Classes loaded (0 events):
No events

Classes unloaded (0 events):
No events

Classes redefined (0 events):
No events

Internal exceptions (0 events):
No events

ZGC Phase Switch (0 events):
No events

VM Operations (0 events):
No events

Memory protections (0 events):
No events

Nmethod flushes (0 events):
No events

Events (0 events):
No events


Dynamic libraries:
0x00007ff6af8b0000 - 0x00007ff6af8be000 	C:\Program Files\Eclipse Adoptium\jdk-21.0.11.10-hotspot\bin\java.exe
0x00007ffe25bc0000 - 0x00007ffe25e26000 	C:\WINDOWS\SYSTEM32\ntdll.dll
0x00007ffe23d70000 - 0x00007ffe23e39000 	C:\WINDOWS\System32\KERNEL32.DLL
0x00007ffe23270000 - 0x00007ffe2366e000 	C:\WINDOWS\System32\KERNELBASE.dll
0x00007ffe230e0000 - 0x00007ffe2322c000 	C:\WINDOWS\System32\ucrtbase.dll
0x00007ffe1b0c0000 - 0x00007ffe1b0de000 	C:\Program Files\Eclipse Adoptium\jdk-21.0.11.10-hotspot\bin\VCRUNTIME140.dll
0x00007ffe09d50000 - 0x00007ffe09d68000 	C:\Program Files\Eclipse Adoptium\jdk-21.0.11.10-hotspot\bin\jli.dll
0x00007ffe10020000 - 0x00007ffe102b2000 	C:\WINDOWS\WinSxS\amd64_microsoft.windows.common-controls_6595b64144ccf1df_6.0.26100.8875_none_3e0d5d42e32fe9dd\COMCTL32.dll
0x00007ffe256c0000 - 0x00007ffe25887000 	C:\WINDOWS\System32\USER32.dll
0x00007ffe25ad0000 - 0x00007ffe25b79000 	C:\WINDOWS\System32\msvcrt.dll
0x00007ffe24140000 - 0x00007ffe2416b000 	C:\WINDOWS\System32\GDI32.dll
0x00007ffe23240000 - 0x00007ffe23267000 	C:\WINDOWS\System32\win32u.dll
0x00007ffe237c0000 - 0x00007ffe238ea000 	C:\WINDOWS\System32\gdi32full.dll
0x00007ffe23710000 - 0x00007ffe237b3000 	C:\WINDOWS\System32\msvcp_win.dll
0x00007ffe24bb0000 - 0x00007ffe24be2000 	C:\WINDOWS\System32\IMM32.DLL
0x00007ffe1b1c0000 - 0x00007ffe1b1cc000 	C:\Program Files\Eclipse Adoptium\jdk-21.0.11.10-hotspot\bin\vcruntime140_1.dll
0x00007ffde3f00000 - 0x00007ffde3f8d000 	C:\Program Files\Eclipse Adoptium\jdk-21.0.11.10-hotspot\bin\msvcp140.dll
0x00007ffda82e0000 - 0x00007ffda9082000 	C:\Program Files\Eclipse Adoptium\jdk-21.0.11.10-hotspot\bin\server\jvm.dll
0x00007ffe24350000 - 0x00007ffe24407000 	C:\WINDOWS\System32\ADVAPI32.dll
0x00007ffe239b0000 - 0x00007ffe23a5a000 	C:\WINDOWS\System32\sechost.dll
0x00007ffe23e40000 - 0x00007ffe23f58000 	C:\WINDOWS\System32\RPCRT4.dll
0x00007ffe255a0000 - 0x00007ffe25620000 	C:\WINDOWS\System32\WS2_32.dll
0x00007ffe22c60000 - 0x00007ffe22cbe000 	C:\WINDOWS\SYSTEM32\POWRPROF.dll
0x00007ffe19ea0000 - 0x00007ffe19eab000 	C:\WINDOWS\SYSTEM32\VERSION.dll
0x00007ffe15330000 - 0x00007ffe15366000 	C:\WINDOWS\SYSTEM32\WINMM.dll
0x00007ffe22c20000 - 0x00007ffe22c34000 	C:\WINDOWS\SYSTEM32\UMPDC.dll
0x00007ffe21ac0000 - 0x00007ffe21adb000 	C:\WINDOWS\SYSTEM32\kernel.appcore.dll
0x00007ffe1b170000 - 0x00007ffe1b17a000 	C:\Program Files\Eclipse Adoptium\jdk-21.0.11.10-hotspot\bin\jimage.dll
0x00007ffe205d0000 - 0x00007ffe20812000 	C:\WINDOWS\SYSTEM32\DBGHELP.DLL
0x00007ffe24bf0000 - 0x00007ffe24f73000 	C:\WINDOWS\System32\combase.dll
0x00007ffe24270000 - 0x00007ffe24349000 	C:\WINDOWS\System32\OLEAUT32.dll
0x00007ffe015d0000 - 0x00007ffe0160b000 	C:\WINDOWS\SYSTEM32\dbgcore.DLL
0x00007ffe22ea0000 - 0x00007ffe22f4c000 	C:\WINDOWS\System32\bcryptPrimitives.dll
0x00007ffe09000000 - 0x00007ffe09020000 	C:\Program Files\Eclipse Adoptium\jdk-21.0.11.10-hotspot\bin\java.dll

JVMTI agents: none

dbghelp: loaded successfully - version: 4.0.5 - missing functions: none
symbol engine: initialized successfully - sym options: 0x614 - pdb path: .;C:\Program Files\Eclipse Adoptium\jdk-21.0.11.10-hotspot\bin;C:\WINDOWS\SYSTEM32;C:\WINDOWS\WinSxS\amd64_microsoft.windows.common-controls_6595b64144ccf1df_6.0.26100.8875_none_3e0d5d42e32fe9dd;C:\Program Files\Eclipse Adoptium\jdk-21.0.11.10-hotspot\bin\server

VM Arguments:
jvm_args: -Dnet.bytebuddy.agent.attacher.dump= 
java_command: net.bytebuddy.agent.Attacher com.sun.tools.attach.VirtualMachine 22852 C:\Users\NyenT\.m2\repository\net\bytebuddy\byte-buddy-agent\1.14.13\byte-buddy-agent-1.14.13.jar false 
java_class_path (initial): C:\Users\NyenT\.m2\repository\net\bytebuddy\byte-buddy-agent\1.14.13\byte-buddy-agent-1.14.13.jar
Launcher Type: SUN_STANDARD

[Global flags]
     intx CICompilerCount                          = 4                                         {product} {ergonomic}
     uint ConcGCThreads                            = 2                                         {product} {ergonomic}
     uint G1ConcRefinementThreads                  = 8                                         {product} {ergonomic}
   size_t G1HeapRegionSize                         = 1048576                                   {product} {ergonomic}
    uintx GCDrainStackTargetSize                   = 64                                        {product} {ergonomic}
   size_t InitialHeapSize                          = 96468992                                  {product} {ergonomic}
   size_t MarkStackSize                            = 4194304                                   {product} {ergonomic}
   size_t MaxHeapSize                              = 1541406720                                {product} {ergonomic}
   size_t MinHeapDeltaBytes                        = 1048576                                   {product} {ergonomic}
   size_t MinHeapSize                              = 8388608                                   {product} {ergonomic}
    uintx NonNMethodCodeHeapSize                   = 5839372                                {pd product} {ergonomic}
    uintx NonProfiledCodeHeapSize                  = 122909434                              {pd product} {ergonomic}
    uintx ProfiledCodeHeapSize                     = 122909434                              {pd product} {ergonomic}
    uintx ReservedCodeCacheSize                    = 251658240                              {pd product} {ergonomic}
     bool SegmentedCodeCache                       = true                                      {product} {ergonomic}
   size_t SoftMaxHeapSize                          = 1541406720                             {manageable} {ergonomic}
     bool UseCompressedOops                        = true                           {product lp64_product} {ergonomic}
     bool UseG1GC                                  = true                                      {product} {ergonomic}
     bool UseLargePagesIndividualAllocation        = false                                  {pd product} {ergonomic}

Logging:
Log output configuration:
 #0: stdout all=warning uptime,level,tags foldmultilines=false
 #1: stderr all=off uptime,level,tags foldmultilines=false

Release file:
<release file has not been read>
Environment Variables:
JAVA_HOME=C:\Program Files\Eclipse Adoptium\jdk-21.0.11.10-hotspot\
PATH=C:\Program Files\Eclipse Adoptium\jdk-21.0.11.10-hotspot\bin;C:\Program Files\Eclipse Adoptium\jdk-17.0.19.10-hotspot\bin;C:\Program Files (x86)\VMware\VMware Workstation\bin\;C:\WINDOWS\system32;C:\WINDOWS;C:\WINDOWS\System32\Wbem;C:\WINDOWS\System32\WindowsPowerShell\v1.0\;C:\WINDOWS\System32\OpenSSH\;C:\Program Files\Cloudflare\Cloudflare WARP\;C:\Program Files\Git\cmd;C:\Program Files\MySQL\MySQL Server 8.0\bin;C:\Program Files\dotnet\;C:\Program Files\Microsoft SQL Server\110\Tools\Binn\;C:\Program Files\nodejs\;;D:\npm-global
USERNAME=Khaing Zin Phyo
OS=Windows_NT
PROCESSOR_IDENTIFIER=AMD64 Family 23 Model 160 Stepping 0, AuthenticAMD
TMP=C:\Users\NyenT\AppData\Local\Temp
TEMP=C:\Users\NyenT\AppData\Local\Temp




Periodic native trim disabled

---------------  S Y S T E M  ---------------

OS:
 Windows 11 , 64 bit Build 26100 (10.0.26100.8875)
OS uptime: 7 days 12:53 hours
Hyper-V role detected

CPU: total 8 (initial active 8) (8 cores per cpu, 2 threads per core) family 23 model 160 stepping 0 microcode 0x8a0000b, cx8, cmov, fxsr, ht, mmx, 3dnowpref, sse, sse2, sse3, ssse3, sse4a, sse4.1, sse4.2, popcnt, lzcnt, tsc, tscinvbit, avx, avx2, aes, clmul, bmi1, bmi2, adx, sha, fma, vzeroupper, clflush, clflushopt, hv, rdtscp, rdpid, f16c
Processor Information for the first 8 processors :
  Max Mhz: 2801, Current Mhz: 2801, Mhz Limit: 2801

Memory: 4k page, system-wide physical 5877M (390M free)
TotalPageFile size 24309M (AvailPageFile size 99M)
current process WorkingSet (physical memory assigned to process): 12M, peak: 12M
current process commit charge ("private bytes"): 60M, peak: 152M

vm_info: OpenJDK 64-Bit Server VM (21.0.11+10-LTS) for windows-amd64 JRE (21.0.11+10-LTS), built on 2026-04-21T00:00:00Z by "admin" with MS VC++ 17.12 (VS2022)

END.
