#
# There is insufficient memory for the Java Runtime Environment to continue.
# Native memory allocation (malloc) failed to allocate 154192 bytes. Error detail: Chunk::new
# Possible reasons:
#   The system is out of physical RAM or swap space
#   This process is running with CompressedOops enabled, and the Java Heap may be blocking the growth of the native heap
# Possible solutions:
#   Reduce memory load on the system
#   Increase physical memory or swap space
#   Check if swap backing store is full
#   Decrease Java heap size (-Xmx/-Xms)
#   Decrease number of Java threads
#   Decrease Java thread stack sizes (-Xss)
#   Set larger code cache with -XX:ReservedCodeCacheSize=
#   JVM is running with Unscaled Compressed Oops mode in which the Java heap is
#     placed in the first 4GB address space. The Java Heap base address is the
#     maximum limit for the native heap growth. Please use -XX:HeapBaseMinAddress
#     to set the Java Heap base and to place the Java Heap above 4GB virtual address.
# This output file may be truncated or incomplete.
#
#  Out of Memory Error (arena.cpp:168), pid=25620, tid=25460
#
# JRE version: OpenJDK Runtime Environment Temurin-21.0.11+10 (21.0.11+10) (build 21.0.11+10-LTS)
# Java VM: OpenJDK 64-Bit Server VM Temurin-21.0.11+10 (21.0.11+10-LTS, mixed mode, sharing, tiered, compressed oops, compressed class ptrs, g1 gc, windows-amd64)
# No core dump will be written. Minidumps are not enabled by default on client versions of Windows
#

---------------  S U M M A R Y ------------

Command Line: -Djdk.attach.allowAttachSelf=true -Xmx1024m C:\Users\NyenT\AppData\Local\Temp\surefire934312423205380060\surefirebooter-20260822212603779_3.jar C:\Users\NyenT\AppData\Local\Temp\surefire934312423205380060 2026-08-22T21-26-03_467-jvmRun1 surefire-20260822212603779_1tmp surefire_0-20260822212603779_2tmp

Host: AMD Ryzen 5 7520U with Radeon Graphics         , 8 cores, 5G,  Windows 11 , 64 bit Build 26100 (10.0.26100.8875)
Time: Sat Aug 22 21:28:52 2026 Myanmar Standard Time elapsed time: 168.347907 seconds (0d 0h 2m 48s)

---------------  T H R E A D  ---------------

Current thread (0x000001e8e896f230):  JavaThread "C2 CompilerThread0" daemon [_thread_in_native, id=25460, stack(0x0000002dc7500000,0x0000002dc7600000) (1024K)]


Current CompileTask:
C2:168347 12386   !   4       org.springframework.beans.factory.support.AbstractBeanFactory::doGetBean (740 bytes)

Stack: [0x0000002dc7500000,0x0000002dc7600000]
Native frames: (J=compiled Java code, j=interpreted, Vv=VM code, C=native code)
V  [jvm.dll+0x6d7e19]
V  [jvm.dll+0x8b5096]
V  [jvm.dll+0x8b764e]
V  [jvm.dll+0x8b7d33]
V  [jvm.dll+0x284596]
V  [jvm.dll+0xc685d]
V  [jvm.dll+0xc6da1]
V  [jvm.dll+0x3bed6b]
V  [jvm.dll+0x1e3b4e]
V  [jvm.dll+0x24c853]
V  [jvm.dll+0x24bce0]
V  [jvm.dll+0x1cb4ae]
V  [jvm.dll+0x25baad]
V  [jvm.dll+0x25a03a]
V  [jvm.dll+0x3f868e]
V  [jvm.dll+0x85fb0d]
V  [jvm.dll+0x6d664d]
C  [ucrtbase.dll+0x2cd30]
C  [KERNEL32.DLL+0x2e957]
C  [ntdll.dll+0xaad6c]


---------------  P R O C E S S  ---------------

Threads class SMR info:
_java_thread_list=0x000001e8f0d59910, length=18, elements={
0x000001e8cae6e470, 0x000001e8e8951900, 0x000001e8e8954370, 0x000001e8e8958fc0,
0x000001e8e895a2f0, 0x000001e8e895f490, 0x000001e8e8961630, 0x000001e8e896f230,
0x000001e8e8964cd0, 0x000001e8e8ab26e0, 0x000001e8e8ac0f40, 0x000001e8ed1e23c0,
0x000001e8ed3a3d00, 0x000001e8ee369b60, 0x000001e8ed6389b0, 0x000001e8f06eda90,
0x000001e8f06ed400, 0x000001e8f06ee120
}

Java Threads: ( => current thread )
  0x000001e8cae6e470 JavaThread "main"                              [_thread_in_native, id=5244, stack(0x0000002dc6700000,0x0000002dc6800000) (1024K)]
  0x000001e8e8951900 JavaThread "Reference Handler"          daemon [_thread_blocked, id=27052, stack(0x0000002dc6f00000,0x0000002dc7000000) (1024K)]
  0x000001e8e8954370 JavaThread "Finalizer"                  daemon [_thread_blocked, id=14176, stack(0x0000002dc7000000,0x0000002dc7100000) (1024K)]
  0x000001e8e8958fc0 JavaThread "Signal Dispatcher"          daemon [_thread_blocked, id=28236, stack(0x0000002dc7100000,0x0000002dc7200000) (1024K)]
  0x000001e8e895a2f0 JavaThread "Attach Listener"            daemon [_thread_blocked, id=28624, stack(0x0000002dc7200000,0x0000002dc7300000) (1024K)]
  0x000001e8e895f490 JavaThread "Service Thread"             daemon [_thread_blocked, id=5888, stack(0x0000002dc7300000,0x0000002dc7400000) (1024K)]
  0x000001e8e8961630 JavaThread "Monitor Deflation Thread"   daemon [_thread_blocked, id=28240, stack(0x0000002dc7400000,0x0000002dc7500000) (1024K)]
=>0x000001e8e896f230 JavaThread "C2 CompilerThread0"         daemon [_thread_in_native, id=25460, stack(0x0000002dc7500000,0x0000002dc7600000) (1024K)]
  0x000001e8e8964cd0 JavaThread "C1 CompilerThread0"         daemon [_thread_blocked, id=18540, stack(0x0000002dc7600000,0x0000002dc7700000) (1024K)]
  0x000001e8e8ab26e0 JavaThread "Notification Thread"        daemon [_thread_blocked, id=7608, stack(0x0000002dc7700000,0x0000002dc7800000) (1024K)]
  0x000001e8e8ac0f40 JavaThread "Common-Cleaner"             daemon [_thread_blocked, id=15008, stack(0x0000002dc7800000,0x0000002dc7900000) (1024K)]
  0x000001e8ed1e23c0 JavaThread "surefire-forkedjvm-stream-flusher" daemon [_thread_blocked, id=25112, stack(0x0000002dc7900000,0x0000002dc7a00000) (1024K)]
  0x000001e8ed3a3d00 JavaThread "surefire-forkedjvm-command-thread" daemon [_thread_in_native, id=19680, stack(0x0000002dc7a00000,0x0000002dc7b00000) (1024K)]
  0x000001e8ee369b60 JavaThread "HikariPool-1 housekeeper"   daemon [_thread_blocked, id=19268, stack(0x0000002dc8200000,0x0000002dc8300000) (1024K)]
  0x000001e8ed6389b0 JavaThread "PostgreSQL-JDBC-Cleaner"    daemon [_thread_blocked, id=6252, stack(0x0000002dc8600000,0x0000002dc8700000) (1024K)]
  0x000001e8f06eda90 JavaThread "db-keepalive"               daemon [_thread_blocked, id=5220, stack(0x0000002dc8700000,0x0000002dc8800000) (1024K)]
  0x000001e8f06ed400 JavaThread "HttpClient-1-SelectorManager" daemon [_thread_in_native, id=4820, stack(0x0000002dc8800000,0x0000002dc8900000) (1024K)]
  0x000001e8f06ee120 JavaThread "scheduling-1"                      [_thread_blocked, id=14132, stack(0x0000002dc8900000,0x0000002dc8a00000) (1024K)]
Total: 18

Other Threads:
  0x000001e8e8936f00 VMThread "VM Thread"                           [id=7836, stack(0x0000002dc6e00000,0x0000002dc6f00000) (1024K)]
  0x000001e8e891f970 WatcherThread "VM Periodic Task Thread"        [id=17340, stack(0x0000002dc6d00000,0x0000002dc6e00000) (1024K)]
  0x000001e8cd141120 WorkerThread "GC Thread#0"                     [id=10968, stack(0x0000002dc6800000,0x0000002dc6900000) (1024K)]
  0x000001e8eda1b2e0 WorkerThread "GC Thread#1"                     [id=15992, stack(0x0000002dc7b00000,0x0000002dc7c00000) (1024K)]
  0x000001e8edb1e2a0 WorkerThread "GC Thread#2"                     [id=24100, stack(0x0000002dc7c00000,0x0000002dc7d00000) (1024K)]
  0x000001e8edb1faf0 WorkerThread "GC Thread#3"                     [id=17132, stack(0x0000002dc7d00000,0x0000002dc7e00000) (1024K)]
  0x000001e8edb2d210 WorkerThread "GC Thread#4"                     [id=15924, stack(0x0000002dc7e00000,0x0000002dc7f00000) (1024K)]
  0x000001e8edb2d5c0 WorkerThread "GC Thread#5"                     [id=26588, stack(0x0000002dc7f00000,0x0000002dc8000000) (1024K)]
  0x000001e8edb2dd80 WorkerThread "GC Thread#6"                     [id=22700, stack(0x0000002dc8000000,0x0000002dc8100000) (1024K)]
  0x000001e8edb2e130 WorkerThread "GC Thread#7"                     [id=25344, stack(0x0000002dc8100000,0x0000002dc8200000) (1024K)]
  0x000001e8cd14a020 ConcurrentGCThread "G1 Main Marker"            [id=19528, stack(0x0000002dc6900000,0x0000002dc6a00000) (1024K)]
  0x000001e8cd14b8c0 WorkerThread "G1 Conc#0"                       [id=26936, stack(0x0000002dc6a00000,0x0000002dc6b00000) (1024K)]
  0x000001e8ee312390 WorkerThread "G1 Conc#1"                       [id=19744, stack(0x0000002dc8300000,0x0000002dc8400000) (1024K)]
  0x000001e8cd1c1950 ConcurrentGCThread "G1 Refine#0"               [id=3052, stack(0x0000002dc6b00000,0x0000002dc6c00000) (1024K)]
  0x000001e8e8801490 ConcurrentGCThread "G1 Service"                [id=13744, stack(0x0000002dc6c00000,0x0000002dc6d00000) (1024K)]
Total: 15

Threads with active compile tasks:
C2 CompilerThread0  168381 12386   !   4       org.springframework.beans.factory.support.AbstractBeanFactory::doGetBean (740 bytes)
Total: 1

VM state: not at safepoint (normal execution)

VM Mutex/Monitor currently owned by a thread: None

Heap address: 0x00000000c0000000, size: 1024 MB, Compressed Oops mode: 32-bit

CDS archive(s) mapped at: [0x000001e880000000-0x000001e880c80000-0x000001e880c80000), size 13107200, SharedBaseAddress: 0x000001e880000000, ArchiveRelocationMode: 1.
Compressed class space mapped at: 0x000001e881000000-0x000001e8c1000000, reserved size: 1073741824
Narrow klass base: 0x000001e880000000, Narrow klass shift: 0, Narrow klass range: 0x100000000

GC Precious Log:
 CardTable entry size: 512
 Card Set container configuration: InlinePtr #cards 5 size 8 Array Of Cards #cards 12 size 40 Howl #buckets 4 coarsen threshold 1843 Howl Bitmap #cards 512 size 80 coarsen threshold 460 Card regions per heap region 1 cards per card region 2048
 CPUs: 8 total, 8 available
 Memory: 5877M
 Large Page Support: Disabled
 NUMA Support: Disabled
 Compressed Oops: Enabled (32-bit)
 Heap Region Size: 1M
 Heap Min Capacity: 8M
 Heap Initial Capacity: 92M
 Heap Max Capacity: 1G
 Pre-touch: Disabled
 Parallel Workers: 8
 Concurrent Workers: 2
 Concurrent Refinement Workers: 8
 Periodic GC: Disabled

Heap:
 garbage-first heap   total 149504K, used 88897K [0x00000000c0000000, 0x0000000100000000)
  region size 1024K, 27 young (27648K), 6 survivors (6144K)
 Metaspace       used 91592K, committed 92672K, reserved 1179648K
  class space    used 12581K, committed 13056K, reserved 1048576K

Heap Regions: E=young(eden), S=young(survivor), O=old, HS=humongous(starts), HC=humongous(continues), CS=collection set, F=free, TAMS=top-at-mark-start, PB=parsable bottom
|   0|0x00000000c0000000, 0x00000000c0100000, 0x00000000c0100000|100%|HS|  |TAMS 0x00000000c0000000| PB 0x00000000c0000000| Complete 
|   1|0x00000000c0100000, 0x00000000c0200000, 0x00000000c0200000|100%| O|  |TAMS 0x00000000c0100000| PB 0x00000000c0100000| Untracked 
|   2|0x00000000c0200000, 0x00000000c0300000, 0x00000000c0300000|100%| O|  |TAMS 0x00000000c0200000| PB 0x00000000c0200000| Untracked 
|   3|0x00000000c0300000, 0x00000000c0400000, 0x00000000c0400000|100%| O|  |TAMS 0x00000000c0300000| PB 0x00000000c0300000| Untracked 
|   4|0x00000000c0400000, 0x00000000c0500000, 0x00000000c0500000|100%| O|  |TAMS 0x00000000c0400000| PB 0x00000000c0400000| Untracked 
|   5|0x00000000c0500000, 0x00000000c0600000, 0x00000000c0600000|100%| O|  |TAMS 0x00000000c0500000| PB 0x00000000c0500000| Untracked 
|   6|0x00000000c0600000, 0x00000000c0700000, 0x00000000c0700000|100%| O|  |TAMS 0x00000000c0600000| PB 0x00000000c0600000| Untracked 
|   7|0x00000000c0700000, 0x00000000c0800000, 0x00000000c0800000|100%| O|  |TAMS 0x00000000c0700000| PB 0x00000000c0700000| Untracked 
|   8|0x00000000c0800000, 0x00000000c0900000, 0x00000000c0900000|100%| O|  |TAMS 0x00000000c0800000| PB 0x00000000c0800000| Untracked 
|   9|0x00000000c0900000, 0x00000000c0a00000, 0x00000000c0a00000|100%| O|  |TAMS 0x00000000c0900000| PB 0x00000000c0900000| Untracked 
|  10|0x00000000c0a00000, 0x00000000c0b00000, 0x00000000c0b00000|100%| O|  |TAMS 0x00000000c0a00000| PB 0x00000000c0a00000| Untracked 
|  11|0x00000000c0b00000, 0x00000000c0c00000, 0x00000000c0c00000|100%| O|  |TAMS 0x00000000c0b00000| PB 0x00000000c0b00000| Untracked 
|  12|0x00000000c0c00000, 0x00000000c0d00000, 0x00000000c0d00000|100%| O|  |TAMS 0x00000000c0c00000| PB 0x00000000c0c00000| Untracked 
|  13|0x00000000c0d00000, 0x00000000c0e00000, 0x00000000c0e00000|100%| O|  |TAMS 0x00000000c0d00000| PB 0x00000000c0d00000| Untracked 
|  14|0x00000000c0e00000, 0x00000000c0f00000, 0x00000000c0f00000|100%| O|  |TAMS 0x00000000c0e00000| PB 0x00000000c0e00000| Untracked 
|  15|0x00000000c0f00000, 0x00000000c1000000, 0x00000000c1000000|100%| O|  |TAMS 0x00000000c0f00000| PB 0x00000000c0f00000| Untracked 
|  16|0x00000000c1000000, 0x00000000c1100000, 0x00000000c1100000|100%| O|  |TAMS 0x00000000c1000000| PB 0x00000000c1000000| Untracked 
|  17|0x00000000c1100000, 0x00000000c1200000, 0x00000000c1200000|100%| O|  |TAMS 0x00000000c1100000| PB 0x00000000c1100000| Untracked 
|  18|0x00000000c1200000, 0x00000000c1300000, 0x00000000c1300000|100%| O|  |TAMS 0x00000000c1200000| PB 0x00000000c1200000| Untracked 
|  19|0x00000000c1300000, 0x00000000c1400000, 0x00000000c1400000|100%| O|  |TAMS 0x00000000c1300000| PB 0x00000000c1300000| Untracked 
|  20|0x00000000c1400000, 0x00000000c1500000, 0x00000000c1500000|100%| O|  |TAMS 0x00000000c1400000| PB 0x00000000c1400000| Untracked 
|  21|0x00000000c1500000, 0x00000000c1600000, 0x00000000c1600000|100%| O|  |TAMS 0x00000000c1500000| PB 0x00000000c1500000| Untracked 
|  22|0x00000000c1600000, 0x00000000c1700000, 0x00000000c1700000|100%| O|  |TAMS 0x00000000c1600000| PB 0x00000000c1600000| Untracked 
|  23|0x00000000c1700000, 0x00000000c1800000, 0x00000000c1800000|100%| O|  |TAMS 0x00000000c1700000| PB 0x00000000c1700000| Untracked 
|  24|0x00000000c1800000, 0x00000000c1900000, 0x00000000c1900000|100%| O|  |TAMS 0x00000000c1800000| PB 0x00000000c1800000| Untracked 
|  25|0x00000000c1900000, 0x00000000c1a00000, 0x00000000c1a00000|100%| O|  |TAMS 0x00000000c1900000| PB 0x00000000c1900000| Untracked 
|  26|0x00000000c1a00000, 0x00000000c1b00000, 0x00000000c1b00000|100%| O|  |TAMS 0x00000000c1a00000| PB 0x00000000c1a00000| Untracked 
|  27|0x00000000c1b00000, 0x00000000c1c00000, 0x00000000c1c00000|100%| O|  |TAMS 0x00000000c1b00000| PB 0x00000000c1b00000| Untracked 
|  28|0x00000000c1c00000, 0x00000000c1d00000, 0x00000000c1d00000|100%| O|  |TAMS 0x00000000c1c00000| PB 0x00000000c1c00000| Untracked 
|  29|0x00000000c1d00000, 0x00000000c1e00000, 0x00000000c1e00000|100%| O|  |TAMS 0x00000000c1d00000| PB 0x00000000c1d00000| Untracked 
|  30|0x00000000c1e00000, 0x00000000c1f00000, 0x00000000c1f00000|100%| O|  |TAMS 0x00000000c1e00000| PB 0x00000000c1e00000| Untracked 
|  31|0x00000000c1f00000, 0x00000000c2000000, 0x00000000c2000000|100%| O|  |TAMS 0x00000000c1f00000| PB 0x00000000c1f00000| Untracked 
|  32|0x00000000c2000000, 0x00000000c2100000, 0x00000000c2100000|100%| O|  |TAMS 0x00000000c2000000| PB 0x00000000c2000000| Untracked 
|  33|0x00000000c2100000, 0x00000000c2200000, 0x00000000c2200000|100%| O|  |TAMS 0x00000000c2100000| PB 0x00000000c2100000| Untracked 
|  34|0x00000000c2200000, 0x00000000c2300000, 0x00000000c2300000|100%| O|  |TAMS 0x00000000c2200000| PB 0x00000000c2200000| Untracked 
|  35|0x00000000c2300000, 0x00000000c2400000, 0x00000000c2400000|100%| O|  |TAMS 0x00000000c2300000| PB 0x00000000c2300000| Untracked 
|  36|0x00000000c2400000, 0x00000000c2500000, 0x00000000c2500000|100%| O|  |TAMS 0x00000000c2400000| PB 0x00000000c2400000| Untracked 
|  37|0x00000000c2500000, 0x00000000c2600000, 0x00000000c2600000|100%| O|  |TAMS 0x00000000c2500000| PB 0x00000000c2500000| Untracked 
|  38|0x00000000c2600000, 0x00000000c2600000, 0x00000000c2700000|  0%| F|  |TAMS 0x00000000c2600000| PB 0x00000000c2600000| Untracked 
|  39|0x00000000c2700000, 0x00000000c2700000, 0x00000000c2800000|  0%| F|  |TAMS 0x00000000c2700000| PB 0x00000000c2700000| Untracked 
|  40|0x00000000c2800000, 0x00000000c2900000, 0x00000000c2900000|100%| O|  |TAMS 0x00000000c2800000| PB 0x00000000c2800000| Untracked 
|  41|0x00000000c2900000, 0x00000000c2a00000, 0x00000000c2a00000|100%| O|  |TAMS 0x00000000c2900000| PB 0x00000000c2900000| Untracked 
|  42|0x00000000c2a00000, 0x00000000c2b00000, 0x00000000c2b00000|100%| O|  |TAMS 0x00000000c2a00000| PB 0x00000000c2a00000| Untracked 
|  43|0x00000000c2b00000, 0x00000000c2c00000, 0x00000000c2c00000|100%| O|  |TAMS 0x00000000c2b00000| PB 0x00000000c2b00000| Untracked 
|  44|0x00000000c2c00000, 0x00000000c2d00000, 0x00000000c2d00000|100%| O|  |TAMS 0x00000000c2c00000| PB 0x00000000c2c00000| Untracked 
|  45|0x00000000c2d00000, 0x00000000c2e00000, 0x00000000c2e00000|100%| O|  |TAMS 0x00000000c2d00000| PB 0x00000000c2d00000| Untracked 
|  46|0x00000000c2e00000, 0x00000000c2f00000, 0x00000000c2f00000|100%| O|  |TAMS 0x00000000c2e00000| PB 0x00000000c2e00000| Untracked 
|  47|0x00000000c2f00000, 0x00000000c3000000, 0x00000000c3000000|100%| O|  |TAMS 0x00000000c2f00000| PB 0x00000000c2f00000| Untracked 
|  48|0x00000000c3000000, 0x00000000c3100000, 0x00000000c3100000|100%| O|  |TAMS 0x00000000c3000000| PB 0x00000000c3000000| Untracked 
|  49|0x00000000c3100000, 0x00000000c3200000, 0x00000000c3200000|100%| O|  |TAMS 0x00000000c3100000| PB 0x00000000c3100000| Untracked 
|  50|0x00000000c3200000, 0x00000000c3300000, 0x00000000c3300000|100%| O|  |TAMS 0x00000000c3200000| PB 0x00000000c3200000| Untracked 
|  51|0x00000000c3300000, 0x00000000c3400000, 0x00000000c3400000|100%| O|  |TAMS 0x00000000c3300000| PB 0x00000000c3300000| Untracked 
|  52|0x00000000c3400000, 0x00000000c3500000, 0x00000000c3500000|100%| O|  |TAMS 0x00000000c3400000| PB 0x00000000c3400000| Untracked 
|  53|0x00000000c3500000, 0x00000000c3600000, 0x00000000c3600000|100%| O|  |TAMS 0x00000000c3500000| PB 0x00000000c3500000| Untracked 
|  54|0x00000000c3600000, 0x00000000c3700000, 0x00000000c3700000|100%| O|  |TAMS 0x00000000c3600000| PB 0x00000000c3600000| Untracked 
|  55|0x00000000c3700000, 0x00000000c3800000, 0x00000000c3800000|100%| O|  |TAMS 0x00000000c3700000| PB 0x00000000c3700000| Untracked 
|  56|0x00000000c3800000, 0x00000000c387cb00, 0x00000000c3900000| 48%| O|  |TAMS 0x00000000c3800000| PB 0x00000000c3800000| Untracked 
|  57|0x00000000c3900000, 0x00000000c3900000, 0x00000000c3a00000|  0%| F|  |TAMS 0x00000000c3900000| PB 0x00000000c3900000| Untracked 
|  58|0x00000000c3a00000, 0x00000000c3a00000, 0x00000000c3b00000|  0%| F|  |TAMS 0x00000000c3a00000| PB 0x00000000c3a00000| Untracked 
|  59|0x00000000c3b00000, 0x00000000c3b00000, 0x00000000c3c00000|  0%| F|  |TAMS 0x00000000c3b00000| PB 0x00000000c3b00000| Untracked 
|  60|0x00000000c3c00000, 0x00000000c3c00000, 0x00000000c3d00000|  0%| F|  |TAMS 0x00000000c3c00000| PB 0x00000000c3c00000| Untracked 
|  61|0x00000000c3d00000, 0x00000000c3d00000, 0x00000000c3e00000|  0%| F|  |TAMS 0x00000000c3d00000| PB 0x00000000c3d00000| Untracked 
|  62|0x00000000c3e00000, 0x00000000c3e00000, 0x00000000c3f00000|  0%| F|  |TAMS 0x00000000c3e00000| PB 0x00000000c3e00000| Untracked 
|  63|0x00000000c3f00000, 0x00000000c3f00000, 0x00000000c4000000|  0%| F|  |TAMS 0x00000000c3f00000| PB 0x00000000c3f00000| Untracked 
|  64|0x00000000c4000000, 0x00000000c4000000, 0x00000000c4100000|  0%| F|  |TAMS 0x00000000c4000000| PB 0x00000000c4000000| Untracked 
|  65|0x00000000c4100000, 0x00000000c4153a18, 0x00000000c4200000| 32%| S|CS|TAMS 0x00000000c4100000| PB 0x00000000c4100000| Complete 
|  66|0x00000000c4200000, 0x00000000c4300000, 0x00000000c4300000|100%| S|CS|TAMS 0x00000000c4200000| PB 0x00000000c4200000| Complete 
|  67|0x00000000c4300000, 0x00000000c4400000, 0x00000000c4400000|100%| S|CS|TAMS 0x00000000c4300000| PB 0x00000000c4300000| Complete 
|  68|0x00000000c4400000, 0x00000000c4500000, 0x00000000c4500000|100%| S|CS|TAMS 0x00000000c4400000| PB 0x00000000c4400000| Complete 
|  69|0x00000000c4500000, 0x00000000c4600000, 0x00000000c4600000|100%| S|CS|TAMS 0x00000000c4500000| PB 0x00000000c4500000| Complete 
|  70|0x00000000c4600000, 0x00000000c4700000, 0x00000000c4700000|100%| S|CS|TAMS 0x00000000c4600000| PB 0x00000000c4600000| Complete 
|  71|0x00000000c4700000, 0x00000000c4700000, 0x00000000c4800000|  0%| F|  |TAMS 0x00000000c4700000| PB 0x00000000c4700000| Untracked 
|  72|0x00000000c4800000, 0x00000000c4800000, 0x00000000c4900000|  0%| F|  |TAMS 0x00000000c4800000| PB 0x00000000c4800000| Untracked 
|  73|0x00000000c4900000, 0x00000000c4900000, 0x00000000c4a00000|  0%| F|  |TAMS 0x00000000c4900000| PB 0x00000000c4900000| Untracked 
|  74|0x00000000c4a00000, 0x00000000c4a00000, 0x00000000c4b00000|  0%| F|  |TAMS 0x00000000c4a00000| PB 0x00000000c4a00000| Untracked 
|  75|0x00000000c4b00000, 0x00000000c4b00000, 0x00000000c4c00000|  0%| F|  |TAMS 0x00000000c4b00000| PB 0x00000000c4b00000| Untracked 
|  76|0x00000000c4c00000, 0x00000000c4c00000, 0x00000000c4d00000|  0%| F|  |TAMS 0x00000000c4c00000| PB 0x00000000c4c00000| Untracked 
|  77|0x00000000c4d00000, 0x00000000c4d00000, 0x00000000c4e00000|  0%| F|  |TAMS 0x00000000c4d00000| PB 0x00000000c4d00000| Untracked 
|  78|0x00000000c4e00000, 0x00000000c4e00000, 0x00000000c4f00000|  0%| F|  |TAMS 0x00000000c4e00000| PB 0x00000000c4e00000| Untracked 
|  79|0x00000000c4f00000, 0x00000000c4f00000, 0x00000000c5000000|  0%| F|  |TAMS 0x00000000c4f00000| PB 0x00000000c4f00000| Untracked 
|  80|0x00000000c5000000, 0x00000000c5000000, 0x00000000c5100000|  0%| F|  |TAMS 0x00000000c5000000| PB 0x00000000c5000000| Untracked 
|  81|0x00000000c5100000, 0x00000000c5100000, 0x00000000c5200000|  0%| F|  |TAMS 0x00000000c5100000| PB 0x00000000c5100000| Untracked 
|  82|0x00000000c5200000, 0x00000000c5200000, 0x00000000c5300000|  0%| F|  |TAMS 0x00000000c5200000| PB 0x00000000c5200000| Untracked 
|  83|0x00000000c5300000, 0x00000000c5300000, 0x00000000c5400000|  0%| F|  |TAMS 0x00000000c5300000| PB 0x00000000c5300000| Untracked 
|  84|0x00000000c5400000, 0x00000000c5400000, 0x00000000c5500000|  0%| F|  |TAMS 0x00000000c5400000| PB 0x00000000c5400000| Untracked 
|  85|0x00000000c5500000, 0x00000000c5500000, 0x00000000c5600000|  0%| F|  |TAMS 0x00000000c5500000| PB 0x00000000c5500000| Untracked 
|  86|0x00000000c5600000, 0x00000000c5600000, 0x00000000c5700000|  0%| F|  |TAMS 0x00000000c5600000| PB 0x00000000c5600000| Untracked 
|  87|0x00000000c5700000, 0x00000000c5700000, 0x00000000c5800000|  0%| F|  |TAMS 0x00000000c5700000| PB 0x00000000c5700000| Untracked 
|  88|0x00000000c5800000, 0x00000000c5800000, 0x00000000c5900000|  0%| F|  |TAMS 0x00000000c5800000| PB 0x00000000c5800000| Untracked 
|  89|0x00000000c5900000, 0x00000000c5900000, 0x00000000c5a00000|  0%| F|  |TAMS 0x00000000c5900000| PB 0x00000000c5900000| Untracked 
|  90|0x00000000c5a00000, 0x00000000c5a00000, 0x00000000c5b00000|  0%| F|  |TAMS 0x00000000c5a00000| PB 0x00000000c5a00000| Untracked 
|  91|0x00000000c5b00000, 0x00000000c5b00000, 0x00000000c5c00000|  0%| F|  |TAMS 0x00000000c5b00000| PB 0x00000000c5b00000| Untracked 
|  92|0x00000000c5c00000, 0x00000000c5c00000, 0x00000000c5d00000|  0%| F|  |TAMS 0x00000000c5c00000| PB 0x00000000c5c00000| Untracked 
|  93|0x00000000c5d00000, 0x00000000c5d00000, 0x00000000c5e00000|  0%| F|  |TAMS 0x00000000c5d00000| PB 0x00000000c5d00000| Untracked 
|  94|0x00000000c5e00000, 0x00000000c5e00000, 0x00000000c5f00000|  0%| F|  |TAMS 0x00000000c5e00000| PB 0x00000000c5e00000| Untracked 
|  95|0x00000000c5f00000, 0x00000000c5f00000, 0x00000000c6000000|  0%| F|  |TAMS 0x00000000c5f00000| PB 0x00000000c5f00000| Untracked 
|  96|0x00000000c6000000, 0x00000000c6000000, 0x00000000c6100000|  0%| F|  |TAMS 0x00000000c6000000| PB 0x00000000c6000000| Untracked 
|  97|0x00000000c6100000, 0x00000000c6100000, 0x00000000c6200000|  0%| F|  |TAMS 0x00000000c6100000| PB 0x00000000c6100000| Untracked 
|  98|0x00000000c6200000, 0x00000000c6200000, 0x00000000c6300000|  0%| F|  |TAMS 0x00000000c6200000| PB 0x00000000c6200000| Untracked 
|  99|0x00000000c6300000, 0x00000000c6300000, 0x00000000c6400000|  0%| F|  |TAMS 0x00000000c6300000| PB 0x00000000c6300000| Untracked 
| 100|0x00000000c6400000, 0x00000000c6400000, 0x00000000c6500000|  0%| F|  |TAMS 0x00000000c6400000| PB 0x00000000c6400000| Untracked 
| 101|0x00000000c6500000, 0x00000000c6500000, 0x00000000c6600000|  0%| F|  |TAMS 0x00000000c6500000| PB 0x00000000c6500000| Untracked 
| 102|0x00000000c6600000, 0x00000000c6600000, 0x00000000c6700000|  0%| F|  |TAMS 0x00000000c6600000| PB 0x00000000c6600000| Untracked 
| 103|0x00000000c6700000, 0x00000000c6700000, 0x00000000c6800000|  0%| F|  |TAMS 0x00000000c6700000| PB 0x00000000c6700000| Untracked 
| 104|0x00000000c6800000, 0x00000000c6800000, 0x00000000c6900000|  0%| F|  |TAMS 0x00000000c6800000| PB 0x00000000c6800000| Untracked 
| 105|0x00000000c6900000, 0x00000000c6900000, 0x00000000c6a00000|  0%| F|  |TAMS 0x00000000c6900000| PB 0x00000000c6900000| Untracked 
| 106|0x00000000c6a00000, 0x00000000c6a00000, 0x00000000c6b00000|  0%| F|  |TAMS 0x00000000c6a00000| PB 0x00000000c6a00000| Untracked 
| 107|0x00000000c6b00000, 0x00000000c6b00000, 0x00000000c6c00000|  0%| F|  |TAMS 0x00000000c6b00000| PB 0x00000000c6b00000| Untracked 
| 108|0x00000000c6c00000, 0x00000000c6c00000, 0x00000000c6d00000|  0%| F|  |TAMS 0x00000000c6c00000| PB 0x00000000c6c00000| Untracked 
| 109|0x00000000c6d00000, 0x00000000c6d00000, 0x00000000c6e00000|  0%| F|  |TAMS 0x00000000c6d00000| PB 0x00000000c6d00000| Untracked 
| 110|0x00000000c6e00000, 0x00000000c6e00000, 0x00000000c6f00000|  0%| F|  |TAMS 0x00000000c6e00000| PB 0x00000000c6e00000| Untracked 
| 111|0x00000000c6f00000, 0x00000000c6f00000, 0x00000000c7000000|  0%| F|  |TAMS 0x00000000c6f00000| PB 0x00000000c6f00000| Untracked 
| 112|0x00000000c7000000, 0x00000000c7000000, 0x00000000c7100000|  0%| F|  |TAMS 0x00000000c7000000| PB 0x00000000c7000000| Untracked 
| 113|0x00000000c7100000, 0x00000000c7100000, 0x00000000c7200000|  0%| F|  |TAMS 0x00000000c7100000| PB 0x00000000c7100000| Untracked 
| 114|0x00000000c7200000, 0x00000000c7200000, 0x00000000c7300000|  0%| F|  |TAMS 0x00000000c7200000| PB 0x00000000c7200000| Untracked 
| 115|0x00000000c7300000, 0x00000000c7300000, 0x00000000c7400000|  0%| F|  |TAMS 0x00000000c7300000| PB 0x00000000c7300000| Untracked 
| 116|0x00000000c7400000, 0x00000000c7400000, 0x00000000c7500000|  0%| F|  |TAMS 0x00000000c7400000| PB 0x00000000c7400000| Untracked 
| 117|0x00000000c7500000, 0x00000000c7500000, 0x00000000c7600000|  0%| F|  |TAMS 0x00000000c7500000| PB 0x00000000c7500000| Untracked 
| 118|0x00000000c7600000, 0x00000000c7600a78, 0x00000000c7700000|  0%| E|  |TAMS 0x00000000c7600000| PB 0x00000000c7600000| Complete 
| 119|0x00000000c7700000, 0x00000000c7800000, 0x00000000c7800000|100%| E|CS|TAMS 0x00000000c7700000| PB 0x00000000c7700000| Complete 
| 120|0x00000000c7800000, 0x00000000c7900000, 0x00000000c7900000|100%| E|CS|TAMS 0x00000000c7800000| PB 0x00000000c7800000| Complete 
| 121|0x00000000c7900000, 0x00000000c7a00000, 0x00000000c7a00000|100%| E|CS|TAMS 0x00000000c7900000| PB 0x00000000c7900000| Complete 
| 122|0x00000000c7a00000, 0x00000000c7b00000, 0x00000000c7b00000|100%| E|CS|TAMS 0x00000000c7a00000| PB 0x00000000c7a00000| Complete 
| 123|0x00000000c7b00000, 0x00000000c7c00000, 0x00000000c7c00000|100%| E|CS|TAMS 0x00000000c7b00000| PB 0x00000000c7b00000| Complete 
| 124|0x00000000c7c00000, 0x00000000c7d00000, 0x00000000c7d00000|100%| E|CS|TAMS 0x00000000c7c00000| PB 0x00000000c7c00000| Complete 
| 125|0x00000000c7d00000, 0x00000000c7e00000, 0x00000000c7e00000|100%| E|CS|TAMS 0x00000000c7d00000| PB 0x00000000c7d00000| Complete 
| 126|0x00000000c7e00000, 0x00000000c7f00000, 0x00000000c7f00000|100%| E|CS|TAMS 0x00000000c7e00000| PB 0x00000000c7e00000| Complete 
| 127|0x00000000c7f00000, 0x00000000c8000000, 0x00000000c8000000|100%| E|CS|TAMS 0x00000000c7f00000| PB 0x00000000c7f00000| Complete 
| 128|0x00000000c8000000, 0x00000000c8100000, 0x00000000c8100000|100%| E|CS|TAMS 0x00000000c8000000| PB 0x00000000c8000000| Complete 
| 129|0x00000000c8100000, 0x00000000c8200000, 0x00000000c8200000|100%| E|CS|TAMS 0x00000000c8100000| PB 0x00000000c8100000| Complete 
| 130|0x00000000c8200000, 0x00000000c8300000, 0x00000000c8300000|100%| E|CS|TAMS 0x00000000c8200000| PB 0x00000000c8200000| Complete 
| 131|0x00000000c8300000, 0x00000000c8400000, 0x00000000c8400000|100%| E|CS|TAMS 0x00000000c8300000| PB 0x00000000c8300000| Complete 
| 132|0x00000000c8400000, 0x00000000c8500000, 0x00000000c8500000|100%| E|CS|TAMS 0x00000000c8400000| PB 0x00000000c8400000| Complete 
| 133|0x00000000c8500000, 0x00000000c8600000, 0x00000000c8600000|100%| E|CS|TAMS 0x00000000c8500000| PB 0x00000000c8500000| Complete 
| 134|0x00000000c8600000, 0x00000000c8700000, 0x00000000c8700000|100%| E|CS|TAMS 0x00000000c8600000| PB 0x00000000c8600000| Complete 
| 135|0x00000000c8700000, 0x00000000c8800000, 0x00000000c8800000|100%| E|CS|TAMS 0x00000000c8700000| PB 0x00000000c8700000| Complete 
| 136|0x00000000c8800000, 0x00000000c8900000, 0x00000000c8900000|100%| E|CS|TAMS 0x00000000c8800000| PB 0x00000000c8800000| Complete 
| 137|0x00000000c8900000, 0x00000000c8a00000, 0x00000000c8a00000|100%| E|CS|TAMS 0x00000000c8900000| PB 0x00000000c8900000| Complete 
|1016|0x00000000ff800000, 0x00000000ff900000, 0x00000000ff900000|100%| O|  |TAMS 0x00000000ff800000| PB 0x00000000ff800000| Untracked 
|1017|0x00000000ff900000, 0x00000000ffa00000, 0x00000000ffa00000|100%| O|  |TAMS 0x00000000ff900000| PB 0x00000000ff900000| Untracked 
|1018|0x00000000ffa00000, 0x00000000ffb00000, 0x00000000ffb00000|100%| O|  |TAMS 0x00000000ffa00000| PB 0x00000000ffa00000| Untracked 
|1019|0x00000000ffb00000, 0x00000000ffc00000, 0x00000000ffc00000|100%| O|  |TAMS 0x00000000ffb00000| PB 0x00000000ffb00000| Untracked 
|1020|0x00000000ffc00000, 0x00000000ffd00000, 0x00000000ffd00000|100%| O|  |TAMS 0x00000000ffc00000| PB 0x00000000ffc00000| Untracked 
|1021|0x00000000ffd00000, 0x00000000ffe00000, 0x00000000ffe00000|100%| O|  |TAMS 0x00000000ffd00000| PB 0x00000000ffd00000| Untracked 
|1022|0x00000000ffe00000, 0x00000000fff00000, 0x00000000fff00000|100%| E|CS|TAMS 0x00000000ffe00000| PB 0x00000000ffe00000| Complete 
|1023|0x00000000fff00000, 0x0000000100000000, 0x0000000100000000|100%| O|  |TAMS 0x00000000fff00000| PB 0x00000000fff00000| Untracked 

Card table byte_map: [0x000001e8e4d70000,0x000001e8e4f70000] _byte_map_base: 0x000001e8e4770000

Marking Bits: (CMBitMap*) 0x000001e8cd141740
 Bits: [0x000001e8e4f70000, 0x000001e8e5f70000)

Polling page: 0x000001e8cb090000

Metaspace:

Usage:
  Non-class:     77.16 MB used.
      Class:     12.29 MB used.
       Both:     89.45 MB used.

Virtual space:
  Non-class space:      128.00 MB reserved,      77.75 MB ( 61%) committed,  2 nodes.
      Class space:        1.00 GB reserved,      12.75 MB (  1%) committed,  1 nodes.
             Both:        1.12 GB reserved,      90.50 MB (  8%) committed. 

Chunk freelists:
   Non-Class:  1.47 MB
       Class:  3.08 MB
        Both:  4.55 MB

MaxMetaspaceSize: unlimited
CompressedClassSpaceSize: 1.00 GB
Initial GC threshold: 21.00 MB
Current GC threshold: 124.81 MB
CDS: on
 - commit_granule_bytes: 65536.
 - commit_granule_words: 8192.
 - virtual_space_node_default_size: 8388608.
 - enlarge_chunks_in_place: 1.
 - use_allocation_guard: 0.


Internal statistics:

num_allocs_failed_limit: 9.
num_arena_births: 1764.
num_arena_deaths: 0.
num_vsnodes_births: 3.
num_vsnodes_deaths: 0.
num_space_committed: 1448.
num_space_uncommitted: 0.
num_chunks_returned_to_freelist: 9.
num_chunks_taken_from_freelist: 5358.
num_chunk_merges: 9.
num_chunk_splits: 3671.
num_chunks_enlarged: 2648.
num_inconsistent_stats: 0.

CodeHeap 'non-profiled nmethods': size=120000Kb used=6027Kb max_used=6027Kb free=113973Kb
 bounds [0x000001e8dd300000, 0x000001e8dd8f0000, 0x000001e8e4830000]
CodeHeap 'profiled nmethods': size=120000Kb used=19946Kb max_used=19946Kb free=100053Kb
 bounds [0x000001e8d5830000, 0x000001e8d6bb0000, 0x000001e8dcd60000]
CodeHeap 'non-nmethods': size=5760Kb used=1624Kb max_used=1648Kb free=4135Kb
 bounds [0x000001e8dcd60000, 0x000001e8dcfd0000, 0x000001e8dd300000]
CodeCache: size=245760Kb, used=27597Kb, max_used=27621Kb, free=218161Kb
 total_blobs=11785, nmethods=11026, adapters=662, full_count=0
Compilation: enabled, stopped_count=0, restarted_count=0

Compilation events (20 events):
Event: 163.834 Thread 0x000001e8e8964cd0 nmethod 12392 0x000001e8d6b9d910 code [0x000001e8d6b9dac0, 0x000001e8d6b9dd60]
Event: 163.834 Thread 0x000001e8e8964cd0 12390       3       org.hibernate.engine.internal.ManagedTypeHelper::asPersistentAttributeInterceptableOrNull (21 bytes)
Event: 163.835 Thread 0x000001e8e8964cd0 nmethod 12390 0x000001e8d6b9de90 code [0x000001e8d6b9e060, 0x000001e8d6b9e490]
Event: 163.835 Thread 0x000001e8e8964cd0 12391       3       org.hibernate.engine.internal.EntityEntryContext::unsetSession (26 bytes)
Event: 163.835 Thread 0x000001e8e8964cd0 nmethod 12391 0x000001e8d6b9e590 code [0x000001e8d6b9e760, 0x000001e8d6b9ec08]
Event: 166.323 Thread 0x000001e8e8964cd0 12393       3       java.nio.CharBuffer::hasArray (20 bytes)
Event: 166.323 Thread 0x000001e8e8964cd0 nmethod 12393 0x000001e8d6b9ed10 code [0x000001e8d6b9eec0, 0x000001e8d6b9f058]
Event: 166.323 Thread 0x000001e8e8964cd0 12394       3       java.util.stream.ReferencePipeline::forEach (11 bytes)
Event: 166.324 Thread 0x000001e8e8964cd0 nmethod 12394 0x000001e8d6b9f110 code [0x000001e8d6b9f300, 0x000001e8d6b9f7e8]
Event: 166.324 Thread 0x000001e8e8964cd0 12395       3       java.util.stream.ForEachOps$ForEachOp$OfRef::evaluateSequential (7 bytes)
Event: 166.324 Thread 0x000001e8e8964cd0 nmethod 12395 0x000001e8d6b9fa10 code [0x000001e8d6b9fbe0, 0x000001e8d6b9fff8]
Event: 166.324 Thread 0x000001e8e8964cd0 12397       3       java.util.stream.ForEachOps$ForEachOp::getOpFlags (15 bytes)
Event: 166.324 Thread 0x000001e8e8964cd0 nmethod 12397 0x000001e8d6ba0190 code [0x000001e8d6ba0340, 0x000001e8d6ba04c0]
Event: 166.324 Thread 0x000001e8e8964cd0 12400       3       org.junit.platform.commons.util.AnnotationUtils::findAnnotation (28 bytes)
Event: 166.324 Thread 0x000001e8e8964cd0 nmethod 12400 0x000001e8d6ba0590 code [0x000001e8d6ba0800, 0x000001e8d6ba1330]
Event: 166.324 Thread 0x000001e8e8964cd0 12402       2       java.util.stream.StreamSpliterators$WrappingSpliterator::tryAdvance (36 bytes)
Event: 166.325 Thread 0x000001e8e8964cd0 nmethod 12402 0x000001e8d6ba1790 code [0x000001e8d6ba1980, 0x000001e8d6ba1c30]
Event: 166.325 Thread 0x000001e8e8964cd0 12403       2       java.util.stream.StreamSpliterators$AbstractWrappingSpliterator::doAdvance (106 bytes)
Event: 166.325 Thread 0x000001e8e8964cd0 nmethod 12403 0x000001e8d6ba1e10 code [0x000001e8d6ba2040, 0x000001e8d6ba2490]
Event: 166.325 Thread 0x000001e8e8964cd0 12401       3       org.junit.platform.commons.util.AnnotationUtils::findRepeatableAnnotations (264 bytes)

GC Heap History (20 events):
Event: 19.096 GC heap before
{Heap before GC invocations=17 (full 0):
 garbage-first heap   total 67584K, used 58999K [0x00000000c0000000, 0x0000000100000000)
  region size 1024K, 27 young (27648K), 3 survivors (3072K)
 Metaspace       used 73172K, committed 73728K, reserved 1114112K
  class space    used 10135K, committed 10368K, reserved 1048576K
}
Event: 19.102 GC heap after
{Heap after GC invocations=18 (full 0):
 garbage-first heap   total 67584K, used 37293K [0x00000000c0000000, 0x0000000100000000)
  region size 1024K, 2 young (2048K), 2 survivors (2048K)
 Metaspace       used 73172K, committed 73728K, reserved 1114112K
  class space    used 10135K, committed 10368K, reserved 1048576K
}
Event: 19.360 GC heap before
{Heap before GC invocations=19 (full 0):
 garbage-first heap   total 67584K, used 60845K [0x00000000c0000000, 0x0000000100000000)
  region size 1024K, 25 young (25600K), 2 survivors (2048K)
 Metaspace       used 73590K, committed 74240K, reserved 1114112K
  class space    used 10191K, committed 10432K, reserved 1048576K
}
Event: 19.364 GC heap after
{Heap after GC invocations=20 (full 0):
 garbage-first heap   total 67584K, used 38891K [0x00000000c0000000, 0x0000000100000000)
  region size 1024K, 4 young (4096K), 4 survivors (4096K)
 Metaspace       used 73590K, committed 74240K, reserved 1114112K
  class space    used 10191K, committed 10432K, reserved 1048576K
}
Event: 19.541 GC heap before
{Heap before GC invocations=20 (full 0):
 garbage-first heap   total 67584K, used 61419K [0x00000000c0000000, 0x0000000100000000)
  region size 1024K, 26 young (26624K), 4 survivors (4096K)
 Metaspace       used 73746K, committed 74432K, reserved 1114112K
  class space    used 10199K, committed 10496K, reserved 1048576K
}
Event: 19.553 GC heap after
{Heap after GC invocations=21 (full 0):
 garbage-first heap   total 83968K, used 41601K [0x00000000c0000000, 0x0000000100000000)
  region size 1024K, 4 young (4096K), 4 survivors (4096K)
 Metaspace       used 73746K, committed 74432K, reserved 1114112K
  class space    used 10199K, committed 10496K, reserved 1048576K
}
Event: 19.675 GC heap before
{Heap before GC invocations=21 (full 0):
 garbage-first heap   total 83968K, used 73345K [0x00000000c0000000, 0x0000000100000000)
  region size 1024K, 35 young (35840K), 4 survivors (4096K)
 Metaspace       used 73758K, committed 74432K, reserved 1114112K
  class space    used 10200K, committed 10496K, reserved 1048576K
}
Event: 19.686 GC heap after
{Heap after GC invocations=22 (full 0):
 garbage-first heap   total 83968K, used 44954K [0x00000000c0000000, 0x0000000100000000)
  region size 1024K, 5 young (5120K), 5 survivors (5120K)
 Metaspace       used 73758K, committed 74432K, reserved 1114112K
  class space    used 10200K, committed 10496K, reserved 1048576K
}
Event: 19.740 GC heap before
{Heap before GC invocations=22 (full 0):
 garbage-first heap   total 83968K, used 74650K [0x00000000c0000000, 0x0000000100000000)
  region size 1024K, 34 young (34816K), 5 survivors (5120K)
 Metaspace       used 73759K, committed 74432K, reserved 1114112K
  class space    used 10200K, committed 10496K, reserved 1048576K
}
Event: 19.758 GC heap after
{Heap after GC invocations=23 (full 0):
 garbage-first heap   total 90112K, used 55296K [0x00000000c0000000, 0x0000000100000000)
  region size 1024K, 5 young (5120K), 5 survivors (5120K)
 Metaspace       used 73759K, committed 74432K, reserved 1114112K
  class space    used 10200K, committed 10496K, reserved 1048576K
}
Event: 19.909 GC heap before
{Heap before GC invocations=24 (full 0):
 garbage-first heap   total 92160K, used 77824K [0x00000000c0000000, 0x0000000100000000)
  region size 1024K, 27 young (27648K), 5 survivors (5120K)
 Metaspace       used 74093K, committed 74752K, reserved 1114112K
  class space    used 10244K, committed 10560K, reserved 1048576K
}
Event: 19.917 GC heap after
{Heap after GC invocations=25 (full 0):
 garbage-first heap   total 92160K, used 56814K [0x00000000c0000000, 0x0000000100000000)
  region size 1024K, 1 young (1024K), 1 survivors (1024K)
 Metaspace       used 74093K, committed 74752K, reserved 1114112K
  class space    used 10244K, committed 10560K, reserved 1048576K
}
Event: 20.125 GC heap before
{Heap before GC invocations=25 (full 0):
 garbage-first heap   total 92160K, used 80366K [0x00000000c0000000, 0x0000000100000000)
  region size 1024K, 24 young (24576K), 1 survivors (1024K)
 Metaspace       used 74620K, committed 75328K, reserved 1114112K
  class space    used 10284K, committed 10624K, reserved 1048576K
}
Event: 20.131 GC heap after
{Heap after GC invocations=26 (full 0):
 garbage-first heap   total 92160K, used 57726K [0x00000000c0000000, 0x0000000100000000)
  region size 1024K, 3 young (3072K), 3 survivors (3072K)
 Metaspace       used 74620K, committed 75328K, reserved 1114112K
  class space    used 10284K, committed 10624K, reserved 1048576K
}
Event: 20.393 GC heap before
{Heap before GC invocations=26 (full 0):
 garbage-first heap   total 92160K, used 81278K [0x00000000c0000000, 0x0000000100000000)
  region size 1024K, 26 young (26624K), 3 survivors (3072K)
 Metaspace       used 75657K, committed 76416K, reserved 1179648K
  class space    used 10392K, committed 10752K, reserved 1048576K
}
Event: 20.400 GC heap after
{Heap after GC invocations=27 (full 0):
 garbage-first heap   total 149504K, used 60027K [0x00000000c0000000, 0x0000000100000000)
  region size 1024K, 4 young (4096K), 4 survivors (4096K)
 Metaspace       used 75657K, committed 76416K, reserved 1179648K
  class space    used 10392K, committed 10752K, reserved 1048576K
}
Event: 21.619 GC heap before
{Heap before GC invocations=28 (full 0):
 garbage-first heap   total 149504K, used 120443K [0x00000000c0000000, 0x0000000100000000)
  region size 1024K, 64 young (65536K), 4 survivors (4096K)
 Metaspace       used 80974K, committed 81920K, reserved 1179648K
  class space    used 11089K, committed 11520K, reserved 1048576K
}
Event: 21.632 GC heap after
{Heap after GC invocations=29 (full 0):
 garbage-first heap   total 149504K, used 64512K [0x00000000c0000000, 0x0000000100000000)
  region size 1024K, 8 young (8192K), 8 survivors (8192K)
 Metaspace       used 80974K, committed 81920K, reserved 1179648K
  class space    used 11089K, committed 11520K, reserved 1048576K
}
Event: 101.802 GC heap before
{Heap before GC invocations=29 (full 0):
 garbage-first heap   total 149504K, used 124928K [0x00000000c0000000, 0x0000000100000000)
  region size 1024K, 68 young (69632K), 8 survivors (8192K)
 Metaspace       used 89633K, committed 90624K, reserved 1179648K
  class space    used 12352K, committed 12800K, reserved 1048576K
}
Event: 101.816 GC heap after
{Heap after GC invocations=30 (full 0):
 garbage-first heap   total 149504K, used 68417K [0x00000000c0000000, 0x0000000100000000)
  region size 1024K, 6 young (6144K), 6 survivors (6144K)
 Metaspace       used 89633K, committed 90624K, reserved 1179648K
  class space    used 12352K, committed 12800K, reserved 1048576K
}

Dll operation events (15 events):
Event: 0.009 Loaded shared library C:\Program Files\Eclipse Adoptium\jdk-21.0.11.10-hotspot\bin\java.dll
Event: 0.038 Loaded shared library C:\Program Files\Eclipse Adoptium\jdk-21.0.11.10-hotspot\bin\jsvml.dll
Event: 0.052 Loaded shared library C:\Program Files\Eclipse Adoptium\jdk-21.0.11.10-hotspot\bin\net.dll
Event: 0.054 Loaded shared library C:\Program Files\Eclipse Adoptium\jdk-21.0.11.10-hotspot\bin\nio.dll
Event: 0.058 Loaded shared library C:\Program Files\Eclipse Adoptium\jdk-21.0.11.10-hotspot\bin\zip.dll
Event: 0.108 Loaded shared library C:\Program Files\Eclipse Adoptium\jdk-21.0.11.10-hotspot\bin\management.dll
Event: 0.121 Loaded shared library C:\Program Files\Eclipse Adoptium\jdk-21.0.11.10-hotspot\bin\management_ext.dll
Event: 0.143 Loaded shared library C:\Program Files\Eclipse Adoptium\jdk-21.0.11.10-hotspot\bin\jimage.dll
Event: 3.019 Loaded shared library C:\Program Files\Eclipse Adoptium\jdk-21.0.11.10-hotspot\bin\sunmscapi.dll
Event: 5.183 Loaded shared library C:\Program Files\Eclipse Adoptium\jdk-21.0.11.10-hotspot\bin\verify.dll
Event: 5.540 Loaded shared library C:\Program Files\Eclipse Adoptium\jdk-21.0.11.10-hotspot\bin\extnet.dll
Event: 95.300 Loaded shared library C:\Program Files\Eclipse Adoptium\jdk-21.0.11.10-hotspot\bin\attach.dll
Event: 95.334 Loaded shared library C:\Program Files\Eclipse Adoptium\jdk-21.0.11.10-hotspot\bin\instrument.dll
Event: 95.341 Loaded shared library C:\Program Files\Eclipse Adoptium\jdk-21.0.11.10-hotspot\bin\zip.dll
Event: 95.346 Loaded shared library C:\Program Files\Eclipse Adoptium\jdk-21.0.11.10-hotspot\bin\instrument.dll

Deoptimization events (20 events):
Event: 154.303 Thread 0x000001e8cae6e470 Uncommon trap: trap_request=0xffffff45 fr.pc=0x000001e8dd89de7c relative=0x00000000000018fc
Event: 154.303 Thread 0x000001e8cae6e470 Uncommon trap: reason=unstable_if action=reinterpret pc=0x000001e8dd89de7c method=org.hibernate.sql.results.graph.entity.AbstractEntityInitializer.resolveInstance(Lorg/hibernate/sql/results/jdbc/spi/RowProcessingState;)V @ 4 c2
Event: 154.303 Thread 0x000001e8cae6e470 DEOPT PACKING pc=0x000001e8dd89de7c sp=0x0000002dc67fb5a0
Event: 154.303 Thread 0x000001e8cae6e470 DEOPT UNPACKING pc=0x000001e8dcdb4422 sp=0x0000002dc67fb5b0 mode 2
Event: 154.303 Thread 0x000001e8cae6e470 Uncommon trap: trap_request=0xffffff45 fr.pc=0x000001e8dd8a8c58 relative=0x0000000000000418
Event: 154.303 Thread 0x000001e8cae6e470 Uncommon trap: reason=unstable_if action=reinterpret pc=0x000001e8dd8a8c58 method=org.hibernate.sql.results.graph.entity.AbstractEntityInitializer.initializeInstance(Lorg/hibernate/sql/results/jdbc/spi/RowProcessingState;)V @ 4 c2
Event: 154.303 Thread 0x000001e8cae6e470 DEOPT PACKING pc=0x000001e8dd8a8c58 sp=0x0000002dc67fb600
Event: 154.303 Thread 0x000001e8cae6e470 DEOPT UNPACKING pc=0x000001e8dcdb4422 sp=0x0000002dc67fb598 mode 2
Event: 163.285 Thread 0x000001e8cae6e470 Uncommon trap: trap_request=0xffffffde fr.pc=0x000001e8dd50a5c8 relative=0x00000000000005c8
Event: 163.285 Thread 0x000001e8cae6e470 Uncommon trap: reason=class_check action=maybe_recompile pc=0x000001e8dd50a5c8 method=org.springframework.core.annotation.AnnotationsScanner.isWithoutHierarchy(Ljava/lang/reflect/AnnotatedElement;Lorg/springframework/core/annotation/MergedAnnotations$Sear
Event: 163.285 Thread 0x000001e8cae6e470 DEOPT PACKING pc=0x000001e8dd50a5c8 sp=0x0000002dc67fd0c0
Event: 163.285 Thread 0x000001e8cae6e470 DEOPT UNPACKING pc=0x000001e8dcdb4422 sp=0x0000002dc67fcfa0 mode 2
Event: 164.306 Thread 0x000001e8cae6e470 Uncommon trap: trap_request=0xffffffde fr.pc=0x000001e8dd507c94 relative=0x00000000000004b4
Event: 164.306 Thread 0x000001e8cae6e470 Uncommon trap: reason=class_check action=maybe_recompile pc=0x000001e8dd507c94 method=org.springframework.core.annotation.AnnotationsScanner.isWithoutHierarchy(Ljava/lang/reflect/AnnotatedElement;Lorg/springframework/core/annotation/MergedAnnotations$Sear
Event: 164.306 Thread 0x000001e8cae6e470 DEOPT PACKING pc=0x000001e8dd507c94 sp=0x0000002dc67fd110
Event: 164.306 Thread 0x000001e8cae6e470 DEOPT UNPACKING pc=0x000001e8dcdb4422 sp=0x0000002dc67fd040 mode 2
Event: 166.325 Thread 0x000001e8cae6e470 Uncommon trap: trap_request=0xffffffde fr.pc=0x000001e8dd514290 relative=0x0000000000000190
Event: 166.325 Thread 0x000001e8cae6e470 Uncommon trap: reason=class_check action=maybe_recompile pc=0x000001e8dd514290 method=org.springframework.core.annotation.AnnotationsScanner.isWithoutHierarchy(Ljava/lang/reflect/AnnotatedElement;Lorg/springframework/core/annotation/MergedAnnotations$Sear
Event: 166.325 Thread 0x000001e8cae6e470 DEOPT PACKING pc=0x000001e8dd514290 sp=0x0000002dc67fd200
Event: 166.325 Thread 0x000001e8cae6e470 DEOPT UNPACKING pc=0x000001e8dcdb4422 sp=0x0000002dc67fd198 mode 2

Classes loaded (20 events):
Event: 166.320 Loading class org/junit/platform/engine/TestDescriptor
Event: 166.320 Loading class org/junit/platform/engine/TestDescriptor done
Event: 166.320 Loading class org/junit/platform/launcher/TestIdentifier
Event: 166.320 Loading class org/junit/platform/launcher/TestIdentifier done
Event: 166.320 Loading class org/junit/platform/launcher/TestIdentifier
Event: 166.320 Loading class org/junit/platform/launcher/TestIdentifier done
Event: 166.321 Loading class org/junit/platform/launcher/TestIdentifier
Event: 166.321 Loading class org/junit/platform/launcher/TestIdentifier done
Event: 166.321 Loading class org/junit/platform/launcher/TestIdentifier
Event: 166.321 Loading class org/junit/platform/launcher/TestIdentifier done
Event: 166.321 Loading class org/junit/platform/launcher/TestIdentifier
Event: 166.321 Loading class org/junit/platform/launcher/TestIdentifier done
Event: 166.321 Loading class org/junit/platform/launcher/TestIdentifier
Event: 166.321 Loading class org/junit/platform/launcher/TestIdentifier done
Event: 166.321 Loading class org/junit/platform/launcher/TestIdentifier
Event: 166.321 Loading class org/junit/platform/launcher/TestIdentifier done
Event: 166.321 Loading class org/junit/platform/launcher/TestIdentifier
Event: 166.321 Loading class org/junit/platform/launcher/TestIdentifier done
Event: 166.321 Loading class org/apache/maven/surefire/junitplatform/RunListenerAdapter$1
Event: 166.321 Loading class org/apache/maven/surefire/junitplatform/RunListenerAdapter$1 done

Classes unloaded (0 events):
No events

Classes redefined (0 events):
No events

Internal exceptions (20 events):
Event: 28.560 Thread 0x000001e8cae6e470 Exception <a 'java/lang/IncompatibleClassChangeError'{0x00000000c6716e70}: Found class java.lang.Object, but interface was expected> (0x00000000c6716e70) 
thrown [s\src\hotspot\share\interpreter\linkResolver.cpp, line 840]
Event: 84.789 Thread 0x000001e8cae6e470 Exception <a 'java/lang/NoSuchMethodError'{0x00000000c6264468}: 'long java.lang.invoke.DirectMethodHandle$Holder.invokeVirtual(java.lang.Object, java.lang.Object)'> (0x00000000c6264468) 
thrown [s\src\hotspot\share\interpreter\linkResolver.cpp, line 773]
Event: 84.789 Thread 0x000001e8cae6e470 Exception <a 'java/lang/NoSuchMethodError'{0x00000000c6268228}: 'long java.lang.invoke.DelegatingMethodHandle$Holder.reinvoke_L(java.lang.Object, java.lang.Object)'> (0x00000000c6268228) 
thrown [s\src\hotspot\share\interpreter\linkResolver.cpp, line 773]
Event: 95.280 Thread 0x000001e8cae6e470 Exception <a 'java/lang/NoSuchMethodError'{0x00000000c5f657d8}: method resolution failed> (0x00000000c5f657d8) 
thrown [s\src\hotspot\share\prims\methodHandles.cpp, line 1136]
Event: 95.367 Thread 0x000001e8cae6e470 Exception <a 'java/lang/NoSuchMethodError'{0x00000000c5e486f8}: 'int java.lang.invoke.DirectMethodHandle$Holder.invokeSpecial(java.lang.Object, java.lang.Object, java.lang.Object, java.lang.Object, java.lang.Object, java.lang.Object)'> (0x00000000c5e486f8) 
thrown [s\src\hotspot\share\interpreter\linkResolver.cpp, line 773]
Event: 95.431 Thread 0x000001e8cae6e470 Exception <a 'java/lang/NoSuchMethodError'{0x00000000c5c5deb8}: method resolution failed> (0x00000000c5c5deb8) 
thrown [s\src\hotspot\share\prims\methodHandles.cpp, line 1136]
Event: 95.435 Thread 0x000001e8cae6e470 Exception <a 'java/lang/NoSuchMethodError'{0x00000000c5c7c5e8}: 'java.lang.Class java.lang.Class.getNestHost(java.lang.Class)'> (0x00000000c5c7c5e8) 
thrown [s\src\hotspot\share\interpreter\linkResolver.cpp, line 773]
Event: 95.435 Thread 0x000001e8cae6e470 Exception <a 'java/lang/NoSuchMethodError'{0x00000000c5c7e980}: 'java.lang.Class[] java.lang.Class.getNestMembers(java.lang.Class)'> (0x00000000c5c7e980) 
thrown [s\src\hotspot\share\interpreter\linkResolver.cpp, line 773]
Event: 95.510 Thread 0x000001e8cae6e470 Implicit null exception at 0x000001e8dd645901 to 0x000001e8dd645e2c
Event: 95.510 Thread 0x000001e8cae6e470 Implicit null exception at 0x000001e8dd449966 to 0x000001e8dd44a2b4
Event: 95.512 Thread 0x000001e8cae6e470 Exception <a 'java/lang/NoSuchMethodError'{0x00000000c5918e80}: 'void java.lang.invoke.DelegatingMethodHandle$Holder.reinvoke_L(java.lang.Object, java.lang.Object, java.lang.Object, long, int)'> (0x00000000c5918e80) 
thrown [s\src\hotspot\share\interpreter\linkResolver.cpp, line 773]
Event: 95.543 Thread 0x000001e8cae6e470 Exception <a 'java/lang/ClassNotFoundException'{0x00000000c5846768}: java/lang/ClassLoader$ByteBuddyAccessor$V1> (0x00000000c5846768) 
thrown [s\src\hotspot\share\classfile\systemDictionary.cpp, line 313]
Event: 95.544 Thread 0x000001e8cae6e470 Exception <a 'java/lang/NoSuchMethodError'{0x00000000c584f6b0}: 'java.lang.Object java.lang.invoke.DelegatingMethodHandle$Holder.reinvoke_L(java.lang.Object, java.lang.Object, java.lang.Object, java.lang.Object, int, int, java.lang.Object, java.lang.Object)'> (0x00000000c584f6b0) 
thrown [s\src\hotspot\share\interpreter\linkResolver.cpp, line 773]
Event: 95.664 Thread 0x000001e8cae6e470 Exception <a 'java/lang/NoSuchMethodError'{0x00000000c5320548}: 'void java.lang.invoke.DirectMethodHandle$Holder.invokeInterface(java.lang.Object, java.lang.Object, java.lang.Object, java.lang.Object, java.lang.Object, java.lang.Object, java.lang.Object, java.lang.Object)'> (0x00000000c5320548) 
thrown [s\src\hotspot\share\interpreter\linkResolver.cpp, line 773]
Event: 95.688 Thread 0x000001e8cae6e470 Exception <a 'java/lang/IncompatibleClassChangeError'{0x00000000c5203a78}: Found class java.lang.Object, but interface was expected> (0x00000000c5203a78) 
thrown [s\src\hotspot\share\interpreter\linkResolver.cpp, line 840]
Event: 96.067 Thread 0x000001e8cae6e470 Exception <a 'java/lang/NoSuchMethodError'{0x00000000c5248ff8}: 'void java.lang.invoke.Invokers$Holder.invokeExact_MT(java.lang.Object, java.lang.Object, int, java.lang.Object)'> (0x00000000c5248ff8) 
thrown [s\src\hotspot\share\interpreter\linkResolver.cpp, line 773]
Event: 97.056 Thread 0x000001e8cae6e470 Exception <a 'java/lang/NoSuchMethodError'{0x00000000c5128058}: 'int java.lang.invoke.Invokers$Holder.invokeExact_MT(java.lang.Object, java.lang.Object, java.lang.Object)'> (0x00000000c5128058) 
thrown [s\src\hotspot\share\interpreter\linkResolver.cpp, line 773]
Event: 98.617 Thread 0x000001e8cae6e470 Implicit null exception at 0x000001e8dd81e3f6 to 0x000001e8dd81e4a4
Event: 99.682 Thread 0x000001e8cae6e470 Exception <a 'java/lang/NoSuchMethodError'{0x00000000c50acca8}: 'int java.lang.invoke.DirectMethodHandle$Holder.invokeStatic(java.lang.Object, java.lang.Object, int, int)'> (0x00000000c50acca8) 
thrown [s\src\hotspot\share\interpreter\linkResolver.cpp, line 773]
Event: 117.840 Thread 0x000001e8cae6e470 Exception <a 'java/lang/NoSuchMethodError'{0x00000000c8566260}: 'int java.lang.invoke.DirectMethodHandle$Holder.invokeStatic(java.lang.Object, java.lang.Object, int, java.lang.Object)'> (0x00000000c8566260) 
thrown [s\src\hotspot\share\interpreter\linkResolver.cpp, line 773]

ZGC Phase Switch (0 events):
No events

VM Operations (20 events):
Event: 146.640 Executing safepoint VM operation: Cleanup done
Event: 147.653 Executing safepoint VM operation: Cleanup
Event: 147.653 Executing safepoint VM operation: Cleanup done
Event: 148.664 Executing safepoint VM operation: Cleanup
Event: 148.664 Executing safepoint VM operation: Cleanup done
Event: 153.709 Executing safepoint VM operation: Cleanup
Event: 153.709 Executing safepoint VM operation: Cleanup done
Event: 154.717 Executing safepoint VM operation: Cleanup
Event: 154.717 Executing safepoint VM operation: Cleanup done
Event: 155.721 Executing safepoint VM operation: Cleanup
Event: 155.721 Executing safepoint VM operation: Cleanup done
Event: 159.746 Executing safepoint VM operation: Cleanup
Event: 159.746 Executing safepoint VM operation: Cleanup done
Event: 162.769 Executing safepoint VM operation: Cleanup
Event: 162.769 Executing safepoint VM operation: Cleanup done
Event: 163.772 Executing safepoint VM operation: Cleanup
Event: 163.772 Executing safepoint VM operation: Cleanup done
Event: 164.779 Executing safepoint VM operation: Cleanup
Event: 164.779 Executing safepoint VM operation: Cleanup done
Event: 166.799 Executing safepoint VM operation: Cleanup

Memory protections (0 events):
No events

Nmethod flushes (20 events):
Event: 20.449 Thread 0x000001e8e8936f00 flushing  nmethod 0x000001e8d64d3390
Event: 20.449 Thread 0x000001e8e8936f00 flushing  nmethod 0x000001e8d64d3e90
Event: 20.449 Thread 0x000001e8e8936f00 flushing  nmethod 0x000001e8d64d4490
Event: 20.449 Thread 0x000001e8e8936f00 flushing  nmethod 0x000001e8d64d4b90
Event: 20.449 Thread 0x000001e8e8936f00 flushing  nmethod 0x000001e8d64dcb90
Event: 20.449 Thread 0x000001e8e8936f00 flushing  nmethod 0x000001e8d64df310
Event: 20.449 Thread 0x000001e8e8936f00 flushing  nmethod 0x000001e8d64e0b90
Event: 20.449 Thread 0x000001e8e8936f00 flushing  nmethod 0x000001e8d64f7590
Event: 20.449 Thread 0x000001e8e8936f00 flushing  nmethod 0x000001e8d64f7e90
Event: 20.449 Thread 0x000001e8e8936f00 flushing  nmethod 0x000001e8d64f8610
Event: 20.449 Thread 0x000001e8e8936f00 flushing  nmethod 0x000001e8d652d810
Event: 20.449 Thread 0x000001e8e8936f00 flushing  nmethod 0x000001e8d652dd10
Event: 20.449 Thread 0x000001e8e8936f00 flushing  nmethod 0x000001e8d6535010
Event: 20.449 Thread 0x000001e8e8936f00 flushing  nmethod 0x000001e8d6549890
Event: 20.449 Thread 0x000001e8e8936f00 flushing  nmethod 0x000001e8d654aa10
Event: 20.449 Thread 0x000001e8e8936f00 flushing  nmethod 0x000001e8d654ad90
Event: 20.449 Thread 0x000001e8e8936f00 flushing  nmethod 0x000001e8d654b490
Event: 20.449 Thread 0x000001e8e8936f00 flushing  nmethod 0x000001e8d654bf90
Event: 20.449 Thread 0x000001e8e8936f00 flushing  nmethod 0x000001e8d654ca90
Event: 20.449 Thread 0x000001e8e8936f00 flushing  nmethod 0x000001e8d6550090

Events (20 events):
Event: 0.036 Thread 0x000001e8cae6e470 Thread added: 0x000001e8e8964cd0
Event: 0.048 Thread 0x000001e8cae6e470 Thread added: 0x000001e8e8ab26e0
Event: 0.049 Thread 0x000001e8cae6e470 Thread added: 0x000001e8e8ac0f40
Event: 0.463 Thread 0x000001e8cae6e470 Thread added: 0x000001e8ed1e23c0
Event: 0.471 Thread 0x000001e8cae6e470 Thread added: 0x000001e8ed3a3d00
Event: 2.165 Thread 0x000001e8cae6e470 Thread added: 0x000001e8ee36a1d0
Event: 2.887 Thread 0x000001e8cae6e470 Thread added: 0x000001e8ee4d2330
Event: 2.936 Thread 0x000001e8ee4d2330 Thread exited: 0x000001e8ee4d2330
Event: 3.050 Thread 0x000001e8ee36a1d0 Thread exited: 0x000001e8ee36a1d0
Event: 5.468 Thread 0x000001e8cae6e470 Thread added: 0x000001e8ee369b60
Event: 5.470 Thread 0x000001e8cae6e470 Thread added: 0x000001e8f019d010
Event: 11.177 Thread 0x000001e8f019d010 Thread added: 0x000001e8ed6389b0
Event: 18.048 Thread 0x000001e8cae6e470 Thread added: 0x000001e8f06eda90
Event: 20.562 Thread 0x000001e8cae6e470 Thread added: 0x000001e8f06ed400
Event: 22.278 Thread 0x000001e8cae6e470 Thread added: 0x000001e8f06ee120
Event: 23.356 Thread 0x000001e8f019d010 Thread exited: 0x000001e8f019d010
Event: 35.587 Thread 0x000001e8ee369b60 Thread added: 0x000001e8f06ee7b0
Event: 44.016 Thread 0x000001e8f06ee7b0 Thread exited: 0x000001e8f06ee7b0
Event: 134.806 Thread 0x000001e8e8964cd0 Thread added: 0x000001e8f13814d0
Event: 135.142 Thread 0x000001e8f13814d0 Thread exited: 0x000001e8f13814d0


Dynamic libraries:
0x00007ff6af8b0000 - 0x00007ff6af8be000 	C:\Program Files\Eclipse Adoptium\jdk-21.0.11.10-hotspot\bin\java.exe
0x00007ffe25bc0000 - 0x00007ffe25e26000 	C:\WINDOWS\SYSTEM32\ntdll.dll
0x00007ffe23d70000 - 0x00007ffe23e39000 	C:\WINDOWS\System32\KERNEL32.DLL
0x00007ffe23270000 - 0x00007ffe2366e000 	C:\WINDOWS\System32\KERNELBASE.dll
0x00007ffe230e0000 - 0x00007ffe2322c000 	C:\WINDOWS\System32\ucrtbase.dll
0x00007ffe1b0c0000 - 0x00007ffe1b0de000 	C:\Program Files\Eclipse Adoptium\jdk-21.0.11.10-hotspot\bin\VCRUNTIME140.dll
0x00007ffe09d50000 - 0x00007ffe09d68000 	C:\Program Files\Eclipse Adoptium\jdk-21.0.11.10-hotspot\bin\jli.dll
0x00007ffe256c0000 - 0x00007ffe25887000 	C:\WINDOWS\System32\USER32.dll
0x00007ffe10020000 - 0x00007ffe102b2000 	C:\WINDOWS\WinSxS\amd64_microsoft.windows.common-controls_6595b64144ccf1df_6.0.26100.8875_none_3e0d5d42e32fe9dd\COMCTL32.dll
0x00007ffe23240000 - 0x00007ffe23267000 	C:\WINDOWS\System32\win32u.dll
0x00007ffe25ad0000 - 0x00007ffe25b79000 	C:\WINDOWS\System32\msvcrt.dll
0x00007ffe24140000 - 0x00007ffe2416b000 	C:\WINDOWS\System32\GDI32.dll
0x00007ffe237c0000 - 0x00007ffe238ea000 	C:\WINDOWS\System32\gdi32full.dll
0x00007ffe23710000 - 0x00007ffe237b3000 	C:\WINDOWS\System32\msvcp_win.dll
0x00007ffe24bb0000 - 0x00007ffe24be2000 	C:\WINDOWS\System32\IMM32.DLL
0x00007ffe1b1c0000 - 0x00007ffe1b1cc000 	C:\Program Files\Eclipse Adoptium\jdk-21.0.11.10-hotspot\bin\vcruntime140_1.dll
0x00007ffde3f00000 - 0x00007ffde3f8d000 	C:\Program Files\Eclipse Adoptium\jdk-21.0.11.10-hotspot\bin\msvcp140.dll
0x00007ffda82e0000 - 0x00007ffda9082000 	C:\Program Files\Eclipse Adoptium\jdk-21.0.11.10-hotspot\bin\server\jvm.dll
0x00007ffe24350000 - 0x00007ffe24407000 	C:\WINDOWS\System32\ADVAPI32.dll
0x00007ffe239b0000 - 0x00007ffe23a5a000 	C:\WINDOWS\System32\sechost.dll
0x00007ffe23e40000 - 0x00007ffe23f58000 	C:\WINDOWS\System32\RPCRT4.dll
0x00007ffe255a0000 - 0x00007ffe25620000 	C:\WINDOWS\System32\WS2_32.dll
0x00007ffe15330000 - 0x00007ffe15366000 	C:\WINDOWS\SYSTEM32\WINMM.dll
0x00007ffe19ea0000 - 0x00007ffe19eab000 	C:\WINDOWS\SYSTEM32\VERSION.dll
0x00007ffe22c60000 - 0x00007ffe22cbe000 	C:\WINDOWS\SYSTEM32\POWRPROF.dll
0x00007ffe22c20000 - 0x00007ffe22c34000 	C:\WINDOWS\SYSTEM32\UMPDC.dll
0x00007ffe21ac0000 - 0x00007ffe21adb000 	C:\WINDOWS\SYSTEM32\kernel.appcore.dll
0x00007ffe1b170000 - 0x00007ffe1b17a000 	C:\Program Files\Eclipse Adoptium\jdk-21.0.11.10-hotspot\bin\jimage.dll
0x00007ffe205d0000 - 0x00007ffe20812000 	C:\WINDOWS\SYSTEM32\DBGHELP.DLL
0x00007ffe24bf0000 - 0x00007ffe24f73000 	C:\WINDOWS\System32\combase.dll
0x00007ffe24270000 - 0x00007ffe24349000 	C:\WINDOWS\System32\OLEAUT32.dll
0x00007ffe015d0000 - 0x00007ffe0160b000 	C:\WINDOWS\SYSTEM32\dbgcore.DLL
0x00007ffe22ea0000 - 0x00007ffe22f4c000 	C:\WINDOWS\System32\bcryptPrimitives.dll
0x00007ffe09000000 - 0x00007ffe09020000 	C:\Program Files\Eclipse Adoptium\jdk-21.0.11.10-hotspot\bin\java.dll
0x00007ffe24410000 - 0x00007ffe24ba2000 	C:\WINDOWS\System32\SHELL32.dll
0x00007ffe20850000 - 0x00007ffe210e2000 	C:\WINDOWS\SYSTEM32\windows.storage.dll
0x00007ffe25950000 - 0x00007ffe25a47000 	C:\WINDOWS\System32\SHCORE.dll
0x00007ffe23ca0000 - 0x00007ffe23d07000 	C:\WINDOWS\System32\shlwapi.dll
0x00007ffe22d00000 - 0x00007ffe22d29000 	C:\WINDOWS\SYSTEM32\profapi.dll
0x00007ffde3e20000 - 0x00007ffde3ef7000 	C:\Program Files\Eclipse Adoptium\jdk-21.0.11.10-hotspot\bin\jsvml.dll
0x00007ffe1b020000 - 0x00007ffe1b030000 	C:\Program Files\Eclipse Adoptium\jdk-21.0.11.10-hotspot\bin\net.dll
0x00007ffe1ce50000 - 0x00007ffe1cf77000 	C:\WINDOWS\SYSTEM32\WINHTTP.dll
0x00007ffe22070000 - 0x00007ffe220dc000 	C:\WINDOWS\system32\mswsock.dll
0x00007ffe064c0000 - 0x00007ffe064d6000 	C:\Program Files\Eclipse Adoptium\jdk-21.0.11.10-hotspot\bin\nio.dll
0x00007ffe061b0000 - 0x00007ffe061c8000 	C:\Program Files\Eclipse Adoptium\jdk-21.0.11.10-hotspot\bin\zip.dll
0x00007ffe12770000 - 0x00007ffe1277a000 	C:\Program Files\Eclipse Adoptium\jdk-21.0.11.10-hotspot\bin\management.dll
0x00007ffe11730000 - 0x00007ffe1173c000 	C:\Program Files\Eclipse Adoptium\jdk-21.0.11.10-hotspot\bin\management_ext.dll
0x00007ffe23a60000 - 0x00007ffe23a68000 	C:\WINDOWS\System32\PSAPI.DLL
0x00007ffe19500000 - 0x00007ffe1950e000 	C:\Program Files\Eclipse Adoptium\jdk-21.0.11.10-hotspot\bin\sunmscapi.dll
0x00007ffe22f60000 - 0x00007ffe230d8000 	C:\WINDOWS\System32\CRYPT32.dll
0x00007ffe225b0000 - 0x00007ffe225e0000 	C:\WINDOWS\SYSTEM32\ncrypt.dll
0x00007ffe22560000 - 0x00007ffe2259f000 	C:\WINDOWS\SYSTEM32\NTASN1.dll
0x00007ffe22370000 - 0x00007ffe2238b000 	C:\WINDOWS\SYSTEM32\CRYPTSP.dll
0x00007ffe21a20000 - 0x00007ffe21a59000 	C:\WINDOWS\system32\rsaenh.dll
0x00007ffe22130000 - 0x00007ffe22162000 	C:\WINDOWS\SYSTEM32\USERENV.dll
0x00007ffe22cd0000 - 0x00007ffe22cfa000 	C:\WINDOWS\SYSTEM32\bcrypt.dll
0x00007ffe22390000 - 0x00007ffe2239c000 	C:\WINDOWS\SYSTEM32\CRYPTBASE.dll
0x00007ffe21450000 - 0x00007ffe21483000 	C:\WINDOWS\SYSTEM32\IPHLPAPI.DLL
0x00007ffe23af0000 - 0x00007ffe23afa000 	C:\WINDOWS\System32\NSI.dll
0x00007ffe1a000000 - 0x00007ffe1a010000 	C:\Program Files\Eclipse Adoptium\jdk-21.0.11.10-hotspot\bin\verify.dll
0x00007ffe21490000 - 0x00007ffe215e6000 	C:\WINDOWS\SYSTEM32\DNSAPI.dll
0x00007ffe21e50000 - 0x00007ffe21e5d000 	C:\WINDOWS\SYSTEM32\DSPARSE.dll
0x00007ffe1b930000 - 0x00007ffe1b93b000 	C:\Windows\System32\rasadhlp.dll
0x00007ffe1d5b0000 - 0x00007ffe1d636000 	C:\WINDOWS\System32\fwpuclnt.dll
0x00007ffe0c0d0000 - 0x00007ffe0c0d9000 	C:\Program Files\Eclipse Adoptium\jdk-21.0.11.10-hotspot\bin\extnet.dll
0x00007ffde9a90000 - 0x00007ffde9a98000 	C:\WINDOWS\system32\wshunix.dll
0x00007ffe1bd30000 - 0x00007ffe1bd39000 	C:\Program Files\Eclipse Adoptium\jdk-21.0.11.10-hotspot\bin\attach.dll
0x00007ffe1bc30000 - 0x00007ffe1bc3f000 	C:\Program Files\Eclipse Adoptium\jdk-21.0.11.10-hotspot\bin\instrument.dll

JVMTI agents:
C:\Users\NyenT\.m2\repository\net\bytebuddy\byte-buddy-agent\1.14.13\byte-buddy-agent-1.14.13.jar path:C:\Program Files\Eclipse Adoptium\jdk-21.0.11.10-hotspot\bin\instrument.dll, loaded, initialized, dynamic instrumentlib options:none

dbghelp: loaded successfully - version: 4.0.5 - missing functions: none
symbol engine: initialized successfully - sym options: 0x614 - pdb path: .;C:\Program Files\Eclipse Adoptium\jdk-21.0.11.10-hotspot\bin;C:\WINDOWS\SYSTEM32;C:\WINDOWS\WinSxS\amd64_microsoft.windows.common-controls_6595b64144ccf1df_6.0.26100.8875_none_3e0d5d42e32fe9dd;C:\Program Files\Eclipse Adoptium\jdk-21.0.11.10-hotspot\bin\server

VM Arguments:
jvm_args: -Djdk.attach.allowAttachSelf=true -Xmx1024m 
java_command: C:\Users\NyenT\AppData\Local\Temp\surefire934312423205380060\surefirebooter-20260822212603779_3.jar C:\Users\NyenT\AppData\Local\Temp\surefire934312423205380060 2026-08-22T21-26-03_467-jvmRun1 surefire-20260822212603779_1tmp surefire_0-20260822212603779_2tmp
java_class_path (initial): C:\Users\NyenT\AppData\Local\Temp\surefire934312423205380060\surefirebooter-20260822212603779_3.jar
Launcher Type: SUN_STANDARD

[Global flags]
     intx CICompilerCount                          = 4                                         {product} {ergonomic}
     uint ConcGCThreads                            = 2                                         {product} {ergonomic}
     uint G1ConcRefinementThreads                  = 8                                         {product} {ergonomic}
   size_t G1HeapRegionSize                         = 1048576                                   {product} {ergonomic}
    uintx GCDrainStackTargetSize                   = 64                                        {product} {ergonomic}
   size_t InitialHeapSize                          = 96468992                                  {product} {ergonomic}
   size_t MarkStackSize                            = 4194304                                   {product} {ergonomic}
   size_t MaxHeapSize                              = 1073741824                                {product} {command line}
   size_t MaxNewSize                               = 643825664                                 {product} {ergonomic}
   size_t MinHeapDeltaBytes                        = 1048576                                   {product} {ergonomic}
   size_t MinHeapSize                              = 8388608                                   {product} {ergonomic}
    uintx NonNMethodCodeHeapSize                   = 5839372                                {pd product} {ergonomic}
    uintx NonProfiledCodeHeapSize                  = 122909434                              {pd product} {ergonomic}
    uintx ProfiledCodeHeapSize                     = 122909434                              {pd product} {ergonomic}
    uintx ReservedCodeCacheSize                    = 251658240                              {pd product} {ergonomic}
     bool SegmentedCodeCache                       = true                                      {product} {ergonomic}
   size_t SoftMaxHeapSize                          = 1073741824                             {manageable} {ergonomic}
     bool UseCompressedOops                        = true                           {product lp64_product} {ergonomic}
     bool UseG1GC                                  = true                                      {product} {ergonomic}
     bool UseLargePagesIndividualAllocation        = false                                  {pd product} {ergonomic}

Logging:
Log output configuration:
 #0: stdout all=warning uptime,level,tags foldmultilines=false
 #1: stderr all=off uptime,level,tags foldmultilines=false

Release file:
IMPLEMENTOR="Eclipse Adoptium" 
IMPLEMENTOR_VERSION="Temurin-21.0.11+10" 
JAVA_RUNTIME_VERSION="21.0.11+10-LTS" 
JAVA_VERSION="21.0.11" 
JAVA_VERSION_DATE="2026-04-21" 
LIBC="default" 
MODULES="java.base java.compiler java.datatransfer java.xml java.prefs java.desktop java.instrument java.logging java.management java.security.sasl java.naming java.rmi java.management.rmi java.net.http java.scripting java.security.jgss java.transaction.xa java.sql java.sql.rowset java.xml.crypto java.se java.smartcardio jdk.accessibility jdk.internal.jvmstat jdk.attach jdk.charsets jdk.internal.opt jdk.zipfs jdk.compiler jdk.crypto.ec jdk.crypto.cryptoki jdk.crypto.mscapi jdk.dynalink jdk.internal.ed jdk.editpad jdk.hotspot.agent jdk.httpserver jdk.incubator.vector jdk.internal.le jdk.internal.vm.ci jdk.internal.vm.compiler jdk.internal.vm.compiler.management jdk.jartool jdk.javadoc jdk.jcmd jdk.management jdk.management.agent jdk.jconsole jdk.jdeps jdk.jdwp.agent jdk.jdi jdk.jfr jdk.jlink jdk.jpackage jdk.jshell jdk.jsobject jdk.jstatd jdk.localedata jdk.management.jfr jdk.naming.dns jdk.naming.rmi jdk.net jdk.nio.mapmode jdk.random jdk.sctp jdk.security.auth jdk.security.jgss jdk.unsupported jdk.unsupported.desktop jdk.xml.dom" 
OS_ARCH="x86_64" 
OS_NAME="Windows" 
SOURCE=".:git:254494ad7d75" 
BUILD_SOURCE="git:a612825ee82a20ac872d60958c349854c1f29a8e"
BUILD_SOURCE_REPO="https://github.com/adoptium/temurin-build.git"
SOURCE_REPO="https://github.com/adoptium/jdk21u.git"
FULL_VERSION="21.0.11+10-LTS"
SEMANTIC_VERSION="21.0.11+10"
BUILD_INFO="OS: Windows Server 2022 Version: 10.0"
JVM_VARIANT="Hotspot"
JVM_VERSION="21.0.11+10-LTS"
IMAGE_TYPE="JDK"

Environment Variables:
JAVA_HOME=C:\Program Files\Eclipse Adoptium\jdk-21.0.11.10-hotspot\
PATH=C:\Program Files\Eclipse Adoptium\jdk-21.0.11.10-hotspot\bin;C:\Program Files\Eclipse Adoptium\jdk-17.0.19.10-hotspot\bin;C:\Program Files (x86)\VMware\VMware Workstation\bin\;C:\WINDOWS\system32;C:\WINDOWS;C:\WINDOWS\System32\Wbem;C:\WINDOWS\System32\WindowsPowerShell\v1.0\;C:\WINDOWS\System32\OpenSSH\;C:\Program Files\Cloudflare\Cloudflare WARP\;C:\Program Files\Git\cmd;C:\Program Files\MySQL\MySQL Server 8.0\bin;C:\Program Files\dotnet\;C:\Program Files\Microsoft SQL Server\110\Tools\Binn\;C:\Program Files\nodejs\;;D:\npm-global
USERNAME=Khaing Zin Phyo
OS=Windows_NT
PROCESSOR_IDENTIFIER=AMD64 Family 23 Model 160 Stepping 0, AuthenticAMD
TMP=C:\Users\NyenT\AppData\Local\Temp
TEMP=C:\Users\NyenT\AppData\Local\Temp




Periodic native trim disabled

---------------  S Y S T E M  ---------------

OS:
 Windows 11 , 64 bit Build 26100 (10.0.26100.8875)
OS uptime: 7 days 19:30 hours
Hyper-V role detected

CPU: total 8 (initial active 8) (8 cores per cpu, 2 threads per core) family 23 model 160 stepping 0 microcode 0x8a0000b, cx8, cmov, fxsr, ht, mmx, 3dnowpref, sse, sse2, sse3, ssse3, sse4a, sse4.1, sse4.2, popcnt, lzcnt, tsc, tscinvbit, avx, avx2, aes, clmul, bmi1, bmi2, adx, sha, fma, vzeroupper, clflush, clflushopt, hv, rdtscp, rdpid, f16c
Processor Information for the first 8 processors :
  Max Mhz: 2801, Current Mhz: 2801, Mhz Limit: 2801

Memory: 4k page, system-wide physical 5877M (359M free)
TotalPageFile size 24309M (AvailPageFile size 0M)
current process WorkingSet (physical memory assigned to process): 259M, peak: 371M
current process commit charge ("private bytes"): 402M, peak: 408M

vm_info: OpenJDK 64-Bit Server VM (21.0.11+10-LTS) for windows-amd64 JRE (21.0.11+10-LTS), built on 2026-04-21T00:00:00Z by "admin" with MS VC++ 17.12 (VS2022)

END.
