
  .   ____          _            __ _ _
 /\\ / ___'_ __ _ _(_)_ __  __ _ \ \ \ \
( ( )\___ | '_ | '_| | '_ \/ _` | \ \ \ \
 \\/  ___)| |_)| | | | | || (_| |  ) ) ) )
  '  |____| .__|_| |_|_| |_\__, | / / / /
 =========|_|==============|___/=/_/_/_/
 :: Spring Boot ::                (v3.2.5)

2026-08-26T06:55:43.526+06:30  INFO 24196 --- [           main] c.u.rmi.server.RmiServerApplication      : Starting RmiServerApplication v0.0.1-SNAPSHOT using Java 21.0.11 with PID 24196 (D:\UniConnect\UniConnectServer\uniconnect-rmi-server\target\uniconnect-rmi-server-0.0.1-SNAPSHOT.jar started by Khaing Zin Phyo in D:\UniConnect\UniConnectServer)
2026-08-26T06:55:43.531+06:30  INFO 24196 --- [           main] c.u.rmi.server.RmiServerApplication      : No active profile set, falling back to 1 default profile: "default"
2026-08-26T06:55:44.892+06:30  INFO 24196 --- [           main] .s.d.r.c.RepositoryConfigurationDelegate : Bootstrapping Spring Data JPA repositories in DEFAULT mode.
2026-08-26T06:55:45.122+06:30  INFO 24196 --- [           main] .s.d.r.c.RepositoryConfigurationDelegate : Finished Spring Data repository scanning in 211 ms. Found 27 JPA repository interfaces.
2026-08-26T06:55:46.192+06:30  INFO 24196 --- [           main] o.hibernate.jpa.internal.util.LogHelper  : HHH000204: Processing PersistenceUnitInfo [name: default]
2026-08-26T06:55:46.363+06:30  INFO 24196 --- [           main] org.hibernate.Version                    : HHH000412: Hibernate ORM core version 6.4.4.Final
2026-08-26T06:55:46.451+06:30  INFO 24196 --- [           main] o.h.c.internal.RegionFactoryInitiator    : HHH000026: Second-level cache disabled
2026-08-26T06:55:47.256+06:30  INFO 24196 --- [           main] o.s.o.j.p.SpringPersistenceUnitInfo      : No LoadTimeWeaver setup: ignoring JPA class transformer
2026-08-26T06:55:47.317+06:30  INFO 24196 --- [           main] com.zaxxer.hikari.HikariDataSource       : HikariPool-1 - Starting...
2026-08-26T06:55:47.344+06:30  INFO 24196 --- [           main] com.zaxxer.hikari.HikariDataSource       : HikariPool-1 - Start completed.
2026-08-26T06:55:50.091+06:30  WARN 24196 --- [           main] org.hibernate.orm.deprecation            : HHH90000025: PostgreSQLDialect does not need to be specified explicitly using 'hibernate.dialect' (remove the property setting and it will be selected by default)
2026-08-26T06:55:53.199+06:30  INFO 24196 --- [           main] o.h.e.t.j.p.i.JtaPlatformInitiator       : HHH000489: No JTA platform available (set 'hibernate.transaction.jta.platform' to enable JTA platform integration)
2026-08-26T06:55:53.209+06:30  INFO 24196 --- [           main] j.LocalContainerEntityManagerFactoryBean : Initialized JPA EntityManagerFactory for persistence unit 'default'
2026-08-26T06:55:54.015+06:30  INFO 24196 --- [           main] o.s.d.j.r.query.QueryEnhancerFactory     : Hibernate is in classpath; If applicable, HQL parser will be used.
2026-08-26T06:55:56.144+06:30  INFO 24196 --- [           main] com.unicconnect.rmi.server.RmiExporter   : [RMI] embedded registry created on port 1099
2026-08-26T06:55:56.158+06:30  INFO 24196 --- [           main] com.unicconnect.rmi.server.RmiExporter   : [RMI] bound UserService -> rmi://localhost:1099/UserService
2026-08-26T06:55:56.160+06:30  INFO 24196 --- [           main] com.unicconnect.rmi.server.RmiExporter   : [RMI] bound AttendanceService -> rmi://localhost:1099/AttendanceService
2026-08-26T06:55:56.163+06:30  INFO 24196 --- [           main] com.unicconnect.rmi.server.RmiExporter   : [RMI] bound TimetableService -> rmi://localhost:1099/TimetableService
2026-08-26T06:55:56.795+06:30  INFO 24196 --- [           main] c.u.rmi.server.RmiServerApplication      : Started RmiServerApplication in 14.541 seconds (process running for 15.667)
[RMI] UniConnect RMI Server is up - registry on port 1099
