[INFO] Scanning for projects...
[INFO] 
[INFO] ------------------< com.unicconnect:unicconnect-api >-------------------
[INFO] Building UniConnect API 0.0.1-SNAPSHOT
[INFO]   from pom.xml
[INFO] --------------------------------[ jar ]---------------------------------
[INFO] 
[INFO] >>> spring-boot:3.2.5:run (default-cli) > test-compile @ unicconnect-api >>>
[INFO] 
[INFO] --- resources:3.3.1:resources (default-resources) @ unicconnect-api ---
[INFO] Copying 2 resources from src\main\resources to target\classes
[INFO] Copying 0 resource from src\main\resources to target\classes
[INFO] 
[INFO] --- compiler:3.11.0:compile (default-compile) @ unicconnect-api ---
[INFO] Nothing to compile - all classes are up to date
[INFO] 
[INFO] --- resources:3.3.1:testResources (default-testResources) @ unicconnect-api ---
[INFO] skip non existing resourceDirectory D:\UniConnect\UniConnectServer\src\test\resources
[INFO] 
[INFO] --- compiler:3.11.0:testCompile (default-testCompile) @ unicconnect-api ---
[INFO] No sources to compile
[INFO] 
[INFO] <<< spring-boot:3.2.5:run (default-cli) < test-compile @ unicconnect-api <<<
[INFO] 
[INFO] 
[INFO] --- spring-boot:3.2.5:run (default-cli) @ unicconnect-api ---
[INFO] Attaching agents: []

  .   ____          _            __ _ _
 /\\ / ___'_ __ _ _(_)_ __  __ _ \ \ \ \
( ( )\___ | '_ | '_| | '_ \/ _` | \ \ \ \
 \\/  ___)| |_)| | | | | || (_| |  ) ) ) )
  '  |____| .__|_| |_|_| |_\__, | / / / /
 =========|_|==============|___/=/_/_/_/
 :: Spring Boot ::                (v3.2.5)

2026-08-15T22:17:18.099+06:30  INFO 21128 --- [           main] com.unicconnect.UniConnectApplication    : Starting UniConnectApplication using Java 21.0.11 with PID 21128 (D:\UniConnect\UniConnectServer\target\classes started by Khaing Zin Phyo in D:\UniConnect\UniConnectServer)
2026-08-15T22:17:18.102+06:30  INFO 21128 --- [           main] com.unicconnect.UniConnectApplication    : No active profile set, falling back to 1 default profile: "default"
2026-08-15T22:17:19.959+06:30  INFO 21128 --- [           main] .s.d.r.c.RepositoryConfigurationDelegate : Bootstrapping Spring Data JPA repositories in DEFAULT mode.
2026-08-15T22:17:20.186+06:30  INFO 21128 --- [           main] .s.d.r.c.RepositoryConfigurationDelegate : Finished Spring Data repository scanning in 206 ms. Found 23 JPA repository interfaces.
2026-08-15T22:17:21.275+06:30  INFO 21128 --- [           main] o.s.b.w.embedded.tomcat.TomcatWebServer  : Tomcat initialized with port 8080 (http)
2026-08-15T22:17:21.296+06:30  INFO 21128 --- [           main] o.apache.catalina.core.StandardService   : Starting service [Tomcat]
2026-08-15T22:17:21.296+06:30  INFO 21128 --- [           main] o.apache.catalina.core.StandardEngine    : Starting Servlet engine: [Apache Tomcat/10.1.20]
2026-08-15T22:17:21.402+06:30  INFO 21128 --- [           main] o.a.c.c.C.[Tomcat].[localhost].[/]       : Initializing Spring embedded WebApplicationContext
2026-08-15T22:17:21.402+06:30  INFO 21128 --- [           main] w.s.c.ServletWebServerApplicationContext : Root WebApplicationContext: initialization completed in 3201 ms
2026-08-15T22:17:21.733+06:30  INFO 21128 --- [           main] o.hibernate.jpa.internal.util.LogHelper  : HHH000204: Processing PersistenceUnitInfo [name: default]
2026-08-15T22:17:21.846+06:30  INFO 21128 --- [           main] org.hibernate.Version                    : HHH000412: Hibernate ORM core version 6.4.4.Final
2026-08-15T22:17:21.910+06:30  INFO 21128 --- [           main] o.h.c.internal.RegionFactoryInitiator    : HHH000026: Second-level cache disabled
2026-08-15T22:17:22.324+06:30  INFO 21128 --- [           main] o.s.o.j.p.SpringPersistenceUnitInfo      : No LoadTimeWeaver setup: ignoring JPA class transformer
2026-08-15T22:17:22.371+06:30  INFO 21128 --- [           main] com.zaxxer.hikari.HikariDataSource       : HikariPool-1 - Starting...
2026-08-15T22:17:26.558+06:30  INFO 21128 --- [           main] com.zaxxer.hikari.pool.HikariPool        : HikariPool-1 - Added connection org.postgresql.jdbc.PgConnection@16a09809
2026-08-15T22:17:26.558+06:30  INFO 21128 --- [           main] com.zaxxer.hikari.HikariDataSource       : HikariPool-1 - Start completed.
2026-08-15T22:17:30.105+06:30  INFO 21128 --- [           main] o.h.e.t.j.p.i.JtaPlatformInitiator       : HHH000489: No JTA platform available (set 'hibernate.transaction.jta.platform' to enable JTA platform integration)
2026-08-15T22:17:31.658+06:30  INFO 21128 --- [           main] j.LocalContainerEntityManagerFactoryBean : Initialized JPA EntityManagerFactory for persistence unit 'default'
2026-08-15T22:17:32.234+06:30  INFO 21128 --- [           main] o.s.d.j.r.query.QueryEnhancerFactory     : Hibernate is in classpath; If applicable, HQL parser will be used.
2026-08-15T22:17:34.067+06:30  INFO 21128 --- [           main] com.unicconnect.service.StorageService   : StorageService active mode: local
2026-08-15T22:17:34.956+06:30  INFO 21128 --- [           main] o.s.s.web.DefaultSecurityFilterChain     : Will secure any request with [org.springframework.security.web.session.DisableEncodeUrlFilter@730b8cfa, org.springframework.security.web.context.request.async.WebAsyncManagerIntegrationFilter@453ea7f6, org.springframework.security.web.context.SecurityContextHolderFilter@2676ac68, org.springframework.security.web.header.HeaderWriterFilter@344ae64b, org.springframework.web.filter.CorsFilter@48a26095, org.springframework.security.web.authentication.logout.LogoutFilter@7e3559b4, com.unicconnect.security.JwtAuthenticationFilter@65629ac6, org.springframework.security.web.savedrequest.RequestCacheAwareFilter@4c00efa, org.springframework.security.web.servletapi.SecurityContextHolderAwareRequestFilter@510e260d, org.springframework.security.web.authentication.AnonymousAuthenticationFilter@79ae4822, org.springframework.security.web.session.SessionManagementFilter@209fa1fc, org.springframework.security.web.access.ExceptionTranslationFilter@299f3c2, org.springframework.security.web.access.intercept.AuthorizationFilter@3df17e4b]
2026-08-15T22:17:35.345+06:30  INFO 21128 --- [           main] o.s.b.w.embedded.tomcat.TomcatWebServer  : Tomcat started on port 8080 (http) with context path ''
2026-08-15T22:17:35.350+06:30  INFO 21128 --- [           main] com.unicconnect.UniConnectApplication    : Started UniConnectApplication in 18.199 seconds (process running for 18.907)
2026-08-15T22:17:36.681+06:30  INFO 21128 --- [           main] com.unicconnect.config.DataInitializer   : Roles seeded successfully
2026-08-15T22:17:39.655+06:30  INFO 21128 --- [           main] com.unicconnect.config.DataInitializer   : Positions seeded successfully
2026-08-15T22:18:03.912+06:30  INFO 21128 --- [nio-8080-exec-1] o.a.c.c.C.[Tomcat].[localhost].[/]       : Initializing Spring DispatcherServlet 'dispatcherServlet'
2026-08-15T22:18:03.912+06:30  INFO 21128 --- [nio-8080-exec-1] o.s.web.servlet.DispatcherServlet        : Initializing Servlet 'dispatcherServlet'
2026-08-15T22:18:03.912+06:30  INFO 21128 --- [nio-8080-exec-1] o.s.web.servlet.DispatcherServlet        : Completed initialization in 0 ms
^C