[INFO] Scanning for projects...
[INFO] 
[INFO] ------------------< com.unicconnect:unicconnect-api >-------------------
[INFO] Building UniConnect API 0.0.1-SNAPSHOT
[INFO]   from pom.xml
[INFO] --------------------------------[ jar ]---------------------------------
[INFO] 
[INFO] >>> spring-boot:3.2.5:run (default-cli) > test-compile @ unicconnect-api >>>
[INFO] 
[INFO] --- resources:3.3.1:resources (default-resources) @ unicconnect-api ---
[INFO] Copying 2 resources from src\main\resources to target\classes
[INFO] Copying 0 resource from src\main\resources to target\classes
[INFO] 
[INFO] --- compiler:3.11.0:compile (default-compile) @ unicconnect-api ---
[INFO] Nothing to compile - all classes are up to date
[INFO] 
[INFO] --- resources:3.3.1:testResources (default-testResources) @ unicconnect-api ---
[INFO] skip non existing resourceDirectory D:\UniConnect\UniConnectServer\src\test\resources
[INFO] 
[INFO] --- compiler:3.11.0:testCompile (default-testCompile) @ unicconnect-api ---
[INFO] Nothing to compile - all classes are up to date
[INFO] 
[INFO] <<< spring-boot:3.2.5:run (default-cli) < test-compile @ unicconnect-api <<<
[INFO] 
[INFO] 
[INFO] --- spring-boot:3.2.5:run (default-cli) @ unicconnect-api ---
[INFO] Attaching agents: []

  .   ____          _            __ _ _
 /\\ / ___'_ __ _ _(_)_ __  __ _ \ \ \ \
( ( )\___ | '_ | '_| | '_ \/ _` | \ \ \ \
 \\/  ___)| |_)| | | | | || (_| |  ) ) ) )
  '  |____| .__|_| |_|_| |_\__, | / / / /
 =========|_|==============|___/=/_/_/_/
 :: Spring Boot ::                (v3.2.5)

2026-08-17T01:38:13.984+06:30  INFO 26088 --- [           main] com.unicconnect.UniConnectApplication    : Starting UniConnectApplication using Java 21.0.11 with PID 26088 (D:\UniConnect\UniConnectServer\target\classes started by Khaing Zin Phyo in D:\UniConnect\UniConnectServer)
2026-08-17T01:38:13.986+06:30  INFO 26088 --- [           main] com.unicconnect.UniConnectApplication    : No active profile set, falling back to 1 default profile: "default"
2026-08-17T01:38:15.121+06:30  INFO 26088 --- [           main] .s.d.r.c.RepositoryConfigurationDelegate : Bootstrapping Spring Data JPA repositories in DEFAULT mode.
2026-08-17T01:38:15.296+06:30  INFO 26088 --- [           main] .s.d.r.c.RepositoryConfigurationDelegate : Finished Spring Data repository scanning in 160 ms. Found 27 JPA repository interfaces.
2026-08-17T01:38:16.119+06:30  INFO 26088 --- [           main] o.s.b.w.embedded.tomcat.TomcatWebServer  : Tomcat initialized with port 8080 (http)
2026-08-17T01:38:16.150+06:30  INFO 26088 --- [           main] o.apache.catalina.core.StandardService   : Starting service [Tomcat]
2026-08-17T01:38:16.150+06:30  INFO 26088 --- [           main] o.apache.catalina.core.StandardEngine    : Starting Servlet engine: [Apache Tomcat/10.1.20]
2026-08-17T01:38:16.245+06:30  INFO 26088 --- [           main] o.a.c.c.C.[Tomcat].[localhost].[/]       : Initializing Spring embedded WebApplicationContext
2026-08-17T01:38:16.245+06:30  INFO 26088 --- [           main] w.s.c.ServletWebServerApplicationContext : Root WebApplicationContext: initialization completed in 2200 ms
2026-08-17T01:38:16.510+06:30  INFO 26088 --- [           main] o.hibernate.jpa.internal.util.LogHelper  : HHH000204: Processing PersistenceUnitInfo [name: default]
2026-08-17T01:38:16.608+06:30  INFO 26088 --- [           main] org.hibernate.Version                    : HHH000412: Hibernate ORM core version 6.4.4.Final
2026-08-17T01:38:16.657+06:30  INFO 26088 --- [           main] o.h.c.internal.RegionFactoryInitiator    : HHH000026: Second-level cache disabled
2026-08-17T01:38:16.989+06:30  INFO 26088 --- [           main] o.s.o.j.p.SpringPersistenceUnitInfo      : No LoadTimeWeaver setup: ignoring JPA class transformer
2026-08-17T01:38:17.036+06:30  INFO 26088 --- [           main] com.zaxxer.hikari.HikariDataSource       : HikariPool-1 - Starting...
2026-08-17T01:38:20.500+06:30  INFO 26088 --- [           main] com.zaxxer.hikari.pool.HikariPool        : HikariPool-1 - Added connection org.postgresql.jdbc.PgConnection@37986daf
2026-08-17T01:38:20.500+06:30  INFO 26088 --- [           main] com.zaxxer.hikari.HikariDataSource       : HikariPool-1 - Start completed.
2026-08-17T01:38:24.330+06:30  INFO 26088 --- [           main] o.h.e.t.j.p.i.JtaPlatformInitiator       : HHH000489: No JTA platform available (set 'hibernate.transaction.jta.platform' to enable JTA platform integration)
2026-08-17T01:38:26.338+06:30  INFO 26088 --- [           main] j.LocalContainerEntityManagerFactoryBean : Initialized JPA EntityManagerFactory for persistence unit 'default'
2026-08-17T01:38:26.999+06:30  INFO 26088 --- [           main] o.s.d.j.r.query.QueryEnhancerFactory     : Hibernate is in classpath; If applicable, HQL parser will be used.
2026-08-17T01:38:29.213+06:30  INFO 26088 --- [           main] com.unicconnect.service.StorageService   : StorageService active mode: local
2026-08-17T01:38:30.099+06:30  INFO 26088 --- [           main] o.s.s.web.DefaultSecurityFilterChain     : Will secure any request with [org.springframework.security.web.session.DisableEncodeUrlFilter@270d54ea, org.springframework.security.web.context.request.async.WebAsyncManagerIntegrationFilter@4c0ac628, org.springframework.security.web.context.SecurityContextHolderFilter@1b44c342, org.springframework.security.web.header.HeaderWriterFilter@5b99fc65, org.springframework.web.filter.CorsFilter@78363803, org.springframework.security.web.authentication.logout.LogoutFilter@620b0fad, com.unicconnect.security.JwtAuthenticationFilter@43f03c23, org.springframework.security.web.savedrequest.RequestCacheAwareFilter@4c6c2473, org.springframework.security.web.servletapi.SecurityContextHolderAwareRequestFilter@33d2d3e2, org.springframework.security.web.authentication.AnonymousAuthenticationFilter@3c9d5578, org.springframework.security.web.session.SessionManagementFilter@3770938d, org.springframework.security.web.access.ExceptionTranslationFilter@569fc8ac, org.springframework.security.web.access.intercept.AuthorizationFilter@3e7aa2c9]
2026-08-17T01:38:30.466+06:30  INFO 26088 --- [           main] o.s.b.w.embedded.tomcat.TomcatWebServer  : Tomcat started on port 8080 (http) with context path ''
2026-08-17T01:38:30.480+06:30  INFO 26088 --- [           main] com.unicconnect.UniConnectApplication    : Started UniConnectApplication in 17.073 seconds (process running for 17.729)
2026-08-17T01:38:31.805+06:30  INFO 26088 --- [           main] com.unicconnect.config.DataInitializer   : Roles seeded successfully
2026-08-17T01:38:35.184+06:30  INFO 26088 --- [           main] com.unicconnect.config.DataInitializer   : Positions seeded successfully
2026-08-17T01:38:43.642+06:30  INFO 26088 --- [nio-8080-exec-3] o.a.c.c.C.[Tomcat].[localhost].[/]       : Initializing Spring DispatcherServlet 'dispatcherServlet'
2026-08-17T01:38:43.644+06:30  INFO 26088 --- [nio-8080-exec-3] o.s.web.servlet.DispatcherServlet        : Initializing Servlet 'dispatcherServlet'
2026-08-17T01:38:43.644+06:30  INFO 26088 --- [nio-8080-exec-3] o.s.web.servlet.DispatcherServlet        : Completed initialization in 0 ms
