[INFO] Scanning for projects...
[INFO] 
[INFO] ------------------< com.unicconnect:unicconnect-api >-------------------
[INFO] Building UniConnect API 0.0.1-SNAPSHOT
[INFO]   from pom.xml
[INFO] --------------------------------[ jar ]---------------------------------
[INFO] 
[INFO] >>> spring-boot:3.2.5:run (default-cli) > test-compile @ unicconnect-api >>>
[INFO] 
[INFO] --- resources:3.3.1:resources (default-resources) @ unicconnect-api ---
[INFO] Copying 2 resources from src\main\resources to target\classes
[INFO] Copying 0 resource from src\main\resources to target\classes
[INFO] 
[INFO] --- compiler:3.11.0:compile (default-compile) @ unicconnect-api ---
[INFO] Nothing to compile - all classes are up to date
[INFO] 
[INFO] --- resources:3.3.1:testResources (default-testResources) @ unicconnect-api ---
[INFO] skip non existing resourceDirectory D:\UniConnect\UniConnectServer\src\test\resources
[INFO] 
[INFO] --- compiler:3.11.0:testCompile (default-testCompile) @ unicconnect-api ---
[INFO] Changes detected - recompiling the module! :source
[INFO] Compiling 1 source file with javac [debug release 17] to target\test-classes
[INFO] Annotation processing is enabled because one or more processors were found
  on the class path. A future release of javac may disable annotation processing
  unless at least one processor is specified by name (-processor), or a search
  path is specified (--processor-path, --processor-module-path), or annotation
  processing is enabled explicitly (-proc:only, -proc:full).
  Use -Xlint:-options to suppress this message.
  Use -proc:none to disable annotation processing.
[INFO] 
[INFO] <<< spring-boot:3.2.5:run (default-cli) < test-compile @ unicconnect-api <<<
[INFO] 
[INFO] 
[INFO] --- spring-boot:3.2.5:run (default-cli) @ unicconnect-api ---
[INFO] Attaching agents: []

  .   ____          _            __ _ _
 /\\ / ___'_ __ _ _(_)_ __  __ _ \ \ \ \
( ( )\___ | '_ | '_| | '_ \/ _` | \ \ \ \
 \\/  ___)| |_)| | | | | || (_| |  ) ) ) )
  '  |____| .__|_| |_|_| |_\__, | / / / /
 =========|_|==============|___/=/_/_/_/
 :: Spring Boot ::                (v3.2.5)

2026-08-15T22:21:08.027+06:30  INFO 9184 --- [           main] com.unicconnect.UniConnectApplication    : Starting UniConnectApplication using Java 21.0.11 with PID 9184 (D:\UniConnect\UniConnectServer\target\classes started by Khaing Zin Phyo in D:\UniConnect\UniConnectServer)
2026-08-15T22:21:08.029+06:30  INFO 9184 --- [           main] com.unicconnect.UniConnectApplication    : No active profile set, falling back to 1 default profile: "default"
2026-08-15T22:21:09.199+06:30  INFO 9184 --- [           main] .s.d.r.c.RepositoryConfigurationDelegate : Bootstrapping Spring Data JPA repositories in DEFAULT mode.
2026-08-15T22:21:09.373+06:30  INFO 9184 --- [           main] .s.d.r.c.RepositoryConfigurationDelegate : Finished Spring Data repository scanning in 152 ms. Found 23 JPA repository interfaces.
2026-08-15T22:21:10.319+06:30  INFO 9184 --- [           main] o.s.b.w.embedded.tomcat.TomcatWebServer  : Tomcat initialized with port 8080 (http)
2026-08-15T22:21:10.326+06:30  INFO 9184 --- [           main] o.apache.catalina.core.StandardService   : Starting service [Tomcat]
2026-08-15T22:21:10.326+06:30  INFO 9184 --- [           main] o.apache.catalina.core.StandardEngine    : Starting Servlet engine: [Apache Tomcat/10.1.20]
2026-08-15T22:21:10.422+06:30  INFO 9184 --- [           main] o.a.c.c.C.[Tomcat].[localhost].[/]       : Initializing Spring embedded WebApplicationContext
2026-08-15T22:21:10.422+06:30  INFO 9184 --- [           main] w.s.c.ServletWebServerApplicationContext : Root WebApplicationContext: initialization completed in 2343 ms
2026-08-15T22:21:10.679+06:30  INFO 9184 --- [           main] o.hibernate.jpa.internal.util.LogHelper  : HHH000204: Processing PersistenceUnitInfo [name: default]
2026-08-15T22:21:10.764+06:30  INFO 9184 --- [           main] org.hibernate.Version                    : HHH000412: Hibernate ORM core version 6.4.4.Final
2026-08-15T22:21:10.815+06:30  INFO 9184 --- [           main] o.h.c.internal.RegionFactoryInitiator    : HHH000026: Second-level cache disabled
2026-08-15T22:21:11.133+06:30  INFO 9184 --- [           main] o.s.o.j.p.SpringPersistenceUnitInfo      : No LoadTimeWeaver setup: ignoring JPA class transformer
2026-08-15T22:21:11.180+06:30  INFO 9184 --- [           main] com.zaxxer.hikari.HikariDataSource       : HikariPool-1 - Starting...
2026-08-15T22:21:14.762+06:30  INFO 9184 --- [           main] com.zaxxer.hikari.pool.HikariPool        : HikariPool-1 - Added connection org.postgresql.jdbc.PgConnection@1d3a03fe
2026-08-15T22:21:14.762+06:30  INFO 9184 --- [           main] com.zaxxer.hikari.HikariDataSource       : HikariPool-1 - Start completed.
2026-08-15T22:21:18.183+06:30  INFO 9184 --- [           main] o.h.e.t.j.p.i.JtaPlatformInitiator       : HHH000489: No JTA platform available (set 'hibernate.transaction.jta.platform' to enable JTA platform integration)
2026-08-15T22:21:20.014+06:30  INFO 9184 --- [           main] j.LocalContainerEntityManagerFactoryBean : Initialized JPA EntityManagerFactory for persistence unit 'default'
2026-08-15T22:21:20.427+06:30  INFO 9184 --- [           main] o.s.d.j.r.query.QueryEnhancerFactory     : Hibernate is in classpath; If applicable, HQL parser will be used.
2026-08-15T22:21:21.871+06:30  INFO 9184 --- [           main] com.unicconnect.service.StorageService   : StorageService active mode: local
2026-08-15T22:21:22.537+06:30  INFO 9184 --- [           main] o.s.s.web.DefaultSecurityFilterChain     : Will secure any request with [org.springframework.security.web.session.DisableEncodeUrlFilter@3da1191b, org.springframework.security.web.context.request.async.WebAsyncManagerIntegrationFilter@3645b9d5, org.springframework.security.web.context.SecurityContextHolderFilter@66e8fa2c, org.springframework.security.web.header.HeaderWriterFilter@48841b10, org.springframework.web.filter.CorsFilter@b280053, org.springframework.security.web.authentication.logout.LogoutFilter@1ff06f00, com.unicconnect.security.JwtAuthenticationFilter@61615b4a, org.springframework.security.web.savedrequest.RequestCacheAwareFilter@42d7be51, org.springframework.security.web.servletapi.SecurityContextHolderAwareRequestFilter@7cc880cf, org.springframework.security.web.authentication.AnonymousAuthenticationFilter@e2d12b8, org.springframework.security.web.session.SessionManagementFilter@510e260d, org.springframework.security.web.access.ExceptionTranslationFilter@5233b9e0, org.springframework.security.web.access.intercept.AuthorizationFilter@79ae4822]
2026-08-15T22:21:22.886+06:30  INFO 9184 --- [           main] o.s.b.w.embedded.tomcat.TomcatWebServer  : Tomcat started on port 8080 (http) with context path ''
2026-08-15T22:21:22.907+06:30  INFO 9184 --- [           main] com.unicconnect.UniConnectApplication    : Started UniConnectApplication in 15.339 seconds (process running for 15.794)
2026-08-15T22:21:25.061+06:30  INFO 9184 --- [           main] com.unicconnect.config.DataInitializer   : Roles seeded successfully
2026-08-15T22:21:28.615+06:30  INFO 9184 --- [           main] com.unicconnect.config.DataInitializer   : Positions seeded successfully
2026-08-15T22:21:36.718+06:30  INFO 9184 --- [nio-8080-exec-1] o.a.c.c.C.[Tomcat].[localhost].[/]       : Initializing Spring DispatcherServlet 'dispatcherServlet'
2026-08-15T22:21:36.718+06:30  INFO 9184 --- [nio-8080-exec-1] o.s.web.servlet.DispatcherServlet        : Initializing Servlet 'dispatcherServlet'
2026-08-15T22:21:36.718+06:30  INFO 9184 --- [nio-8080-exec-1] o.s.web.servlet.DispatcherServlet        : Completed initialization in 0 ms
^C