
  .   ____          _            __ _ _
 /\\ / ___'_ __ _ _(_)_ __  __ _ \ \ \ \
( ( )\___ | '_ | '_| | '_ \/ _` | \ \ \ \
 \\/  ___)| |_)| | | | | || (_| |  ) ) ) )
  '  |____| .__|_| |_|_| |_\__, | / / / /
 =========|_|==============|___/=/_/_/_/
 :: Spring Boot ::                (v3.2.5)

2026-08-13T11:37:33.288+06:30  INFO 1356 --- [           main] com.unicconnect.UniConnectApplication    : Starting UniConnectApplication v0.0.1-SNAPSHOT using Java 21.0.11 with PID 1356 (D:\UniConnect\UniConnectServer\target\unicconnect-api-0.0.1-SNAPSHOT.jar started by Khaing Zin Phyo in D:\UniConnect\UniConnectServer)
2026-08-13T11:37:33.292+06:30 DEBUG 1356 --- [           main] com.unicconnect.UniConnectApplication    : Running with Spring Boot v3.2.5, Spring v6.1.6
2026-08-13T11:37:33.295+06:30  INFO 1356 --- [           main] com.unicconnect.UniConnectApplication    : The following 1 profile is active: "dev"
2026-08-13T11:37:36.151+06:30  INFO 1356 --- [           main] .s.d.r.c.RepositoryConfigurationDelegate : Bootstrapping Spring Data JPA repositories in DEFAULT mode.
2026-08-13T11:37:36.353+06:30  INFO 1356 --- [           main] .s.d.r.c.RepositoryConfigurationDelegate : Finished Spring Data repository scanning in 177 ms. Found 23 JPA repository interfaces.
2026-08-13T11:37:37.648+06:30  INFO 1356 --- [           main] o.s.b.w.embedded.tomcat.TomcatWebServer  : Tomcat initialized with port 8080 (http)
2026-08-13T11:37:37.679+06:30  INFO 1356 --- [           main] o.apache.catalina.core.StandardService   : Starting service [Tomcat]
2026-08-13T11:37:37.679+06:30  INFO 1356 --- [           main] o.apache.catalina.core.StandardEngine    : Starting Servlet engine: [Apache Tomcat/10.1.20]
2026-08-13T11:37:37.753+06:30  INFO 1356 --- [           main] o.a.c.c.C.[Tomcat].[localhost].[/]       : Initializing Spring embedded WebApplicationContext
2026-08-13T11:37:37.753+06:30  INFO 1356 --- [           main] w.s.c.ServletWebServerApplicationContext : Root WebApplicationContext: initialization completed in 4307 ms
2026-08-13T11:37:37.880+06:30 DEBUG 1356 --- [           main] c.u.security.JwtAuthenticationFilter     : Filter 'jwtAuthenticationFilter' configured for use
2026-08-13T11:37:38.147+06:30  INFO 1356 --- [           main] o.hibernate.jpa.internal.util.LogHelper  : HHH000204: Processing PersistenceUnitInfo [name: default]
2026-08-13T11:37:38.353+06:30  INFO 1356 --- [           main] org.hibernate.Version                    : HHH000412: Hibernate ORM core version 6.4.4.Final
2026-08-13T11:37:38.447+06:30  INFO 1356 --- [           main] o.h.c.internal.RegionFactoryInitiator    : HHH000026: Second-level cache disabled
2026-08-13T11:37:39.020+06:30  INFO 1356 --- [           main] o.s.o.j.p.SpringPersistenceUnitInfo      : No LoadTimeWeaver setup: ignoring JPA class transformer
2026-08-13T11:37:39.084+06:30  INFO 1356 --- [           main] com.zaxxer.hikari.HikariDataSource       : HikariPool-1 - Starting...
2026-08-13T11:37:44.200+06:30  INFO 1356 --- [           main] com.zaxxer.hikari.pool.HikariPool        : HikariPool-1 - Added connection org.postgresql.jdbc.PgConnection@aee05f4
2026-08-13T11:37:44.210+06:30  INFO 1356 --- [           main] com.zaxxer.hikari.HikariDataSource       : HikariPool-1 - Start completed.
2026-08-13T11:37:48.230+06:30  INFO 1356 --- [           main] o.h.e.t.j.p.i.JtaPlatformInitiator       : HHH000489: No JTA platform available (set 'hibernate.transaction.jta.platform' to enable JTA platform integration)
2026-08-13T11:37:50.254+06:30  INFO 1356 --- [           main] j.LocalContainerEntityManagerFactoryBean : Initialized JPA EntityManagerFactory for persistence unit 'default'
2026-08-13T11:37:51.411+06:30  INFO 1356 --- [           main] o.s.d.j.r.query.QueryEnhancerFactory     : Hibernate is in classpath; If applicable, HQL parser will be used.
2026-08-13T11:37:54.408+06:30  INFO 1356 --- [           main] o.s.s.web.DefaultSecurityFilterChain     : Will secure any request with [org.springframework.security.web.session.DisableEncodeUrlFilter@62254d29, org.springframework.security.web.context.request.async.WebAsyncManagerIntegrationFilter@411550d0, org.springframework.security.web.context.SecurityContextHolderFilter@4bab64a2, org.springframework.security.web.header.HeaderWriterFilter@3da1191b, org.springframework.web.filter.CorsFilter@4a5bc21, org.springframework.security.web.authentication.logout.LogoutFilter@9ce4057, com.unicconnect.security.JwtAuthenticationFilter@5df7e31b, org.springframework.security.web.savedrequest.RequestCacheAwareFilter@495cae6c, org.springframework.security.web.servletapi.SecurityContextHolderAwareRequestFilter@5b57bd5b, org.springframework.security.web.authentication.AnonymousAuthenticationFilter@5dc9cb99, org.springframework.security.web.session.SessionManagementFilter@2ecc303c, org.springframework.security.web.access.ExceptionTranslationFilter@56ed77b1, org.springframework.security.web.access.intercept.AuthorizationFilter@30427a3f]
2026-08-13T11:37:55.070+06:30  INFO 1356 --- [           main] o.s.b.w.embedded.tomcat.TomcatWebServer  : Tomcat started on port 8080 (http) with context path ''
2026-08-13T11:37:55.092+06:30  INFO 1356 --- [           main] com.unicconnect.UniConnectApplication    : Started UniConnectApplication in 22.901 seconds (process running for 24.134)
2026-08-13T11:37:56.973+06:30  INFO 1356 --- [           main] com.unicconnect.config.DataInitializer   : Roles seeded successfully
2026-08-13T11:37:57.281+06:30  INFO 1356 --- [           main] c.unicconnect.config.DevDataInitializer  : === Dev profile active: seeding development data ===
2026-08-13T11:38:00.764+06:30  INFO 1356 --- [           main] c.unicconnect.config.DevDataInitializer  : Organizational units seeded
2026-08-13T11:38:01.769+06:30  INFO 1356 --- [           main] c.unicconnect.config.DevDataInitializer  : Semesters seeded (1-8)
2026-08-13T11:38:03.836+06:30  INFO 1356 --- [           main] c.unicconnect.config.DevDataInitializer  : Sections seeded (A, B, C)
2026-08-13T11:38:06.392+06:30  INFO 1356 --- [           main] c.unicconnect.config.DevDataInitializer  : Majors seeded (CS, CT, CST)
2026-08-13T11:38:06.808+06:30  INFO 1356 --- [           main] c.unicconnect.config.DevDataInitializer  : Active academic term already exists
2026-08-13T11:38:09.661+06:30  INFO 1356 --- [           main] c.unicconnect.config.DevDataInitializer  : Positions seeded
2026-08-13T11:38:09.958+06:30  INFO 1356 --- [           main] c.unicconnect.config.DevDataInitializer  : System admin already exists: nyiminyan0099@gmail.com
2026-08-13T11:38:22.680+06:30  INFO 1356 --- [           main] c.unicconnect.config.DevDataInitializer  : Staff seeded (13 total: 3 lecturers, 3 student affairs, 3 finance, 3 administration, 1 admin)
2026-08-13T11:38:34.240+06:30  INFO 1356 --- [           main] c.unicconnect.config.DevDataInitializer  : Students seeded: 0 total across semesters 2,4,6,8 x sections A,B,C x majors CS,CT,CST (20 each)
2026-08-13T11:38:34.240+06:30  INFO 1356 --- [           main] c.unicconnect.config.DevDataInitializer  : === Dev data seeding complete ===
