[INFO] Scanning for projects...
[INFO] 
[INFO] ------------------< com.unicconnect:unicconnect-api >-------------------
[INFO] Building UniConnect API 0.0.1-SNAPSHOT
[INFO]   from pom.xml
[INFO] --------------------------------[ jar ]---------------------------------
[INFO] 
[INFO] >>> spring-boot:3.2.5:run (default-cli) > test-compile @ unicconnect-api >>>
[INFO] 
[INFO] --- resources:3.3.1:resources (default-resources) @ unicconnect-api ---
[INFO] Copying 2 resources from src\main\resources to target\classes
[INFO] Copying 0 resource from src\main\resources to target\classes
[INFO] 
[INFO] --- compiler:3.11.0:compile (default-compile) @ unicconnect-api ---
[INFO] Nothing to compile - all classes are up to date
[INFO] 
[INFO] --- resources:3.3.1:testResources (default-testResources) @ unicconnect-api ---
[INFO] skip non existing resourceDirectory D:\UniConnect\UniConnectServer\src\test\resources
[INFO] 
[INFO] --- compiler:3.11.0:testCompile (default-testCompile) @ unicconnect-api ---
[INFO] Nothing to compile - all classes are up to date
[INFO] 
[INFO] <<< spring-boot:3.2.5:run (default-cli) < test-compile @ unicconnect-api <<<
[INFO] 
[INFO] 
[INFO] --- spring-boot:3.2.5:run (default-cli) @ unicconnect-api ---
[INFO] Attaching agents: []

  .   ____          _            __ _ _
 /\\ / ___'_ __ _ _(_)_ __  __ _ \ \ \ \
( ( )\___ | '_ | '_| | '_ \/ _` | \ \ \ \
 \\/  ___)| |_)| | | | | || (_| |  ) ) ) )
  '  |____| .__|_| |_|_| |_\__, | / / / /
 =========|_|==============|___/=/_/_/_/
 :: Spring Boot ::                (v3.2.5)

2026-08-17T21:03:51.949+06:30  INFO 17448 --- [           main] com.unicconnect.UniConnectApplication    : Starting UniConnectApplication using Java 21.0.11 with PID 17448 (D:\UniConnect\UniConnectServer\target\classes started by Khaing Zin Phyo in D:\UniConnect\UniConnectServer)
2026-08-17T21:03:51.952+06:30  INFO 17448 --- [           main] com.unicconnect.UniConnectApplication    : No active profile set, falling back to 1 default profile: "default"
2026-08-17T21:03:53.182+06:30  INFO 17448 --- [           main] .s.d.r.c.RepositoryConfigurationDelegate : Bootstrapping Spring Data JPA repositories in DEFAULT mode.
2026-08-17T21:03:53.407+06:30  INFO 17448 --- [           main] .s.d.r.c.RepositoryConfigurationDelegate : Finished Spring Data repository scanning in 206 ms. Found 27 JPA repository interfaces.
2026-08-17T21:03:54.314+06:30  INFO 17448 --- [           main] o.s.b.w.embedded.tomcat.TomcatWebServer  : Tomcat initialized with port 8080 (http)
2026-08-17T21:03:54.332+06:30  INFO 17448 --- [           main] o.apache.catalina.core.StandardService   : Starting service [Tomcat]
2026-08-17T21:03:54.333+06:30  INFO 17448 --- [           main] o.apache.catalina.core.StandardEngine    : Starting Servlet engine: [Apache Tomcat/10.1.20]
2026-08-17T21:03:54.423+06:30  INFO 17448 --- [           main] o.a.c.c.C.[Tomcat].[localhost].[/]       : Initializing Spring embedded WebApplicationContext
2026-08-17T21:03:54.424+06:30  INFO 17448 --- [           main] w.s.c.ServletWebServerApplicationContext : Root WebApplicationContext: initialization completed in 2392 ms
2026-08-17T21:03:54.677+06:30  INFO 17448 --- [           main] o.hibernate.jpa.internal.util.LogHelper  : HHH000204: Processing PersistenceUnitInfo [name: default]
2026-08-17T21:03:54.774+06:30  INFO 17448 --- [           main] org.hibernate.Version                    : HHH000412: Hibernate ORM core version 6.4.4.Final
2026-08-17T21:03:54.826+06:30  INFO 17448 --- [           main] o.h.c.internal.RegionFactoryInitiator    : HHH000026: Second-level cache disabled
2026-08-17T21:03:55.172+06:30  INFO 17448 --- [           main] o.s.o.j.p.SpringPersistenceUnitInfo      : No LoadTimeWeaver setup: ignoring JPA class transformer
2026-08-17T21:03:55.211+06:30  INFO 17448 --- [           main] com.zaxxer.hikari.HikariDataSource       : HikariPool-1 - Starting...
2026-08-17T21:04:00.328+06:30  INFO 17448 --- [           main] com.zaxxer.hikari.pool.HikariPool        : HikariPool-1 - Added connection org.postgresql.jdbc.PgConnection@727453a3
2026-08-17T21:04:00.330+06:30  INFO 17448 --- [           main] com.zaxxer.hikari.HikariDataSource       : HikariPool-1 - Start completed.
2026-08-17T21:04:03.317+06:30  INFO 17448 --- [           main] o.h.e.t.j.p.i.JtaPlatformInitiator       : HHH000489: No JTA platform available (set 'hibernate.transaction.jta.platform' to enable JTA platform integration)
2026-08-17T21:04:06.328+06:30  INFO 17448 --- [           main] j.LocalContainerEntityManagerFactoryBean : Initialized JPA EntityManagerFactory for persistence unit 'default'
2026-08-17T21:04:06.759+06:30  INFO 17448 --- [           main] o.s.d.j.r.query.QueryEnhancerFactory     : Hibernate is in classpath; If applicable, HQL parser will be used.
2026-08-17T21:04:08.424+06:30  INFO 17448 --- [           main] com.unicconnect.service.StorageService   : StorageService active mode: local
2026-08-17T21:04:09.178+06:30  INFO 17448 --- [           main] o.s.s.web.DefaultSecurityFilterChain     : Will secure any request with [org.springframework.security.web.session.DisableEncodeUrlFilter@7ef32321, org.springframework.security.web.context.request.async.WebAsyncManagerIntegrationFilter@3e7aa2c9, org.springframework.security.web.context.SecurityContextHolderFilter@534a5e70, org.springframework.security.web.header.HeaderWriterFilter@5e0a1954, org.springframework.web.filter.CorsFilter@2232c745, org.springframework.security.web.authentication.logout.LogoutFilter@641c872d, com.unicconnect.security.JwtAuthenticationFilter@3d8d17a3, org.springframework.security.web.savedrequest.RequestCacheAwareFilter@d7d2dd9, org.springframework.security.web.servletapi.SecurityContextHolderAwareRequestFilter@1a7ca7a3, org.springframework.security.web.authentication.AnonymousAuthenticationFilter@40009de0, org.springframework.security.web.session.SessionManagementFilter@5756611d, org.springframework.security.web.access.ExceptionTranslationFilter@d1ccec8, org.springframework.security.web.access.intercept.AuthorizationFilter@72364ff1]
2026-08-17T21:04:09.508+06:30  INFO 17448 --- [           main] o.s.b.w.embedded.tomcat.TomcatWebServer  : Tomcat started on port 8080 (http) with context path ''
2026-08-17T21:04:09.520+06:30  INFO 17448 --- [           main] com.unicconnect.UniConnectApplication    : Started UniConnectApplication in 18.232 seconds (process running for 18.882)
2026-08-17T21:04:11.260+06:30  INFO 17448 --- [           main] com.unicconnect.config.DataInitializer   : Roles seeded successfully
2026-08-17T21:04:15.358+06:30  INFO 17448 --- [           main] com.unicconnect.config.DataInitializer   : Positions seeded successfully
[INFO] ------------------------------------------------------------------------
[INFO] BUILD FAILURE
[INFO] ------------------------------------------------------------------------
[INFO] Total time:  16:03 min
[INFO] Finished at: 2026-08-17T21:19:50+06:30
[INFO] ------------------------------------------------------------------------
[ERROR] Failed to execute goal org.springframework.boot:spring-boot-maven-plugin:3.2.5:run (default-cli) on project unicconnect-api: Process terminated with exit code: -1 -> [Help 1]
[ERROR] 
[ERROR] To see the full stack trace of the errors, re-run Maven with the -e switch.
[ERROR] Re-run Maven using the -X switch to enable full debug logging.
[ERROR] 
[ERROR] For more information about the errors and possible solutions, please read the following articles:
[ERROR] [Help 1] http://cwiki.apache.org/confluence/display/MAVEN/MojoExecutionException
